Archive member included to satisfy reference by file (symbol)

c:/st/stm32cubeide_1.7.0/stm32cubeide/plugins/com.st.stm32cube.ide.mcu.externaltools.gnu-tools-for-stm32.9-2020-q2-update.win32_2.0.0.202105311346/tools/bin/../lib/gcc/arm-none-eabi/9.3.1/../../../../arm-none-eabi/lib/thumb/v7e-m+fp/hard\libc_nano.a(lib_a-errno.o)
                              ./Core/Src/syscalls.o (__errno)
c:/st/stm32cubeide_1.7.0/stm32cubeide/plugins/com.st.stm32cube.ide.mcu.externaltools.gnu-tools-for-stm32.9-2020-q2-update.win32_2.0.0.202105311346/tools/bin/../lib/gcc/arm-none-eabi/9.3.1/../../../../arm-none-eabi/lib/thumb/v7e-m+fp/hard\libc_nano.a(lib_a-exit.o)
                              c:/st/stm32cubeide_1.7.0/stm32cubeide/plugins/com.st.stm32cube.ide.mcu.externaltools.gnu-tools-for-stm32.9-2020-q2-update.win32_2.0.0.202105311346/tools/bin/../lib/gcc/arm-none-eabi/9.3.1/../../../../arm-none-eabi/lib/thumb/v7e-m+fp/hard/crt0.o (exit)
c:/st/stm32cubeide_1.7.0/stm32cubeide/plugins/com.st.stm32cube.ide.mcu.externaltools.gnu-tools-for-stm32.9-2020-q2-update.win32_2.0.0.202105311346/tools/bin/../lib/gcc/arm-none-eabi/9.3.1/../../../../arm-none-eabi/lib/thumb/v7e-m+fp/hard\libc_nano.a(lib_a-impure.o)
                              c:/st/stm32cubeide_1.7.0/stm32cubeide/plugins/com.st.stm32cube.ide.mcu.externaltools.gnu-tools-for-stm32.9-2020-q2-update.win32_2.0.0.202105311346/tools/bin/../lib/gcc/arm-none-eabi/9.3.1/../../../../arm-none-eabi/lib/thumb/v7e-m+fp/hard\libc_nano.a(lib_a-exit.o) (_global_impure_ptr)
c:/st/stm32cubeide_1.7.0/stm32cubeide/plugins/com.st.stm32cube.ide.mcu.externaltools.gnu-tools-for-stm32.9-2020-q2-update.win32_2.0.0.202105311346/tools/bin/../lib/gcc/arm-none-eabi/9.3.1/../../../../arm-none-eabi/lib/thumb/v7e-m+fp/hard\libc_nano.a(lib_a-init.o)
                              c:/st/stm32cubeide_1.7.0/stm32cubeide/plugins/com.st.stm32cube.ide.mcu.externaltools.gnu-tools-for-stm32.9-2020-q2-update.win32_2.0.0.202105311346/tools/bin/../lib/gcc/arm-none-eabi/9.3.1/../../../../arm-none-eabi/lib/thumb/v7e-m+fp/hard/crt0.o (__libc_init_array)
c:/st/stm32cubeide_1.7.0/stm32cubeide/plugins/com.st.stm32cube.ide.mcu.externaltools.gnu-tools-for-stm32.9-2020-q2-update.win32_2.0.0.202105311346/tools/bin/../lib/gcc/arm-none-eabi/9.3.1/../../../../arm-none-eabi/lib/thumb/v7e-m+fp/hard\libc_nano.a(lib_a-memset.o)
                              c:/st/stm32cubeide_1.7.0/stm32cubeide/plugins/com.st.stm32cube.ide.mcu.externaltools.gnu-tools-for-stm32.9-2020-q2-update.win32_2.0.0.202105311346/tools/bin/../lib/gcc/arm-none-eabi/9.3.1/../../../../arm-none-eabi/lib/thumb/v7e-m+fp/hard/crt0.o (memset)
c:/st/stm32cubeide_1.7.0/stm32cubeide/plugins/com.st.stm32cube.ide.mcu.externaltools.gnu-tools-for-stm32.9-2020-q2-update.win32_2.0.0.202105311346/tools/bin/../lib/gcc/arm-none-eabi/9.3.1/../../../../arm-none-eabi/lib/thumb/v7e-m+fp/hard\libc_nano.a(lib_a-strlen.o)
                              ./Core/Src/flash.o (strlen)
c:/st/stm32cubeide_1.7.0/stm32cubeide/plugins/com.st.stm32cube.ide.mcu.externaltools.gnu-tools-for-stm32.9-2020-q2-update.win32_2.0.0.202105311346/tools/bin/../lib/gcc/arm-none-eabi/9.3.1/thumb/v7e-m+fp/hard\libgcc.a(_arm_muldf3.o)
                              ./Core/Src/sensorReadings.o (__aeabi_dmul)
c:/st/stm32cubeide_1.7.0/stm32cubeide/plugins/com.st.stm32cube.ide.mcu.externaltools.gnu-tools-for-stm32.9-2020-q2-update.win32_2.0.0.202105311346/tools/bin/../lib/gcc/arm-none-eabi/9.3.1/thumb/v7e-m+fp/hard\libgcc.a(_arm_addsubdf3.o)
                              ./Core/Src/sensorReadings.o (__aeabi_i2d)
c:/st/stm32cubeide_1.7.0/stm32cubeide/plugins/com.st.stm32cube.ide.mcu.externaltools.gnu-tools-for-stm32.9-2020-q2-update.win32_2.0.0.202105311346/tools/bin/../lib/gcc/arm-none-eabi/9.3.1/thumb/v7e-m+fp/hard\libgcc.a(_arm_truncdfsf2.o)
                              ./Core/Src/sensorReadings.o (__aeabi_d2f)
c:/st/stm32cubeide_1.7.0/stm32cubeide/plugins/com.st.stm32cube.ide.mcu.externaltools.gnu-tools-for-stm32.9-2020-q2-update.win32_2.0.0.202105311346/tools/bin/../lib/gcc/arm-none-eabi/9.3.1/thumb/v7e-m+fp/hard\libgcc.a(_aeabi_uldivmod.o)
                              ./Drivers/STM32F4xx_HAL_Driver/Src/stm32f4xx_hal_rcc.o (__aeabi_uldivmod)
c:/st/stm32cubeide_1.7.0/stm32cubeide/plugins/com.st.stm32cube.ide.mcu.externaltools.gnu-tools-for-stm32.9-2020-q2-update.win32_2.0.0.202105311346/tools/bin/../lib/gcc/arm-none-eabi/9.3.1/thumb/v7e-m+fp/hard\libgcc.a(_udivmoddi4.o)
                              c:/st/stm32cubeide_1.7.0/stm32cubeide/plugins/com.st.stm32cube.ide.mcu.externaltools.gnu-tools-for-stm32.9-2020-q2-update.win32_2.0.0.202105311346/tools/bin/../lib/gcc/arm-none-eabi/9.3.1/thumb/v7e-m+fp/hard\libgcc.a(_aeabi_uldivmod.o) (__udivmoddi4)
c:/st/stm32cubeide_1.7.0/stm32cubeide/plugins/com.st.stm32cube.ide.mcu.externaltools.gnu-tools-for-stm32.9-2020-q2-update.win32_2.0.0.202105311346/tools/bin/../lib/gcc/arm-none-eabi/9.3.1/thumb/v7e-m+fp/hard\libgcc.a(_dvmd_tls.o)
[...]
Memory Configuration

Name             Origin             Length             Attributes
RAM              0x0000000020000000 0x0000000000020000 xrw
FLASH            0x0000000008000000 0x0000000000080000 xr
*default*        0x0000000000000000 0xffffffffffffffff

Linker script and memory map

LOAD c:/st/stm32cubeide_1.7.0/stm32cubeide/plugins/com.st.stm32cube.ide.mcu.externaltools.gnu-tools-for-stm32.9-2020-q2-update.win32_2.0.0.202105311346/tools/bin/../lib/gcc/arm-none-eabi/9.3.1/thumb/v7e-m+fp/hard/crti.o
LOAD c:/st/stm32cubeide_1.7.0/stm32cubeide/plugins/com.st.stm32cube.ide.mcu.externaltools.gnu-tools-for-stm32.9-2020-q2-update.win32_2.0.0.202105311346/tools/bin/../lib/gcc/arm-none-eabi/9.3.1/thumb/v7e-m+fp/hard/crtbegin.o
LOAD c:/st/stm32cubeide_1.7.0/stm32cubeide/plugins/com.st.stm32cube.ide.mcu.externaltools.gnu-tools-for-stm32.9-2020-q2-update.win32_2.0.0.202105311346/tools/bin/../lib/gcc/arm-none-eabi/9.3.1/../../../../arm-none-eabi/lib/thumb/v7e-m+fp/hard/crt0.o
LOAD ./Core/Src/comms.o
LOAD ./Core/Src/configuration.o
LOAD ./Core/Src/flash.o
LOAD ./Core/Src/main.o
LOAD ./Core/Src/payload.o
LOAD ./Core/Src/sensorReadings.o
LOAD ./Core/Src/stm32f4xx_hal_msp.o
LOAD ./Core/Src/stm32f4xx_it.o
LOAD ./Core/Src/syscalls.o
LOAD ./Core/Src/sysmem.o
LOAD ./Core/Src/system_stm32f4xx.o
LOAD ./Core/Startup/startup_stm32f411ceux.o
LOAD ./Drivers/STM32F4xx_HAL_Driver/Src/stm32f4xx_hal.o
LOAD ./Drivers/STM32F4xx_HAL_Driver/Src/stm32f4xx_hal_adc.o
LOAD ./Drivers/STM32F4xx_HAL_Driver/Src/stm32f4xx_hal_adc_ex.o
LOAD ./Drivers/STM32F4xx_HAL_Driver/Src/stm32f4xx_hal_cortex.o
LOAD ./Drivers/STM32F4xx_HAL_Driver/Src/stm32f4xx_hal_dma.o
LOAD ./Drivers/STM32F4xx_HAL_Driver/Src/stm32f4xx_hal_dma_ex.o
LOAD ./Drivers/STM32F4xx_HAL_Driver/Src/stm32f4xx_hal_exti.o
LOAD ./Drivers/STM32F4xx_HAL_Driver/Src/stm32f4xx_hal_flash.o
LOAD ./Drivers/STM32F4xx_HAL_Driver/Src/stm32f4xx_hal_flash_ex.o
LOAD ./Drivers/STM32F4xx_HAL_Driver/Src/stm32f4xx_hal_flash_ramfunc.o
LOAD ./Drivers/STM32F4xx_HAL_Driver/Src/stm32f4xx_hal_gpio.o
LOAD ./Drivers/STM32F4xx_HAL_Driver/Src/stm32f4xx_hal_hcd.o
LOAD ./Drivers/STM32F4xx_HAL_Driver/Src/stm32f4xx_hal_i2c.o
LOAD ./Drivers/STM32F4xx_HAL_Driver/Src/stm32f4xx_hal_i2c_ex.o
LOAD ./Drivers/STM32F4xx_HAL_Driver/Src/stm32f4xx_hal_pwr.o
LOAD ./Drivers/STM32F4xx_HAL_Driver/Src/stm32f4xx_hal_pwr_ex.o
LOAD ./Drivers/STM32F4xx_HAL_Driver/Src/stm32f4xx_hal_rcc.o
LOAD ./Drivers/STM32F4xx_HAL_Driver/Src/stm32f4xx_hal_rcc_ex.o
LOAD ./Drivers/STM32F4xx_HAL_Driver/Src/stm32f4xx_hal_spi.o
LOAD ./Drivers/STM32F4xx_HAL_Driver/Src/stm32f4xx_hal_tim.o
LOAD ./Drivers/STM32F4xx_HAL_Driver/Src/stm32f4xx_hal_tim_ex.o
LOAD ./Drivers/STM32F4xx_HAL_Driver/Src/stm32f4xx_hal_uart.o
LOAD ./Drivers/STM32F4xx_HAL_Driver/Src/stm32f4xx_ll_adc.o
LOAD ./Drivers/STM32F4xx_HAL_Driver/Src/stm32f4xx_ll_usb.o
START GROUP
LOAD c:/st/stm32cubeide_1.7.0/stm32cubeide/plugins/com.st.stm32cube.ide.mcu.externaltools.gnu-tools-for-stm32.9-2020-q2-update.win32_2.0.0.202105311346/tools/bin/../lib/gcc/arm-none-eabi/9.3.1/../../../../arm-none-eabi/lib/thumb/v7e-m+fp/hard\libstdc++_nano.a
LOAD c:/st/stm32cubeide_1.7.0/stm32cubeide/plugins/com.st.stm32cube.ide.mcu.externaltools.gnu-tools-for-stm32.9-2020-q2-update.win32_2.0.0.202105311346/tools/bin/../lib/gcc/arm-none-eabi/9.3.1/../../../../arm-none-eabi/lib/thumb/v7e-m+fp/hard\libsupc++_nano.a
END GROUP
LOAD c:/st/stm32cubeide_1.7.0/stm32cubeide/plugins/com.st.stm32cube.ide.mcu.externaltools.gnu-tools-for-stm32.9-2020-q2-update.win32_2.0.0.202105311346/tools/bin/../lib/gcc/arm-none-eabi/9.3.1/../../../../arm-none-eabi/lib/thumb/v7e-m+fp/hard\libstdc++_nano.a
LOAD c:/st/stm32cubeide_1.7.0/stm32cubeide/plugins/com.st.stm32cube.ide.mcu.externaltools.gnu-tools-for-stm32.9-2020-q2-update.win32_2.0.0.202105311346/tools/bin/../lib/gcc/arm-none-eabi/9.3.1/../../../../arm-none-eabi/lib/thumb/v7e-m+fp/hard\libm.a
LOAD c:/st/stm32cubeide_1.7.0/stm32cubeide/plugins/com.st.stm32cube.ide.mcu.externaltools.gnu-tools-for-stm32.9-2020-q2-update.win32_2.0.0.202105311346/tools/bin/../lib/gcc/arm-none-eabi/9.3.1/../../../../arm-none-eabi/lib/thumb/v7e-m+fp/hard\libc_nano.a
START GROUP
LOAD c:/st/stm32cubeide_1.7.0/stm32cubeide/plugins/com.st.stm32cube.ide.mcu.externaltools.gnu-tools-for-stm32.9-2020-q2-update.win32_2.0.0.202105311346/tools/bin/../lib/gcc/arm-none-eabi/9.3.1/thumb/v7e-m+fp/hard\libgcc.a
LOAD c:/st/stm32cubeide_1.7.0/stm32cubeide/plugins/com.st.stm32cube.ide.mcu.externaltools.gnu-tools-for-stm32.9-2020-q2-update.win32_2.0.0.202105311346/tools/bin/../lib/gcc/arm-none-eabi/9.3.1/../../../../arm-none-eabi/lib/thumb/v7e-m+fp/hard\libc_nano.a
END GROUP
START GROUP
LOAD c:/st/stm32cubeide_1.7.0/stm32cubeide/plugins/com.st.stm32cube.ide.mcu.externaltools.gnu-tools-for-stm32.9-2020-q2-update.win32_2.0.0.202105311346/tools/bin/../lib/gcc/arm-none-eabi/9.3.1/thumb/v7e-m+fp/hard\libgcc.a
LOAD c:/st/stm32cubeide_1.7.0/stm32cubeide/plugins/com.st.stm32cube.ide.mcu.externaltools.gnu-tools-for-stm32.9-2020-q2-update.win32_2.0.0.202105311346/tools/bin/../lib/gcc/arm-none-eabi/9.3.1/../../../../arm-none-eabi/lib/thumb/v7e-m+fp/hard\libc_nano.a
LOAD c:/st/stm32cubeide_1.7.0/stm32cubeide/plugins/com.st.stm32cube.ide.mcu.externaltools.gnu-tools-for-stm32.9-2020-q2-update.win32_2.0.0.202105311346/tools/bin/../lib/gcc/arm-none-eabi/9.3.1/../../../../arm-none-eabi/lib/thumb/v7e-m+fp/hard\libnosys.a
END GROUP
START GROUP
LOAD c:/st/stm32cubeide_1.7.0/stm32cubeide/plugins/com.st.stm32cube.ide.mcu.externaltools.gnu-tools-for-stm32.9-2020-q2-update.win32_2.0.0.202105311346/tools/bin/../lib/gcc/arm-none-eabi/9.3.1/thumb/v7e-m+fp/hard\libgcc.a
LOAD c:/st/stm32cubeide_1.7.0/stm32cubeide/plugins/com.st.stm32cube.ide.mcu.externaltools.gnu-tools-for-stm32.9-2020-q2-update.win32_2.0.0.202105311346/tools/bin/../lib/gcc/arm-none-eabi/9.3.1/../../../../arm-none-eabi/lib/thumb/v7e-m+fp/hard\libc_nano.a
LOAD c:/st/stm32cubeide_1.7.0/stm32cubeide/plugins/com.st.stm32cube.ide.mcu.externaltools.gnu-tools-for-stm32.9-2020-q2-update.win32_2.0.0.202105311346/tools/bin/../lib/gcc/arm-none-eabi/9.3.1/../../../../arm-none-eabi/lib/thumb/v7e-m+fp/hard\libnosys.a
END GROUP
LOAD c:/st/stm32cubeide_1.7.0/stm32cubeide/plugins/com.st.stm32cube.ide.mcu.externaltools.gnu-tools-for-stm32.9-2020-q2-update.win32_2.0.0.202105311346/tools/bin/../lib/gcc/arm-none-eabi/9.3.1/thumb/v7e-m+fp/hard/crtend.o
LOAD c:/st/stm32cubeide_1.7.0/stm32cubeide/plugins/com.st.stm32cube.ide.mcu.externaltools.gnu-tools-for-stm32.9-2020-q2-update.win32_2.0.0.202105311346/tools/bin/../lib/gcc/arm-none-eabi/9.3.1/thumb/v7e-m+fp/hard/crtn.o
                0x0000000020020000                _estack = (ORIGIN (RAM) + LENGTH (RAM))
                0x0000000000000200                _Min_Heap_Size = 0x200
                0x0000000000000400                _Min_Stack_Size = 0x400

.isr_vector     0x0000000008000000      0x198
                0x0000000008000000                . = ALIGN (0x4)
 *(.isr_vector)
 .isr_vector    0x0000000008000000      0x198 ./Core/Startup/startup_stm32f411ceux.o
                0x0000000008000000                g_pfnVectors
                0x0000000008000198                . = ALIGN (0x4)

.text           0x0000000008000198     0x4ff4
                0x0000000008000198                . = ALIGN (0x4)
 *(.text)
 .text          0x0000000008000198       0x40 c:/st/stm32cubeide_1.7.0/stm32cubeide/plugins/com.st.stm32cube.ide.mcu.externaltools.gnu-tools-for-stm32.9-2020-q2-update.win32_2.0.0.202105311346/tools/bin/../lib/gcc/arm-none-eabi/9.3.1/thumb/v7e-m+fp/hard/crtbegin.o
 .text          0x00000000080001d8      0x254 c:/st/stm32cubeide_1.7.0/stm32cubeide/plugins/com.st.stm32cube.ide.mcu.externaltools.gnu-tools-for-stm32.9-2020-q2-update.win32_2.0.0.202105311346/tools/bin/../lib/gcc/arm-none-eabi/9.3.1/thumb/v7e-m+fp/hard\libgcc.a(_arm_muldf3.o)
                0x00000000080001d8                __muldf3
                0x00000000080001d8                __aeabi_dmul
 .text          0x000000000800042c      0x378 c:/st/stm32cubeide_1.7.0/stm32cubeide/plugins/com.st.stm32cube.ide.mcu.externaltools.gnu-tools-for-stm32.9-2020-q2-update.win32_2.0.0.202105311346/tools/bin/../lib/gcc/arm-none-eabi/9.3.1/thumb/v7e-m+fp/hard\libgcc.a(_arm_addsubdf3.o)
                0x000000000800042c                __aeabi_drsub
                0x0000000008000434                __aeabi_dsub
                0x0000000008000434                __subdf3
                0x0000000008000438                __aeabi_dadd
                0x0000000008000438                __adddf3
                0x00000000080006b0                __floatunsidf
                0x00000000080006b0                __aeabi_ui2d
                0x00000000080006d0                __floatsidf
                0x00000000080006d0                __aeabi_i2d
                0x00000000080006f4                __aeabi_f2d
                0x00000000080006f4                __extendsfdf2
                0x0000000008000738                __floatundidf
                0x0000000008000738                __aeabi_ul2d
                0x0000000008000748                __floatdidf
                0x0000000008000748                __aeabi_l2d
 .text          0x00000000080007a4       0xa0 c:/st/stm32cubeide_1.7.0/stm32cubeide/plugins/com.st.stm32cube.ide.mcu.externaltools.gnu-tools-for-stm32.9-2020-q2-update.win32_2.0.0.202105311346/tools/bin/../lib/gcc/arm-none-eabi/9.3.1/thumb/v7e-m+fp/hard\libgcc.a(_arm_truncdfsf2.o)
                0x00000000080007a4                __truncdfsf2
                0x00000000080007a4                __aeabi_d2f
 .text          0x0000000008000844       0x30 c:/st/stm32cubeide_1.7.0/stm32cubeide/plugins/com.st.stm32cube.ide.mcu.externaltools.gnu-tools-for-stm32.9-2020-q2-update.win32_2.0.0.202105311346/tools/bin/../lib/gcc/arm-none-eabi/9.3.1/thumb/v7e-m+fp/hard\libgcc.a(_aeabi_uldivmod.o)
                0x0000000008000844                __aeabi_uldivmod
 .text          0x0000000008000874      0x2c4 c:/st/stm32cubeide_1.7.0/stm32cubeide/plugins/com.st.stm32cube.ide.mcu.externaltools.gnu-tools-for-stm32.9-2020-q2-update.win32_2.0.0.202105311346/tools/bin/../lib/gcc/arm-none-eabi/9.3.1/thumb/v7e-m+fp/hard\libgcc.a(_udivmoddi4.o)
                0x0000000008000874                __udivmoddi4
 .text          0x0000000008000b38        0x4 c:/st/stm32cubeide_1.7.0/stm32cubeide/plugins/com.st.stm32cube.ide.mcu.externaltools.gnu-tools-for-stm32.9-2020-q2-update.win32_2.0.0.202105311346/tools/bin/../lib/gcc/arm-none-eabi/9.3.1/thumb/v7e-m+fp/hard\libgcc.a(_dvmd_tls.o)
                0x0000000008000b38                __aeabi_idiv0
                0x0000000008000b38                __aeabi_ldiv0
 *(.text*)
 .text.telecommand
                0x0000000008000b3c        0xe ./Core/Src/comms.o
                0x0000000008000b3c                telecommand
 .text.checkbatteries
                0x0000000008000b4a       0x14 ./Core/Src/configuration.o
                0x0000000008000b4a                checkbatteries
 .text.detumble
                0x0000000008000b5e        0xe ./Core/Src/configuration.o
                0x0000000008000b5e                detumble
 .text.deployment
                0x0000000008000b6c       0x34 ./Core/Src/configuration.o
                0x0000000008000b6c                deployment
 .text.deploymentRF
                0x0000000008000ba0        0xe ./Core/Src/configuration.o
                0x0000000008000ba0                deploymentRF
 .text.check_position
                0x0000000008000bae       0x10 ./Core/Src/configuration.o
                0x0000000008000bae                check_position
 *fill*         0x0000000008000bbe        0x2 
 .text.init     0x0000000008000bc0       0x7c ./Core/Src/configuration.o
                0x0000000008000bc0                init
 .text.initsensors
                0x0000000008000c3c       0x40 ./Core/Src/configuration.o
                0x0000000008000c3c                initsensors
 .text.system_state
                0x0000000008000c7c       0x38 ./Core/Src/configuration.o
                0x0000000008000c7c                system_state
 .text.checktemperature
                0x0000000008000cb4      0x100 ./Core/Src/configuration.o
                0x0000000008000cb4                checktemperature
 .text.heater   0x0000000008000db4       0x14 ./Core/Src/configuration.o
                0x0000000008000db4                heater
 .text.checkmemory
                0x0000000008000dc8       0x10 ./Core/Src/configuration.o
                0x0000000008000dc8                checkmemory
 .text.GetSector
                0x0000000008000dd8       0xf4 ./Core/Src/flash.o
 .text.Flash_Write_Data
                0x0000000008000ecc       0xb8 ./Core/Src/flash.o
                0x0000000008000ecc                Flash_Write_Data
 .text.Flash_Read_Data
                0x0000000008000f84       0x3c ./Core/Src/flash.o
                0x0000000008000f84                Flash_Read_Data
 .text.main     0x0000000008000fc0      0x148 ./Core/Src/main.o
                0x0000000008000fc0                main
 .text.SystemClock_Config
                0x0000000008001108       0xd0 ./Core/Src/main.o
                0x0000000008001108                SystemClock_Config
 .text.MX_ADC1_Init
                0x00000000080011d8       0xa4 ./Core/Src/main.o
 .text.MX_I2C1_Init
                0x000000000800127c       0x5c ./Core/Src/main.o
 .text.MX_SPI1_Init
                0x00000000080012d8       0x6c ./Core/Src/main.o
 .text.MX_USART1_UART_Init
                0x0000000008001344       0x54 ./Core/Src/main.o
 .text.MX_USB_OTG_FS_HCD_Init
                0x0000000008001398       0x44 ./Core/Src/main.o
 .text.MX_GPIO_Init
                0x00000000080013dc       0x6c ./Core/Src/main.o
 .text.Error_Handler
                0x0000000008001448        0xa ./Core/Src/main.o
                0x0000000008001448                Error_Handler
 .text.payloadinit
                0x0000000008001452        0xc ./Core/Src/payload.o
                0x0000000008001452                payloadinit
 *fill*         0x000000000800145e        0x2 
 .text.takePhoto
                0x0000000008001460      0x13c ./Core/Src/payload.o
                0x0000000008001460                takePhoto
 .text.acquireTemp
                0x000000000800159c      0x170 ./Core/Src/sensorReadings.o
                0x000000000800159c                acquireTemp
 .text.acquireVoltage
                0x000000000800170c       0x12 ./Core/Src/sensorReadings.o
                0x000000000800170c                acquireVoltage
 .text.acquireCurrents
                0x000000000800171e       0x12 ./Core/Src/sensorReadings.o
                0x000000000800171e                acquireCurrents
 .text.sensorReadings
                0x0000000008001730       0x20 ./Core/Src/sensorReadings.o
                0x0000000008001730                sensorReadings
 .text.HAL_MspInit
                0x0000000008001750       0x50 ./Core/Src/stm32f4xx_hal_msp.o
                0x0000000008001750                HAL_MspInit
 .text.HAL_ADC_MspInit
                0x00000000080017a0       0x88 ./Core/Src/stm32f4xx_hal_msp.o
                0x00000000080017a0                HAL_ADC_MspInit
 .text.HAL_I2C_MspInit
                0x0000000008001828       0x90 ./Core/Src/stm32f4xx_hal_msp.o
                0x0000000008001828                HAL_I2C_MspInit
 .text.HAL_SPI_MspInit
                0x00000000080018b8       0xd0 ./Core/Src/stm32f4xx_hal_msp.o
                0x00000000080018b8                HAL_SPI_MspInit
 .text.HAL_UART_MspInit
                0x0000000008001988       0x90 ./Core/Src/stm32f4xx_hal_msp.o
                0x0000000008001988                HAL_UART_MspInit
 .text.HAL_HCD_MspInit
                0x0000000008001a18       0x98 ./Core/Src/stm32f4xx_hal_msp.o
                0x0000000008001a18                HAL_HCD_MspInit
 .text.NMI_Handler
                0x0000000008001ab0        0x6 ./Core/Src/stm32f4xx_it.o
                0x0000000008001ab0                NMI_Handler
 .text.HardFault_Handler
                0x0000000008001ab6        0x6 ./Core/Src/stm32f4xx_it.o
                0x0000000008001ab6                HardFault_Handler
 .text.MemManage_Handler
                0x0000000008001abc        0x6 ./Core/Src/stm32f4xx_it.o
                0x0000000008001abc                MemManage_Handler
 .text.BusFault_Handler
                0x0000000008001ac2        0x6 ./Core/Src/stm32f4xx_it.o
                0x0000000008001ac2                BusFault_Handler
 .text.UsageFault_Handler
                0x0000000008001ac8        0x6 ./Core/Src/stm32f4xx_it.o
                0x0000000008001ac8                UsageFault_Handler
 .text.SVC_Handler
                0x0000000008001ace        0xe ./Core/Src/stm32f4xx_it.o
                0x0000000008001ace                SVC_Handler
 .text.DebugMon_Handler
                0x0000000008001adc        0xe ./Core/Src/stm32f4xx_it.o
                0x0000000008001adc                DebugMon_Handler
 .text.PendSV_Handler
                0x0000000008001aea        0xe ./Core/Src/stm32f4xx_it.o
                0x0000000008001aea                PendSV_Handler
 .text.SysTick_Handler
                0x0000000008001af8        0xc ./Core/Src/stm32f4xx_it.o
                0x0000000008001af8                SysTick_Handler
 .text.SystemInit
                0x0000000008001b04       0x24 ./Core/Src/system_stm32f4xx.o
                0x0000000008001b04                SystemInit
 .text.Reset_Handler
                0x0000000008001b28       0x50 ./Core/Startup/startup_stm32f411ceux.o
                0x0000000008001b28                Reset_Handler
 .text.Default_Handler
                0x0000000008001b78        0x2 ./Core/Startup/startup_stm32f411ceux.o
                0x0000000008001b78                RTC_Alarm_IRQHandler
                0x0000000008001b78                EXTI2_IRQHandler
                0x0000000008001b78                SPI4_IRQHandler
                0x0000000008001b78                TIM1_CC_IRQHandler
                0x0000000008001b78                DMA2_Stream5_IRQHandler
                0x0000000008001b78                DMA1_Stream5_IRQHandler
                0x0000000008001b78                PVD_IRQHandler
                0x0000000008001b78                SDIO_IRQHandler
                0x0000000008001b78                TAMP_STAMP_IRQHandler
                0x0000000008001b78                EXTI3_IRQHandler
                0x0000000008001b78                TIM1_UP_TIM10_IRQHandler
                0x0000000008001b78                I2C3_ER_IRQHandler
                0x0000000008001b78                EXTI0_IRQHandler
                0x0000000008001b78                I2C2_EV_IRQHandler
                0x0000000008001b78                DMA1_Stream2_IRQHandler
                0x0000000008001b78                FPU_IRQHandler
                0x0000000008001b78                DMA2_Stream2_IRQHandler
                0x0000000008001b78                SPI1_IRQHandler
                0x0000000008001b78                TIM1_BRK_TIM9_IRQHandler
                0x0000000008001b78                DMA2_Stream3_IRQHandler
                0x0000000008001b78                USART6_IRQHandler
                0x0000000008001b78                DMA2_Stream0_IRQHandler
                0x0000000008001b78                TIM4_IRQHandler
                0x0000000008001b78                I2C1_EV_IRQHandler
                0x0000000008001b78                DMA1_Stream6_IRQHandler
                0x0000000008001b78                DMA1_Stream1_IRQHandler
                0x0000000008001b78                TIM3_IRQHandler
                0x0000000008001b78                RCC_IRQHandler
                0x0000000008001b78                Default_Handler
                0x0000000008001b78                EXTI15_10_IRQHandler
                0x0000000008001b78                ADC_IRQHandler
                0x0000000008001b78                DMA1_Stream7_IRQHandler
                0x0000000008001b78                SPI5_IRQHandler
                0x0000000008001b78                TIM5_IRQHandler
                0x0000000008001b78                DMA2_Stream7_IRQHandler
                0x0000000008001b78                I2C3_EV_IRQHandler
                0x0000000008001b78                EXTI9_5_IRQHandler
                0x0000000008001b78                RTC_WKUP_IRQHandler
                0x0000000008001b78                SPI2_IRQHandler
                0x0000000008001b78                DMA1_Stream0_IRQHandler
                0x0000000008001b78                EXTI4_IRQHandler
                0x0000000008001b78                WWDG_IRQHandler
                0x0000000008001b78                TIM2_IRQHandler
                0x0000000008001b78                OTG_FS_WKUP_IRQHandler
                0x0000000008001b78                TIM1_TRG_COM_TIM11_IRQHandler
                0x0000000008001b78                EXTI1_IRQHandler
                0x0000000008001b78                USART2_IRQHandler
                0x0000000008001b78                I2C2_ER_IRQHandler
                0x0000000008001b78                DMA2_Stream1_IRQHandler
                0x0000000008001b78                FLASH_IRQHandler
                0x0000000008001b78                DMA2_Stream4_IRQHandler
                0x0000000008001b78                USART1_IRQHandler
                0x0000000008001b78                OTG_FS_IRQHandler
                0x0000000008001b78                SPI3_IRQHandler
                0x0000000008001b78                DMA1_Stream4_IRQHandler
                0x0000000008001b78                I2C1_ER_IRQHandler
                0x0000000008001b78                DMA2_Stream6_IRQHandler
                0x0000000008001b78                DMA1_Stream3_IRQHandler
 *fill*         0x0000000008001b7a        0x2 
 .text.HAL_Init
                0x0000000008001b7c       0x44 ./Drivers/STM32F4xx_HAL_Driver/Src/stm32f4xx_hal.o
                0x0000000008001b7c                HAL_Init
 .text.HAL_InitTick
                0x0000000008001bc0       0x60 ./Drivers/STM32F4xx_HAL_Driver/Src/stm32f4xx_hal.o
                0x0000000008001bc0                HAL_InitTick
 .text.HAL_IncTick
                0x0000000008001c20       0x28 ./Drivers/STM32F4xx_HAL_Driver/Src/stm32f4xx_hal.o
                0x0000000008001c20                HAL_IncTick
 .text.HAL_GetTick
                0x0000000008001c48       0x18 ./Drivers/STM32F4xx_HAL_Driver/Src/stm32f4xx_hal.o
                0x0000000008001c48                HAL_GetTick
 .text.HAL_Delay
                0x0000000008001c60       0x48 ./Drivers/STM32F4xx_HAL_Driver/Src/stm32f4xx_hal.o
                0x0000000008001c60                HAL_Delay
 .text.HAL_ADC_Init
                0x0000000008001ca8       0x86 ./Drivers/STM32F4xx_HAL_Driver/Src/stm32f4xx_hal_adc.o
                0x0000000008001ca8                HAL_ADC_Init
 *fill*         0x0000000008001d2e        0x2 
 .text.HAL_ADC_ConfigChannel
                0x0000000008001d30      0x264 ./Drivers/STM32F4xx_HAL_Driver/Src/stm32f4xx_hal_adc.o
                0x0000000008001d30                HAL_ADC_ConfigChannel
 .text.ADC_Init
                0x0000000008001f94      0x1f8 ./Drivers/STM32F4xx_HAL_Driver/Src/stm32f4xx_hal_adc.o
 .text.__NVIC_SetPriorityGrouping
                0x000000000800218c       0x48 ./Drivers/STM32F4xx_HAL_Driver/Src/stm32f4xx_hal_cortex.o
 .text.__NVIC_GetPriorityGrouping
                0x00000000080021d4       0x1c ./Drivers/STM32F4xx_HAL_Driver/Src/stm32f4xx_hal_cortex.o
 .text.__NVIC_SetPriority
                0x00000000080021f0       0x54 ./Drivers/STM32F4xx_HAL_Driver/Src/stm32f4xx_hal_cortex.o
 .text.NVIC_EncodePriority
                0x0000000008002244       0x66 ./Drivers/STM32F4xx_HAL_Driver/Src/stm32f4xx_hal_cortex.o
 *fill*         0x00000000080022aa        0x2 
 .text.SysTick_Config
                0x00000000080022ac       0x44 ./Drivers/STM32F4xx_HAL_Driver/Src/stm32f4xx_hal_cortex.o
 .text.HAL_NVIC_SetPriorityGrouping
                0x00000000080022f0       0x16 ./Drivers/STM32F4xx_HAL_Driver/Src/stm32f4xx_hal_cortex.o
                0x00000000080022f0                HAL_NVIC_SetPriorityGrouping
 .text.HAL_NVIC_SetPriority
                0x0000000008002306       0x38 ./Drivers/STM32F4xx_HAL_Driver/Src/stm32f4xx_hal_cortex.o
                0x0000000008002306                HAL_NVIC_SetPriority
 .text.HAL_SYSTICK_Config
                0x000000000800233e       0x18 ./Drivers/STM32F4xx_HAL_Driver/Src/stm32f4xx_hal_cortex.o
                0x000000000800233e                HAL_SYSTICK_Config
 *fill*         0x0000000008002356        0x2 
 .text.HAL_FLASH_Program
                0x0000000008002358       0xa8 ./Drivers/STM32F4xx_HAL_Driver/Src/stm32f4xx_hal_flash.o
                0x0000000008002358                HAL_FLASH_Program
 .text.HAL_FLASH_Unlock
                0x0000000008002400       0x44 ./Drivers/STM32F4xx_HAL_Driver/Src/stm32f4xx_hal_flash.o
                0x0000000008002400                HAL_FLASH_Unlock
 .text.HAL_FLASH_Lock
                0x0000000008002444       0x20 ./Drivers/STM32F4xx_HAL_Driver/Src/stm32f4xx_hal_flash.o
                0x0000000008002444                HAL_FLASH_Lock
 .text.HAL_FLASH_GetError
                0x0000000008002464       0x18 ./Drivers/STM32F4xx_HAL_Driver/Src/stm32f4xx_hal_flash.o
                0x0000000008002464                HAL_FLASH_GetError
 .text.FLASH_WaitForLastOperation
                0x000000000800247c       0x80 ./Drivers/STM32F4xx_HAL_Driver/Src/stm32f4xx_hal_flash.o
                0x000000000800247c                FLASH_WaitForLastOperation
 .text.FLASH_Program_DoubleWord
                0x00000000080024fc       0x64 ./Drivers/STM32F4xx_HAL_Driver/Src/stm32f4xx_hal_flash.o
 .text.FLASH_Program_Word
                0x0000000008002560       0x44 ./Drivers/STM32F4xx_HAL_Driver/Src/stm32f4xx_hal_flash.o
 .text.FLASH_Program_HalfWord
                0x00000000080025a4       0x48 ./Drivers/STM32F4xx_HAL_Driver/Src/stm32f4xx_hal_flash.o
 .text.FLASH_Program_Byte
                0x00000000080025ec       0x44 ./Drivers/STM32F4xx_HAL_Driver/Src/stm32f4xx_hal_flash.o
 .text.FLASH_SetErrorCode
                0x0000000008002630       0xcc ./Drivers/STM32F4xx_HAL_Driver/Src/stm32f4xx_hal_flash.o
 .text.HAL_FLASHEx_Erase
                0x00000000080026fc       0xe0 ./Drivers/STM32F4xx_HAL_Driver/Src/stm32f4xx_hal_flash_ex.o
                0x00000000080026fc                HAL_FLASHEx_Erase
 .text.FLASH_MassErase
                0x00000000080027dc       0x48 ./Drivers/STM32F4xx_HAL_Driver/Src/stm32f4xx_hal_flash_ex.o
 .text.FLASH_Erase_Sector
                0x0000000008002824       0x90 ./Drivers/STM32F4xx_HAL_Driver/Src/stm32f4xx_hal_flash_ex.o
                0x0000000008002824                FLASH_Erase_Sector
 .text.FLASH_FlushCaches
                0x00000000080028b4       0x8c ./Drivers/STM32F4xx_HAL_Driver/Src/stm32f4xx_hal_flash_ex.o
                0x00000000080028b4                FLASH_FlushCaches
 .text.HAL_GPIO_Init
                0x0000000008002940      0x308 ./Drivers/STM32F4xx_HAL_Driver/Src/stm32f4xx_hal_gpio.o
                0x0000000008002940                HAL_GPIO_Init
 .text.HAL_HCD_Init
                0x0000000008002c48       0xc4 ./Drivers/STM32F4xx_HAL_Driver/Src/stm32f4xx_hal_hcd.o
                0x0000000008002c48                HAL_HCD_Init
 .text.HAL_I2C_Init
                0x0000000008002d0c      0x288 ./Drivers/STM32F4xx_HAL_Driver/Src/stm32f4xx_hal_i2c.o
                0x0000000008002d0c                HAL_I2C_Init
 .text.HAL_I2C_Master_Transmit
                0x0000000008002f94      0x1fc ./Drivers/STM32F4xx_HAL_Driver/Src/stm32f4xx_hal_i2c.o
                0x0000000008002f94                HAL_I2C_Master_Transmit
 .text.HAL_I2C_Master_Receive
                0x0000000008003190      0x44c ./Drivers/STM32F4xx_HAL_Driver/Src/stm32f4xx_hal_i2c.o
                0x0000000008003190                HAL_I2C_Master_Receive
 .text.I2C_MasterRequestWrite
                0x00000000080035dc      0x104 ./Drivers/STM32F4xx_HAL_Driver/Src/stm32f4xx_hal_i2c.o
 .text.I2C_MasterRequestRead
                0x00000000080036e0      0x19c ./Drivers/STM32F4xx_HAL_Driver/Src/stm32f4xx_hal_i2c.o
 .text.I2C_WaitOnFlagUntilTimeout
                0x000000000800387c       0xae ./Drivers/STM32F4xx_HAL_Driver/Src/stm32f4xx_hal_i2c.o
 .text.I2C_WaitOnMasterAddressFlagUntilTimeout
                0x000000000800392a       0xfe ./Drivers/STM32F4xx_HAL_Driver/Src/stm32f4xx_hal_i2c.o
 .text.I2C_WaitOnTXEFlagUntilTimeout
                0x0000000008003a28       0x82 ./Drivers/STM32F4xx_HAL_Driver/Src/stm32f4xx_hal_i2c.o
 .text.I2C_WaitOnBTFFlagUntilTimeout
                0x0000000008003aaa       0x82 ./Drivers/STM32F4xx_HAL_Driver/Src/stm32f4xx_hal_i2c.o
 .text.I2C_WaitOnRXNEFlagUntilTimeout
                0x0000000008003b2c       0xac ./Drivers/STM32F4xx_HAL_Driver/Src/stm32f4xx_hal_i2c.o
 .text.I2C_IsAcknowledgeFailed
                0x0000000008003bd8       0x5e ./Drivers/STM32F4xx_HAL_Driver/Src/stm32f4xx_hal_i2c.o
 *fill*         0x0000000008003c36        0x2 
 .text.HAL_RCC_OscConfig
                0x0000000008003c38      0x4f0 ./Drivers/STM32F4xx_HAL_Driver/Src/stm32f4xx_hal_rcc.o
                0x0000000008003c38                HAL_RCC_OscConfig
 .text.HAL_RCC_ClockConfig
                0x0000000008004128      0x1cc ./Drivers/STM32F4xx_HAL_Driver/Src/stm32f4xx_hal_rcc.o
                0x0000000008004128                HAL_RCC_ClockConfig
 .text.HAL_RCC_GetSysClockFreq
                0x00000000080042f4      0x16c ./Drivers/STM32F4xx_HAL_Driver/Src/stm32f4xx_hal_rcc.o
                0x00000000080042f4                HAL_RCC_GetSysClockFreq
 .text.HAL_RCC_GetHCLKFreq
                0x0000000008004460       0x18 ./Drivers/STM32F4xx_HAL_Driver/Src/stm32f4xx_hal_rcc.o
                0x0000000008004460                HAL_RCC_GetHCLKFreq
 .text.HAL_RCC_GetPCLK1Freq
                0x0000000008004478       0x28 ./Drivers/STM32F4xx_HAL_Driver/Src/stm32f4xx_hal_rcc.o
                0x0000000008004478                HAL_RCC_GetPCLK1Freq
 .text.HAL_RCC_GetPCLK2Freq
                0x00000000080044a0       0x28 ./Drivers/STM32F4xx_HAL_Driver/Src/stm32f4xx_hal_rcc.o
                0x00000000080044a0                HAL_RCC_GetPCLK2Freq
 .text.HAL_SPI_Init
                0x00000000080044c8      0x112 ./Drivers/STM32F4xx_HAL_Driver/Src/stm32f4xx_hal_spi.o
                0x00000000080044c8                HAL_SPI_Init
 .text.HAL_UART_Init
                0x00000000080045da       0x9a ./Drivers/STM32F4xx_HAL_Driver/Src/stm32f4xx_hal_uart.o
                0x00000000080045da                HAL_UART_Init
 .text.HAL_UART_Transmit
                0x0000000008004674      0x124 ./Drivers/STM32F4xx_HAL_Driver/Src/stm32f4xx_hal_uart.o
                0x0000000008004674                HAL_UART_Transmit
 .text.HAL_UART_Receive
                0x0000000008004798      0x144 ./Drivers/STM32F4xx_HAL_Driver/Src/stm32f4xx_hal_uart.o
                0x0000000008004798                HAL_UART_Receive
 .text.UART_WaitOnFlagUntilTimeout
                0x00000000080048dc       0x94 ./Drivers/STM32F4xx_HAL_Driver/Src/stm32f4xx_hal_uart.o
 .text.UART_SetConfig
                0x0000000008004970      0x390 ./Drivers/STM32F4xx_HAL_Driver/Src/stm32f4xx_hal_uart.o
 .text.USB_CoreInit
                0x0000000008004d00       0xc2 ./Drivers/STM32F4xx_HAL_Driver/Src/stm32f4xx_ll_usb.o
                0x0000000008004d00                USB_CoreInit
 .text.USB_DisableGlobalInt
                0x0000000008004dc2       0x22 ./Drivers/STM32F4xx_HAL_Driver/Src/stm32f4xx_ll_usb.o
                0x0000000008004dc2                USB_DisableGlobalInt
 .text.USB_SetCurrentMode
                0x0000000008004de4       0x54 ./Drivers/STM32F4xx_HAL_Driver/Src/stm32f4xx_ll_usb.o
                0x0000000008004de4                USB_SetCurrentMode
 .text.USB_FlushTxFifo
                0x0000000008004e38       0x4c ./Drivers/STM32F4xx_HAL_Driver/Src/stm32f4xx_ll_usb.o
                0x0000000008004e38                USB_FlushTxFifo
 .text.USB_FlushRxFifo
                0x0000000008004e84       0x44 ./Drivers/STM32F4xx_HAL_Driver/Src/stm32f4xx_ll_usb.o
                0x0000000008004e84                USB_FlushRxFifo
 .text.USB_CoreReset
                0x0000000008004ec8       0x68 ./Drivers/STM32F4xx_HAL_Driver/Src/stm32f4xx_ll_usb.o
 .text.USB_HostInit
                0x0000000008004f30      0x178 ./Drivers/STM32F4xx_HAL_Driver/Src/stm32f4xx_ll_usb.o
                0x0000000008004f30                USB_HostInit
 .text.USB_DriveVbus
                0x00000000080050a8       0x72 ./Drivers/STM32F4xx_HAL_Driver/Src/stm32f4xx_ll_usb.o
                0x00000000080050a8                USB_DriveVbus
 *fill*         0x000000000800511a        0x2 
 .text.__libc_init_array
                0x000000000800511c       0x48 c:/st/stm32cubeide_1.7.0/stm32cubeide/plugins/com.st.stm32cube.ide.mcu.externaltools.gnu-tools-for-stm32.9-2020-q2-update.win32_2.0.0.202105311346/tools/bin/../lib/gcc/arm-none-eabi/9.3.1/../../../../arm-none-eabi/lib/thumb/v7e-m+fp/hard\libc_nano.a(lib_a-init.o)
                0x000000000800511c                __libc_init_array
 .text.memset   0x0000000008005164       0x10 c:/st/stm32cubeide_1.7.0/stm32cubeide/plugins/com.st.stm32cube.ide.mcu.externaltools.gnu-tools-for-stm32.9-2020-q2-update.win32_2.0.0.202105311346/tools/bin/../lib/gcc/arm-none-eabi/9.3.1/../../../../arm-none-eabi/lib/thumb/v7e-m+fp/hard\libc_nano.a(lib_a-memset.o)
                0x0000000008005164                memset
 *(.glue_7)
 .glue_7        0x0000000008005174        0x0 linker stubs
 *(.glue_7t)
 .glue_7t       0x0000000008005174        0x0 linker stubs
 *(.eh_frame)
 .eh_frame      0x0000000008005174        0x0 c:/st/stm32cubeide_1.7.0/stm32cubeide/plugins/com.st.stm32cube.ide.mcu.externaltools.gnu-tools-for-stm32.9-2020-q2-update.win32_2.0.0.202105311346/tools/bin/../lib/gcc/arm-none-eabi/9.3.1/thumb/v7e-m+fp/hard/crtbegin.o
 *(.init)
 .init          0x0000000008005174        0x4 c:/st/stm32cubeide_1.7.0/stm32cubeide/plugins/com.st.stm32cube.ide.mcu.externaltools.gnu-tools-for-stm32.9-2020-q2-update.win32_2.0.0.202105311346/tools/bin/../lib/gcc/arm-none-eabi/9.3.1/thumb/v7e-m+fp/hard/crti.o
                0x0000000008005174                _init
 .init          0x0000000008005178        0x8 c:/st/stm32cubeide_1.7.0/stm32cubeide/plugins/com.st.stm32cube.ide.mcu.externaltools.gnu-tools-for-stm32.9-2020-q2-update.win32_2.0.0.202105311346/tools/bin/../lib/gcc/arm-none-eabi/9.3.1/thumb/v7e-m+fp/hard/crtn.o
 *(.fini)
 .fini          0x0000000008005180        0x4 c:/st/stm32cubeide_1.7.0/stm32cubeide/plugins/com.st.stm32cube.ide.mcu.externaltools.gnu-tools-for-stm32.9-2020-q2-update.win32_2.0.0.202105311346/tools/bin/../lib/gcc/arm-none-eabi/9.3.1/thumb/v7e-m+fp/hard/crti.o
                0x0000000008005180                _fini
 .fini          0x0000000008005184        0x8 c:/st/stm32cubeide_1.7.0/stm32cubeide/plugins/com.st.stm32cube.ide.mcu.externaltools.gnu-tools-for-stm32.9-2020-q2-update.win32_2.0.0.202105311346/tools/bin/../lib/gcc/arm-none-eabi/9.3.1/thumb/v7e-m+fp/hard/crtn.o
                0x000000000800518c                . = ALIGN (0x4)
                0x000000000800518c                _etext = .

.vfp11_veneer   0x000000000800518c        0x0
 .vfp11_veneer  0x000000000800518c        0x0 linker stubs

.v4_bx          0x000000000800518c        0x0
 .v4_bx         0x000000000800518c        0x0 linker stubs

.iplt           0x000000000800518c        0x0
 .iplt          0x000000000800518c        0x0 c:/st/stm32cubeide_1.7.0/stm32cubeide/plugins/com.st.stm32cube.ide.mcu.externaltools.gnu-tools-for-stm32.9-2020-q2-update.win32_2.0.0.202105311346/tools/bin/../lib/gcc/arm-none-eabi/9.3.1/thumb/v7e-m+fp/hard/crtbegin.o

.rodata         0x000000000800518c       0x48
                0x000000000800518c                . = ALIGN (0x4)
 *(.rodata)
 .rodata        0x000000000800518c       0x2d ./Core/Src/payload.o
 *(.rodata*)
 *fill*         0x00000000080051b9        0x3 
 .rodata.AHBPrescTable
                0x00000000080051bc       0x10 ./Core/Src/system_stm32f4xx.o
                0x00000000080051bc                AHBPrescTable
 .rodata.APBPrescTable
                0x00000000080051cc        0x8 ./Core/Src/system_stm32f4xx.o
                0x00000000080051cc                APBPrescTable
                0x00000000080051d4                . = ALIGN (0x4)

.ARM.extab      0x00000000080051d4        0x0
                0x00000000080051d4                . = ALIGN (0x4)
 *(.ARM.extab* .gnu.linkonce.armextab.*)
                0x00000000080051d4                . = ALIGN (0x4)

.ARM            0x00000000080051d4        0x8
                0x00000000080051d4                . = ALIGN (0x4)
                0x00000000080051d4                __exidx_start = .
 *(.ARM.exidx*)
 .ARM.exidx     0x00000000080051d4        0x8 c:/st/stm32cubeide_1.7.0/stm32cubeide/plugins/com.st.stm32cube.ide.mcu.externaltools.gnu-tools-for-stm32.9-2020-q2-update.win32_2.0.0.202105311346/tools/bin/../lib/gcc/arm-none-eabi/9.3.1/thumb/v7e-m+fp/hard\libgcc.a(_udivmoddi4.o)
                0x00000000080051dc                __exidx_end = .
                0x00000000080051dc                . = ALIGN (0x4)

.rel.dyn        0x00000000080051dc        0x0
 .rel.iplt      0x00000000080051dc        0x0 c:/st/stm32cubeide_1.7.0/stm32cubeide/plugins/com.st.stm32cube.ide.mcu.externaltools.gnu-tools-for-stm32.9-2020-q2-update.win32_2.0.0.202105311346/tools/bin/../lib/gcc/arm-none-eabi/9.3.1/thumb/v7e-m+fp/hard/crtbegin.o

.preinit_array  0x00000000080051dc        0x0
                0x00000000080051dc                . = ALIGN (0x4)
                0x00000000080051dc                PROVIDE (__preinit_array_start = .)
 *(.preinit_array*)
                0x00000000080051dc                PROVIDE (__preinit_array_end = .)
                0x00000000080051dc                . = ALIGN (0x4)

.init_array     0x00000000080051dc        0x4
                0x00000000080051dc                . = ALIGN (0x4)
                0x00000000080051dc                PROVIDE (__init_array_start = .)
 *(SORT_BY_NAME(.init_array.*))
 *(.init_array*)
 .init_array    0x00000000080051dc        0x4 c:/st/stm32cubeide_1.7.0/stm32cubeide/plugins/com.st.stm32cube.ide.mcu.externaltools.gnu-tools-for-stm32.9-2020-q2-update.win32_2.0.0.202105311346/tools/bin/../lib/gcc/arm-none-eabi/9.3.1/thumb/v7e-m+fp/hard/crtbegin.o
                0x00000000080051e0                PROVIDE (__init_array_end = .)
                0x00000000080051e0                . = ALIGN (0x4)

.fini_array     0x00000000080051e0        0x4
                0x00000000080051e0                . = ALIGN (0x4)
                [!provide]                        PROVIDE (__fini_array_start = .)
 *(SORT_BY_NAME(.fini_array.*))
 *(.fini_array*)
 .fini_array    0x00000000080051e0        0x4 c:/st/stm32cubeide_1.7.0/stm32cubeide/plugins/com.st.stm32cube.ide.mcu.externaltools.gnu-tools-for-stm32.9-2020-q2-update.win32_2.0.0.202105311346/tools/bin/../lib/gcc/arm-none-eabi/9.3.1/thumb/v7e-m+fp/hard/crtbegin.o
                [!provide]                        PROVIDE (__fini_array_end = .)
                0x00000000080051e4                . = ALIGN (0x4)
                0x00000000080051e4                _sidata = LOADADDR (.data)

.data           0x0000000020000000        0xc load address 0x00000000080051e4
                0x0000000020000000                . = ALIGN (0x4)
                0x0000000020000000                _sdata = .
 *(.data)
 *(.data*)
 .data.SystemCoreClock
                0x0000000020000000        0x4 ./Core/Src/system_stm32f4xx.o
                0x0000000020000000                SystemCoreClock
 .data.uwTickPrio
                0x0000000020000004        0x4 ./Drivers/STM32F4xx_HAL_Driver/Src/stm32f4xx_hal.o
                0x0000000020000004                uwTickPrio
 .data.uwTickFreq
                0x0000000020000008        0x1 ./Drivers/STM32F4xx_HAL_Driver/Src/stm32f4xx_hal.o
                0x0000000020000008                uwTickFreq
 *(.RamFunc)
 *(.RamFunc*)
                0x000000002000000c                . = ALIGN (0x4)
 *fill*         0x0000000020000009        0x3 
                0x000000002000000c                _edata = .

.igot.plt       0x000000002000000c        0x0 load address 0x00000000080051f0
 .igot.plt      0x000000002000000c        0x0 c:/st/stm32cubeide_1.7.0/stm32cubeide/plugins/com.st.stm32cube.ide.mcu.externaltools.gnu-tools-for-stm32.9-2020-q2-update.win32_2.0.0.202105311346/tools/bin/../lib/gcc/arm-none-eabi/9.3.1/thumb/v7e-m+fp/hard/crtbegin.o
                0x000000002000000c                . = ALIGN (0x4)

.bss            0x000000002000000c      0x494 load address 0x00000000080051f0
                0x000000002000000c                _sbss = .
                0x000000002000000c                __bss_start__ = _sbss
 *(.bss)
 .bss           0x000000002000000c       0x1c c:/st/stm32cubeide_1.7.0/stm32cubeide/plugins/com.st.stm32cube.ide.mcu.externaltools.gnu-tools-for-stm32.9-2020-q2-update.win32_2.0.0.202105311346/tools/bin/../lib/gcc/arm-none-eabi/9.3.1/thumb/v7e-m+fp/hard/crtbegin.o
 *(.bss*)
 .bss.EraseInitStruct.9913
                0x0000000020000028       0x14 ./Core/Src/flash.o
 *(COMMON)
 COMMON         0x000000002000003c        0x1 ./Core/Src/comms.o
                0x000000002000003c                currentState
 *fill*         0x000000002000003d        0x3 
 COMMON         0x0000000020000040      0x43c ./Core/Src/main.o
                0x0000000020000040                hi2c1
                0x0000000020000094                hadc1
                0x00000000200000dc                huart1
                0x0000000020000120                hspi1
                0x0000000020000178                hhcd_USB_OTG_FS
 COMMON         0x000000002000047c        0x4 ./Drivers/STM32F4xx_HAL_Driver/Src/stm32f4xx_hal.o
                0x000000002000047c                uwTick
 COMMON         0x0000000020000480       0x20 ./Drivers/STM32F4xx_HAL_Driver/Src/stm32f4xx_hal_flash.o
                0x0000000020000480                pFlash
                0x00000000200004a0                . = ALIGN (0x4)
                0x00000000200004a0                _ebss = .
                0x00000000200004a0                __bss_end__ = _ebss

._user_heap_stack
                0x00000000200004a0      0x600 load address 0x00000000080051f0
                0x00000000200004a0                . = ALIGN (0x8)
                [!provide]                        PROVIDE (end = .)
                0x00000000200004a0                PROVIDE (_end = .)
                0x00000000200006a0                . = (. + _Min_Heap_Size)
 *fill*         0x00000000200004a0      0x200 
                0x0000000020000aa0                . = (. + _Min_Stack_Size)
 *fill*         0x00000000200006a0      0x400 
                0x0000000020000aa0                . = ALIGN (0x8)

/DISCARD/
 libc.a(*)
 libm.a(*)
 libgcc.a(*)

.ARM.attributes
                0x0000000000000000       0x30
 *(.ARM.attributes)
 .ARM.attributes
                0x0000000000000000       0x1e c:/st/stm32cubeide_1.7.0/stm32cubeide/plugins/com.st.stm32cube.ide.mcu.externaltools.gnu-tools-for-stm32.9-2020-q2-update.win32_2.0.0.202105311346/tools/bin/../lib/gcc/arm-none-eabi/9.3.1/thumb/v7e-m+fp/hard/crti.o
 .ARM.attributes
                0x000000000000001e       0x34 c:/st/stm32cubeide_1.7.0/stm32cubeide/plugins/com.st.stm32cube.ide.mcu.externaltools.gnu-tools-for-stm32.9-2020-q2-update.win32_2.0.0.202105311346/tools/bin/../lib/gcc/arm-none-eabi/9.3.1/thumb/v7e-m+fp/hard/crtbegin.o
 .ARM.attributes
                0x0000000000000052       0x34 ./Core/Src/comms.o
 .ARM.attributes
                0x0000000000000086       0x34 ./Core/Src/configuration.o
 .ARM.attributes
                0x00000000000000ba       0x34 ./Core/Src/flash.o
 .ARM.attributes
                0x00000000000000ee       0x34 ./Core/Src/main.o
 .ARM.attributes
                0x0000000000000122       0x34 ./Core/Src/payload.o
 .ARM.attributes
                0x0000000000000156       0x34 ./Core/Src/sensorReadings.o
 .ARM.attributes
                0x000000000000018a       0x34 ./Core/Src/stm32f4xx_hal_msp.o
 .ARM.attributes
                0x00000000000001be       0x34 ./Core/Src/stm32f4xx_it.o
 .ARM.attributes
                0x00000000000001f2       0x34 ./Core/Src/system_stm32f4xx.o
 .ARM.attributes
                0x0000000000000226       0x21 ./Core/Startup/startup_stm32f411ceux.o
 .ARM.attributes
                0x0000000000000247       0x34 ./Drivers/STM32F4xx_HAL_Driver/Src/stm32f4xx_hal.o
 .ARM.attributes
                0x000000000000027b       0x34 ./Drivers/STM32F4xx_HAL_Driver/Src/stm32f4xx_hal_adc.o
 .ARM.attributes
                0x00000000000002af       0x34 ./Drivers/STM32F4xx_HAL_Driver/Src/stm32f4xx_hal_cortex.o
 .ARM.attributes
                0x00000000000002e3       0x34 ./Drivers/STM32F4xx_HAL_Driver/Src/stm32f4xx_hal_flash.o
 .ARM.attributes
                0x0000000000000317       0x34 ./Drivers/STM32F4xx_HAL_Driver/Src/stm32f4xx_hal_flash_ex.o
 .ARM.attributes
                0x000000000000034b       0x34 ./Drivers/STM32F4xx_HAL_Driver/Src/stm32f4xx_hal_gpio.o
 .ARM.attributes
                0x000000000000037f       0x34 ./Drivers/STM32F4xx_HAL_Driver/Src/stm32f4xx_hal_hcd.o
 .ARM.attributes
                0x00000000000003b3       0x34 ./Drivers/STM32F4xx_HAL_Driver/Src/stm32f4xx_hal_i2c.o
 .ARM.attributes
                0x00000000000003e7       0x34 ./Drivers/STM32F4xx_HAL_Driver/Src/stm32f4xx_hal_rcc.o
 .ARM.attributes
                0x000000000000041b       0x34 ./Drivers/STM32F4xx_HAL_Driver/Src/stm32f4xx_hal_spi.o
 .ARM.attributes
                0x000000000000044f       0x34 ./Drivers/STM32F4xx_HAL_Driver/Src/stm32f4xx_hal_uart.o
 .ARM.attributes
                0x0000000000000483       0x34 ./Drivers/STM32F4xx_HAL_Driver/Src/stm32f4xx_ll_usb.o
 .ARM.attributes
                0x00000000000004b7       0x34 c:/st/stm32cubeide_1.7.0/stm32cubeide/plugins/com.st.stm32cube.ide.mcu.externaltools.gnu-tools-for-stm32.9-2020-q2-update.win32_2.0.0.202105311346/tools/bin/../lib/gcc/arm-none-eabi/9.3.1/../../../../arm-none-eabi/lib/thumb/v7e-m+fp/hard\libc_nano.a(lib_a-init.o)
 .ARM.attributes
                0x00000000000004eb       0x34 c:/st/stm32cubeide_1.7.0/stm32cubeide/plugins/com.st.stm32cube.ide.mcu.externaltools.gnu-tools-for-stm32.9-2020-q2-update.win32_2.0.0.202105311346/tools/bin/../lib/gcc/arm-none-eabi/9.3.1/../../../../arm-none-eabi/lib/thumb/v7e-m+fp/hard\libc_nano.a(lib_a-memset.o)
 .ARM.attributes
                0x000000000000051f       0x1e c:/st/stm32cubeide_1.7.0/stm32cubeide/plugins/com.st.stm32cube.ide.mcu.externaltools.gnu-tools-for-stm32.9-2020-q2-update.win32_2.0.0.202105311346/tools/bin/../lib/gcc/arm-none-eabi/9.3.1/thumb/v7e-m+fp/hard\libgcc.a(_arm_muldf3.o)
 .ARM.attributes
                0x000000000000053d       0x1e c:/st/stm32cubeide_1.7.0/stm32cubeide/plugins/com.st.stm32cube.ide.mcu.externaltools.gnu-tools-for-stm32.9-2020-q2-update.win32_2.0.0.202105311346/tools/bin/../lib/gcc/arm-none-eabi/9.3.1/thumb/v7e-m+fp/hard\libgcc.a(_arm_addsubdf3.o)
 .ARM.attributes
                0x000000000000055b       0x1e c:/st/stm32cubeide_1.7.0/stm32cubeide/plugins/com.st.stm32cube.ide.mcu.externaltools.gnu-tools-for-stm32.9-2020-q2-update.win32_2.0.0.202105311346/tools/bin/../lib/gcc/arm-none-eabi/9.3.1/thumb/v7e-m+fp/hard\libgcc.a(_arm_truncdfsf2.o)
 .ARM.attributes
                0x0000000000000579       0x1e c:/st/stm32cubeide_1.7.0/stm32cubeide/plugins/com.st.stm32cube.ide.mcu.externaltools.gnu-tools-for-stm32.9-2020-q2-update.win32_2.0.0.202105311346/tools/bin/../lib/gcc/arm-none-eabi/9.3.1/thumb/v7e-m+fp/hard\libgcc.a(_aeabi_uldivmod.o)
 .ARM.attributes
                0x0000000000000597       0x34 c:/st/stm32cubeide_1.7.0/stm32cubeide/plugins/com.st.stm32cube.ide.mcu.externaltools.gnu-tools-for-stm32.9-2020-q2-update.win32_2.0.0.202105311346/tools/bin/../lib/gcc/arm-none-eabi/9.3.1/thumb/v7e-m+fp/hard\libgcc.a(_udivmoddi4.o)
 .ARM.attributes
                0x00000000000005cb       0x1e c:/st/stm32cubeide_1.7.0/stm32cubeide/plugins/com.st.stm32cube.ide.mcu.externaltools.gnu-tools-for-stm32.9-2020-q2-update.win32_2.0.0.202105311346/tools/bin/../lib/gcc/arm-none-eabi/9.3.1/thumb/v7e-m+fp/hard\libgcc.a(_dvmd_tls.o)
 .ARM.attributes
                0x00000000000005e9       0x1e c:/st/stm32cubeide_1.7.0/stm32cubeide/plugins/com.st.stm32cube.ide.mcu.externaltools.gnu-tools-for-stm32.9-2020-q2-update.win32_2.0.0.202105311346/tools/bin/../lib/gcc/arm-none-eabi/9.3.1/thumb/v7e-m+fp/hard/crtn.o
OUTPUT(board2.elf elf32-littlearm)
LOAD linker stubs
LOAD c:/st/stm32cubeide_1.7.0/stm32cubeide/plugins/com.st.stm32cube.ide.mcu.externaltools.gnu-tools-for-stm32.9-2020-q2-update.win32_2.0.0.202105311346/tools/bin/../lib/gcc/arm-none-eabi/9.3.1/../../../../arm-none-eabi/lib/thumb/v7e-m+fp/hard\libc.a
LOAD c:/st/stm32cubeide_1.7.0/stm32cubeide/plugins/com.st.stm32cube.ide.mcu.externaltools.gnu-tools-for-stm32.9-2020-q2-update.win32_2.0.0.202105311346/tools/bin/../lib/gcc/arm-none-eabi/9.3.1/../../../../arm-none-eabi/lib/thumb/v7e-m+fp/hard\libm.a
LOAD c:/st/stm32cubeide_1.7.0/stm32cubeide/plugins/com.st.stm32cube.ide.mcu.externaltools.gnu-tools-for-stm32.9-2020-q2-update.win32_2.0.0.202105311346/tools/bin/../lib/gcc/arm-none-eabi/9.3.1/thumb/v7e-m+fp/hard\libgcc.a

.debug_info     0x0000000000000000    0x1304f
 .debug_info    0x0000000000000000      0x205 ./Core/Src/comms.o
 .debug_info    0x0000000000000205      0xdc5 ./Core/Src/configuration.o
 .debug_info    0x0000000000000fca      0xde1 ./Core/Src/flash.o
 .debug_info    0x0000000000001dab     0x1906 ./Core/Src/main.o
 .debug_info    0x00000000000036b1      0x8a3 ./Core/Src/payload.o
 .debug_info    0x0000000000003f54      0xacb ./Core/Src/sensorReadings.o
 .debug_info    0x0000000000004a1f     0x18f1 ./Core/Src/stm32f4xx_hal_msp.o
 .debug_info    0x0000000000006310      0x23b ./Core/Src/stm32f4xx_it.o
 .debug_info    0x000000000000654b      0x5d0 ./Core/Src/system_stm32f4xx.o
 .debug_info    0x0000000000006b1b       0x22 ./Core/Startup/startup_stm32f411ceux.o
 .debug_info    0x0000000000006b3d      0x944 ./Drivers/STM32F4xx_HAL_Driver/Src/stm32f4xx_hal.o
 .debug_info    0x0000000000007481      0xdb4 ./Drivers/STM32F4xx_HAL_Driver/Src/stm32f4xx_hal_adc.o
 .debug_info    0x0000000000008235      0xe47 ./Drivers/STM32F4xx_HAL_Driver/Src/stm32f4xx_hal_cortex.o
 .debug_info    0x000000000000907c      0x675 ./Drivers/STM32F4xx_HAL_Driver/Src/stm32f4xx_hal_flash.o
 .debug_info    0x00000000000096f1      0x8fd ./Drivers/STM32F4xx_HAL_Driver/Src/stm32f4xx_hal_flash_ex.o
 .debug_info    0x0000000000009fee      0x862 ./Drivers/STM32F4xx_HAL_Driver/Src/stm32f4xx_hal_gpio.o
 .debug_info    0x000000000000a850      0xf67 ./Drivers/STM32F4xx_HAL_Driver/Src/stm32f4xx_hal_hcd.o
 .debug_info    0x000000000000b7b7     0x2639 ./Drivers/STM32F4xx_HAL_Driver/Src/stm32f4xx_hal_i2c.o
 .debug_info    0x000000000000ddf0      0x9be ./Drivers/STM32F4xx_HAL_Driver/Src/stm32f4xx_hal_rcc.o
 .debug_info    0x000000000000e7ae     0x17b8 ./Drivers/STM32F4xx_HAL_Driver/Src/stm32f4xx_hal_spi.o
 .debug_info    0x000000000000ff66     0x165d ./Drivers/STM32F4xx_HAL_Driver/Src/stm32f4xx_hal_uart.o
 .debug_info    0x00000000000115c3     0x1a8c ./Drivers/STM32F4xx_HAL_Driver/Src/stm32f4xx_ll_usb.o

.debug_abbrev   0x0000000000000000     0x2f8f
 .debug_abbrev  0x0000000000000000       0xe3 ./Core/Src/comms.o
 .debug_abbrev  0x00000000000000e3      0x2be ./Core/Src/configuration.o
 .debug_abbrev  0x00000000000003a1      0x2da ./Core/Src/flash.o
 .debug_abbrev  0x000000000000067b      0x2cf ./Core/Src/main.o
 .debug_abbrev  0x000000000000094a      0x256 ./Core/Src/payload.o
 .debug_abbrev  0x0000000000000ba0      0x20a ./Core/Src/sensorReadings.o
 .debug_abbrev  0x0000000000000daa      0x23d ./Core/Src/stm32f4xx_hal_msp.o
 .debug_abbrev  0x0000000000000fe7       0xe5 ./Core/Src/stm32f4xx_it.o
 .debug_abbrev  0x00000000000010cc      0x145 ./Core/Src/system_stm32f4xx.o
 .debug_abbrev  0x0000000000001211       0x12 ./Core/Startup/startup_stm32f411ceux.o
 .debug_abbrev  0x0000000000001223      0x21e ./Drivers/STM32F4xx_HAL_Driver/Src/stm32f4xx_hal.o
 .debug_abbrev  0x0000000000001441      0x1ef ./Drivers/STM32F4xx_HAL_Driver/Src/stm32f4xx_hal_adc.o
 .debug_abbrev  0x0000000000001630      0x33c ./Drivers/STM32F4xx_HAL_Driver/Src/stm32f4xx_hal_cortex.o
 .debug_abbrev  0x000000000000196c      0x27e ./Drivers/STM32F4xx_HAL_Driver/Src/stm32f4xx_hal_flash.o
 .debug_abbrev  0x0000000000001bea      0x26e ./Drivers/STM32F4xx_HAL_Driver/Src/stm32f4xx_hal_flash_ex.o
 .debug_abbrev  0x0000000000001e58      0x1f1 ./Drivers/STM32F4xx_HAL_Driver/Src/stm32f4xx_hal_gpio.o
 .debug_abbrev  0x0000000000002049      0x28d ./Drivers/STM32F4xx_HAL_Driver/Src/stm32f4xx_hal_hcd.o
 .debug_abbrev  0x00000000000022d6      0x293 ./Drivers/STM32F4xx_HAL_Driver/Src/stm32f4xx_hal_i2c.o
 .debug_abbrev  0x0000000000002569      0x275 ./Drivers/STM32F4xx_HAL_Driver/Src/stm32f4xx_hal_rcc.o
 .debug_abbrev  0x00000000000027de      0x26e ./Drivers/STM32F4xx_HAL_Driver/Src/stm32f4xx_hal_spi.o
 .debug_abbrev  0x0000000000002a4c      0x29c ./Drivers/STM32F4xx_HAL_Driver/Src/stm32f4xx_hal_uart.o
 .debug_abbrev  0x0000000000002ce8      0x2a7 ./Drivers/STM32F4xx_HAL_Driver/Src/stm32f4xx_ll_usb.o

.debug_aranges  0x0000000000000000     0x1140
 .debug_aranges
                0x0000000000000000       0x48 ./Core/Src/comms.o
 .debug_aranges
                0x0000000000000048       0x80 ./Core/Src/configuration.o
 .debug_aranges
                0x00000000000000c8       0x58 ./Core/Src/flash.o
 .debug_aranges
                0x0000000000000120       0x60 ./Core/Src/main.o
 .debug_aranges
                0x0000000000000180       0x30 ./Core/Src/payload.o
 .debug_aranges
                0x00000000000001b0       0x38 ./Core/Src/sensorReadings.o
 .debug_aranges
                0x00000000000001e8       0x70 ./Core/Src/stm32f4xx_hal_msp.o
 .debug_aranges
                0x0000000000000258       0x60 ./Core/Src/stm32f4xx_it.o
 .debug_aranges
                0x00000000000002b8       0x28 ./Core/Src/system_stm32f4xx.o
 .debug_aranges
                0x00000000000002e0       0x28 ./Core/Startup/startup_stm32f411ceux.o
 .debug_aranges
                0x0000000000000308       0xf0 ./Drivers/STM32F4xx_HAL_Driver/Src/stm32f4xx_hal.o
 .debug_aranges
                0x00000000000003f8       0xe8 ./Drivers/STM32F4xx_HAL_Driver/Src/stm32f4xx_hal_adc.o
 .debug_aranges
                0x00000000000004e0      0x118 ./Drivers/STM32F4xx_HAL_Driver/Src/stm32f4xx_hal_cortex.o
 .debug_aranges
                0x00000000000005f8       0xa0 ./Drivers/STM32F4xx_HAL_Driver/Src/stm32f4xx_hal_flash.o
 .debug_aranges
                0x0000000000000698       0xc8 ./Drivers/STM32F4xx_HAL_Driver/Src/stm32f4xx_hal_flash_ex.o
 .debug_aranges
                0x0000000000000760       0x58 ./Drivers/STM32F4xx_HAL_Driver/Src/stm32f4xx_hal_gpio.o
 .debug_aranges
                0x00000000000007b8       0xf8 ./Drivers/STM32F4xx_HAL_Driver/Src/stm32f4xx_hal_hcd.o
 .debug_aranges
                0x00000000000008b0      0x2a0 ./Drivers/STM32F4xx_HAL_Driver/Src/stm32f4xx_hal_i2c.o
 .debug_aranges
                0x0000000000000b50       0x88 ./Drivers/STM32F4xx_HAL_Driver/Src/stm32f4xx_hal_rcc.o
 .debug_aranges
                0x0000000000000bd8      0x1d0 ./Drivers/STM32F4xx_HAL_Driver/Src/stm32f4xx_hal_spi.o
 .debug_aranges
                0x0000000000000da8      0x200 ./Drivers/STM32F4xx_HAL_Driver/Src/stm32f4xx_hal_uart.o
 .debug_aranges
                0x0000000000000fa8      0x198 ./Drivers/STM32F4xx_HAL_Driver/Src/stm32f4xx_ll_usb.o

.debug_ranges   0x0000000000000000     0x1040
 .debug_ranges  0x0000000000000000       0x38 ./Core/Src/comms.o
 .debug_ranges  0x0000000000000038       0x70 ./Core/Src/configuration.o
 .debug_ranges  0x00000000000000a8       0x48 ./Core/Src/flash.o
 .debug_ranges  0x00000000000000f0       0x50 ./Core/Src/main.o
 .debug_ranges  0x0000000000000140       0x20 ./Core/Src/payload.o
 .debug_ranges  0x0000000000000160       0x28 ./Core/Src/sensorReadings.o
 .debug_ranges  0x0000000000000188       0x60 ./Core/Src/stm32f4xx_hal_msp.o
 .debug_ranges  0x00000000000001e8       0x50 ./Core/Src/stm32f4xx_it.o
 .debug_ranges  0x0000000000000238       0x18 ./Core/Src/system_stm32f4xx.o
 .debug_ranges  0x0000000000000250       0x20 ./Core/Startup/startup_stm32f411ceux.o
 .debug_ranges  0x0000000000000270       0xe0 ./Drivers/STM32F4xx_HAL_Driver/Src/stm32f4xx_hal.o
 .debug_ranges  0x0000000000000350       0xd8 ./Drivers/STM32F4xx_HAL_Driver/Src/stm32f4xx_hal_adc.o
 .debug_ranges  0x0000000000000428      0x108 ./Drivers/STM32F4xx_HAL_Driver/Src/stm32f4xx_hal_cortex.o
 .debug_ranges  0x0000000000000530       0x90 ./Drivers/STM32F4xx_HAL_Driver/Src/stm32f4xx_hal_flash.o
 .debug_ranges  0x00000000000005c0       0xb8 ./Drivers/STM32F4xx_HAL_Driver/Src/stm32f4xx_hal_flash_ex.o
 .debug_ranges  0x0000000000000678       0x48 ./Drivers/STM32F4xx_HAL_Driver/Src/stm32f4xx_hal_gpio.o
 .debug_ranges  0x00000000000006c0       0xe8 ./Drivers/STM32F4xx_HAL_Driver/Src/stm32f4xx_hal_hcd.o
 .debug_ranges  0x00000000000007a8      0x2b8 ./Drivers/STM32F4xx_HAL_Driver/Src/stm32f4xx_hal_i2c.o
 .debug_ranges  0x0000000000000a60       0x78 ./Drivers/STM32F4xx_HAL_Driver/Src/stm32f4xx_hal_rcc.o
 .debug_ranges  0x0000000000000ad8      0x1c0 ./Drivers/STM32F4xx_HAL_Driver/Src/stm32f4xx_hal_spi.o
 .debug_ranges  0x0000000000000c98      0x220 ./Drivers/STM32F4xx_HAL_Driver/Src/stm32f4xx_hal_uart.o
 .debug_ranges  0x0000000000000eb8      0x188 ./Drivers/STM32F4xx_HAL_Driver/Src/stm32f4xx_ll_usb.o

.debug_macro    0x0000000000000000    0x18a13
 .debug_macro   0x0000000000000000      0x240 ./Core/Src/comms.o
 .debug_macro   0x0000000000000240      0xaa8 ./Core/Src/comms.o
 .debug_macro   0x0000000000000ce8       0x22 ./Core/Src/comms.o
 .debug_macro   0x0000000000000d0a       0x22 ./Core/Src/comms.o
 .debug_macro   0x0000000000000d2c       0x8e ./Core/Src/comms.o
 .debug_macro   0x0000000000000dba       0x51 ./Core/Src/comms.o
 .debug_macro   0x0000000000000e0b      0x103 ./Core/Src/comms.o
 .debug_macro   0x0000000000000f0e       0x6a ./Core/Src/comms.o
 .debug_macro   0x0000000000000f78      0x1df ./Core/Src/comms.o
 .debug_macro   0x0000000000001157      0x2ad ./Core/Src/comms.o
 .debug_macro   0x0000000000001404       0x2e ./Core/Src/comms.o
 .debug_macro   0x0000000000001432       0x28 ./Core/Src/comms.o
 .debug_macro   0x000000000000145a       0x1c ./Core/Src/comms.o
 .debug_macro   0x0000000000001476       0x22 ./Core/Src/comms.o
 .debug_macro   0x0000000000001498       0xdf ./Core/Src/comms.o
 .debug_macro   0x0000000000001577     0x102d ./Core/Src/comms.o
 .debug_macro   0x00000000000025a4      0x11f ./Core/Src/comms.o
 .debug_macro   0x00000000000026c3     0xb937 ./Core/Src/comms.o
 .debug_macro   0x000000000000dffa       0x43 ./Core/Src/comms.o
 .debug_macro   0x000000000000e03d     0x3659 ./Core/Src/comms.o
 .debug_macro   0x0000000000011696      0x174 ./Core/Src/comms.o
 .debug_macro   0x000000000001180a       0x5c ./Core/Src/comms.o
 .debug_macro   0x0000000000011866      0x447 ./Core/Src/comms.o
 .debug_macro   0x0000000000011cad      0x9fe ./Core/Src/comms.o
 .debug_macro   0x00000000000126ab      0x117 ./Core/Src/comms.o
 .debug_macro   0x00000000000127c2      0x11b ./Core/Src/comms.o
 .debug_macro   0x00000000000128dd       0x82 ./Core/Src/comms.o
 .debug_macro   0x000000000001295f      0x15f ./Core/Src/comms.o
 .debug_macro   0x0000000000012abe      0x287 ./Core/Src/comms.o
 .debug_macro   0x0000000000012d45       0x5f ./Core/Src/comms.o
 .debug_macro   0x0000000000012da4      0x236 ./Core/Src/comms.o
 .debug_macro   0x0000000000012fda      0x9e1 ./Core/Src/comms.o
 .debug_macro   0x00000000000139bb      0x38b ./Core/Src/comms.o
 .debug_macro   0x0000000000013d46      0x17d ./Core/Src/comms.o
 .debug_macro   0x0000000000013ec3       0xf9 ./Core/Src/comms.o
 .debug_macro   0x0000000000013fbc      0x132 ./Core/Src/comms.o
 .debug_macro   0x00000000000140ee      0x264 ./Core/Src/comms.o
 .debug_macro   0x0000000000014352       0x2e ./Core/Src/comms.o
 .debug_macro   0x0000000000014380      0x1b5 ./Core/Src/comms.o
 .debug_macro   0x0000000000014535       0x22 ./Core/Src/comms.o
 .debug_macro   0x0000000000014557       0xd6 ./Core/Src/comms.o
 .debug_macro   0x000000000001462d      0x11a ./Core/Src/comms.o
 .debug_macro   0x0000000000014747       0x85 ./Core/Src/comms.o
 .debug_macro   0x00000000000147cc       0x89 ./Core/Src/comms.o
 .debug_macro   0x0000000000014855      0x225 ./Core/Src/comms.o
 .debug_macro   0x0000000000014a7a      0x295 ./Core/Src/comms.o
 .debug_macro   0x0000000000014d0f      0x21e ./Core/Src/comms.o
 .debug_macro   0x0000000000014f2d       0x7a ./Core/Src/comms.o
 .debug_macro   0x0000000000014fa7      0x126 ./Core/Src/comms.o
 .debug_macro   0x00000000000150cd       0x52 ./Core/Src/comms.o
 .debug_macro   0x000000000001511f      0x240 ./Core/Src/configuration.o
 .debug_macro   0x000000000001535f      0x3b7 ./Core/Src/flash.o
 .debug_macro   0x0000000000015716       0x52 ./Core/Src/flash.o
 .debug_macro   0x0000000000015768       0x18 ./Core/Src/flash.o
 .debug_macro   0x0000000000015780       0x3c ./Core/Src/flash.o
 .debug_macro   0x00000000000157bc       0x34 ./Core/Src/flash.o
 .debug_macro   0x00000000000157f0       0x16 ./Core/Src/flash.o
 .debug_macro   0x0000000000015806       0x43 ./Core/Src/flash.o
 .debug_macro   0x0000000000015849       0x34 ./Core/Src/flash.o
 .debug_macro   0x000000000001587d       0x10 ./Core/Src/flash.o
 .debug_macro   0x000000000001588d       0x58 ./Core/Src/flash.o
 .debug_macro   0x00000000000158e5       0x71 ./Core/Src/flash.o
 .debug_macro   0x0000000000015956       0x1c ./Core/Src/flash.o
 .debug_macro   0x0000000000015972      0x12a ./Core/Src/flash.o
 .debug_macro   0x0000000000015a9c      0x333 ./Core/Src/flash.o
 .debug_macro   0x0000000000015dcf       0x10 ./Core/Src/flash.o
 .debug_macro   0x0000000000015ddf       0x35 ./Core/Src/flash.o
 .debug_macro   0x0000000000015e14       0x20 ./Core/Src/flash.o
 .debug_macro   0x0000000000015e34       0x1c ./Core/Src/flash.o
 .debug_macro   0x0000000000015e50       0x10 ./Core/Src/flash.o
 .debug_macro   0x0000000000015e60       0x10 ./Core/Src/flash.o
 .debug_macro   0x0000000000015e70       0x1c ./Core/Src/flash.o
 .debug_macro   0x0000000000015e8c       0x52 ./Core/Src/flash.o
 .debug_macro   0x0000000000015ede       0x22 ./Core/Src/flash.o
 .debug_macro   0x0000000000015f00       0x10 ./Core/Src/flash.o
 .debug_macro   0x0000000000015f10       0x40 ./Core/Src/flash.o
 .debug_macro   0x0000000000015f50       0xd5 ./Core/Src/flash.o
 .debug_macro   0x0000000000016025       0x1c ./Core/Src/flash.o
 .debug_macro   0x0000000000016041       0x3d ./Core/Src/flash.o
 .debug_macro   0x000000000001607e       0x16 ./Core/Src/flash.o
 .debug_macro   0x0000000000016094      0x145 ./Core/Src/flash.o
 .debug_macro   0x00000000000161d9      0x268 ./Core/Src/main.o
 .debug_macro   0x0000000000016441      0x244 ./Core/Src/payload.o
 .debug_macro   0x0000000000016685      0x240 ./Core/Src/sensorReadings.o
 .debug_macro   0x00000000000168c5      0x268 ./Core/Src/stm32f4xx_hal_msp.o
 .debug_macro   0x0000000000016b2d      0x272 ./Core/Src/stm32f4xx_it.o
 .debug_macro   0x0000000000016d9f      0x21e ./Core/Src/system_stm32f4xx.o
 .debug_macro   0x0000000000016fbd      0x27e ./Drivers/STM32F4xx_HAL_Driver/Src/stm32f4xx_hal.o
 .debug_macro   0x000000000001723b      0x21f ./Drivers/STM32F4xx_HAL_Driver/Src/stm32f4xx_hal_adc.o
 .debug_macro   0x000000000001745a      0x21e ./Drivers/STM32F4xx_HAL_Driver/Src/stm32f4xx_hal_cortex.o
 .debug_macro   0x0000000000017678      0x224 ./Drivers/STM32F4xx_HAL_Driver/Src/stm32f4xx_hal_flash.o
 .debug_macro   0x000000000001789c      0x224 ./Drivers/STM32F4xx_HAL_Driver/Src/stm32f4xx_hal_flash_ex.o
 .debug_macro   0x0000000000017ac0      0x224 ./Drivers/STM32F4xx_HAL_Driver/Src/stm32f4xx_hal_gpio.o
 .debug_macro   0x0000000000017ce4      0x21e ./Drivers/STM32F4xx_HAL_Driver/Src/stm32f4xx_hal_hcd.o
 .debug_macro   0x0000000000017f02      0x265 ./Drivers/STM32F4xx_HAL_Driver/Src/stm32f4xx_hal_i2c.o
 .debug_macro   0x0000000000018167      0x242 ./Drivers/STM32F4xx_HAL_Driver/Src/stm32f4xx_hal_rcc.o
 .debug_macro   0x00000000000183a9      0x22d ./Drivers/STM32F4xx_HAL_Driver/Src/stm32f4xx_hal_spi.o
 .debug_macro   0x00000000000185d6      0x21f ./Drivers/STM32F4xx_HAL_Driver/Src/stm32f4xx_hal_uart.o
 .debug_macro   0x00000000000187f5      0x21e ./Drivers/STM32F4xx_HAL_Driver/Src/stm32f4xx_ll_usb.o

.debug_line     0x0000000000000000    0x146af
 .debug_line    0x0000000000000000      0x7c4 ./Core/Src/comms.o
 .debug_line    0x00000000000007c4      0x9b4 ./Core/Src/configuration.o
 .debug_line    0x0000000000001178      0xb96 ./Core/Src/flash.o
 .debug_line    0x0000000000001d0e      0xa12 ./Core/Src/main.o
 .debug_line    0x0000000000002720      0x7aa ./Core/Src/payload.o
 .debug_line    0x0000000000002eca      0x81f ./Core/Src/sensorReadings.o
 .debug_line    0x00000000000036e9      0x942 ./Core/Src/stm32f4xx_hal_msp.o
 .debug_line    0x000000000000402b      0x871 ./Core/Src/stm32f4xx_it.o
 .debug_line    0x000000000000489c      0x7d3 ./Core/Src/system_stm32f4xx.o
 .debug_line    0x000000000000506f       0x88 ./Core/Startup/startup_stm32f411ceux.o
 .debug_line    0x00000000000050f7      0xa39 ./Drivers/STM32F4xx_HAL_Driver/Src/stm32f4xx_hal.o
 .debug_line    0x0000000000005b30     0x11fd ./Drivers/STM32F4xx_HAL_Driver/Src/stm32f4xx_hal_adc.o
 .debug_line    0x0000000000006d2d      0xce8 ./Drivers/STM32F4xx_HAL_Driver/Src/stm32f4xx_hal_cortex.o
 .debug_line    0x0000000000007a15      0xacb ./Drivers/STM32F4xx_HAL_Driver/Src/stm32f4xx_hal_flash.o
 .debug_line    0x00000000000084e0      0xbcf ./Drivers/STM32F4xx_HAL_Driver/Src/stm32f4xx_hal_flash_ex.o
 .debug_line    0x00000000000090af      0xb75 ./Drivers/STM32F4xx_HAL_Driver/Src/stm32f4xx_hal_gpio.o
 .debug_line    0x0000000000009c24     0x124e ./Drivers/STM32F4xx_HAL_Driver/Src/stm32f4xx_hal_hcd.o
 .debug_line    0x000000000000ae72     0x39c0 ./Drivers/STM32F4xx_HAL_Driver/Src/stm32f4xx_hal_i2c.o
 .debug_line    0x000000000000e832      0xdb3 ./Drivers/STM32F4xx_HAL_Driver/Src/stm32f4xx_hal_rcc.o
 .debug_line    0x000000000000f5e5     0x1cc1 ./Drivers/STM32F4xx_HAL_Driver/Src/stm32f4xx_hal_spi.o
 .debug_line    0x00000000000112a6     0x1aff ./Drivers/STM32F4xx_HAL_Driver/Src/stm32f4xx_hal_uart.o
 .debug_line    0x0000000000012da5     0x190a ./Drivers/STM32F4xx_HAL_Driver/Src/stm32f4xx_ll_usb.o

.debug_str      0x0000000000000000    0x97a9d
 .debug_str     0x0000000000000000    0x8e810 ./Core/Src/comms.o
                                      0x8ea99 (size before relaxing)
 .debug_str     0x000000000008e810      0x8bf ./Core/Src/configuration.o
                                      0x8f3c0 (size before relaxing)
 .debug_str     0x000000000008f0cf     0x4232 ./Core/Src/flash.o
                                      0x92c47 (size before relaxing)
 .debug_str     0x0000000000093301      0x9e8 ./Core/Src/main.o
                                      0x8fbff (size before relaxing)
 .debug_str     0x0000000000093ce9       0xf8 ./Core/Src/payload.o
                                      0x8efb5 (size before relaxing)
 .debug_str     0x0000000000093de1      0x14d ./Core/Src/sensorReadings.o
                                      0x8f14b (size before relaxing)
 .debug_str     0x0000000000093f2e      0x149 ./Core/Src/stm32f4xx_hal_msp.o
                                      0x8fa5a (size before relaxing)
 .debug_str     0x0000000000094077       0xbd ./Core/Src/stm32f4xx_it.o
                                      0x8eb46 (size before relaxing)
 .debug_str     0x0000000000094134       0xaf ./Core/Src/system_stm32f4xx.o
                                      0x8eadb (size before relaxing)
 .debug_str     0x00000000000941e3       0x6d ./Core/Startup/startup_stm32f411ceux.o
 .debug_str     0x0000000000094250      0x8fd ./Drivers/STM32F4xx_HAL_Driver/Src/stm32f4xx_hal.o
                                      0x8f463 (size before relaxing)
 .debug_str     0x0000000000094b4d      0x29c ./Drivers/STM32F4xx_HAL_Driver/Src/stm32f4xx_hal_adc.o
                                      0x8f073 (size before relaxing)
 .debug_str     0x0000000000094de9      0x392 ./Drivers/STM32F4xx_HAL_Driver/Src/stm32f4xx_hal_cortex.o
                                      0x8f240 (size before relaxing)
 .debug_str     0x000000000009517b      0x29e ./Drivers/STM32F4xx_HAL_Driver/Src/stm32f4xx_hal_flash.o
                                      0x8ecb2 (size before relaxing)
 .debug_str     0x0000000000095419      0x2e5 ./Drivers/STM32F4xx_HAL_Driver/Src/stm32f4xx_hal_flash_ex.o
                                      0x8edeb (size before relaxing)
 .debug_str     0x00000000000956fe      0x176 ./Drivers/STM32F4xx_HAL_Driver/Src/stm32f4xx_hal_gpio.o
                                      0x8ec80 (size before relaxing)
 .debug_str     0x0000000000095874      0x3e0 ./Drivers/STM32F4xx_HAL_Driver/Src/stm32f4xx_hal_hcd.o
                                      0x8f178 (size before relaxing)
 .debug_str     0x0000000000095c54      0xa97 ./Drivers/STM32F4xx_HAL_Driver/Src/stm32f4xx_hal_i2c.o
                                      0x8fa4e (size before relaxing)
 .debug_str     0x00000000000966eb      0x243 ./Drivers/STM32F4xx_HAL_Driver/Src/stm32f4xx_hal_rcc.o
                                      0x8eedb (size before relaxing)
 .debug_str     0x000000000009692e      0x55f ./Drivers/STM32F4xx_HAL_Driver/Src/stm32f4xx_hal_spi.o
                                      0x8f36b (size before relaxing)
 .debug_str     0x0000000000096e8d      0x5d8 ./Drivers/STM32F4xx_HAL_Driver/Src/stm32f4xx_hal_uart.o
                                      0x8f42b (size before relaxing)
 .debug_str     0x0000000000097465      0x638 ./Drivers/STM32F4xx_HAL_Driver/Src/stm32f4xx_ll_usb.o
                                      0x8f3d2 (size before relaxing)

.comment        0x0000000000000000       0x53
 .comment       0x0000000000000000       0x53 ./Core/Src/comms.o
                                         0x54 (size before relaxing)
 .comment       0x0000000000000053       0x54 ./Core/Src/configuration.o
 .comment       0x0000000000000053       0x54 ./Core/Src/flash.o
 .comment       0x0000000000000053       0x54 ./Core/Src/main.o
 .comment       0x0000000000000053       0x54 ./Core/Src/payload.o
 .comment       0x0000000000000053       0x54 ./Core/Src/sensorReadings.o
 .comment       0x0000000000000053       0x54 ./Core/Src/stm32f4xx_hal_msp.o
 .comment       0x0000000000000053       0x54 ./Core/Src/stm32f4xx_it.o
 .comment       0x0000000000000053       0x54 ./Core/Src/system_stm32f4xx.o
 .comment       0x0000000000000053       0x54 ./Drivers/STM32F4xx_HAL_Driver/Src/stm32f4xx_hal.o
 .comment       0x0000000000000053       0x54 ./Drivers/STM32F4xx_HAL_Driver/Src/stm32f4xx_hal_adc.o
 .comment       0x0000000000000053       0x54 ./Drivers/STM32F4xx_HAL_Driver/Src/stm32f4xx_hal_cortex.o
 .comment       0x0000000000000053       0x54 ./Drivers/STM32F4xx_HAL_Driver/Src/stm32f4xx_hal_flash.o
 .comment       0x0000000000000053       0x54 ./Drivers/STM32F4xx_HAL_Driver/Src/stm32f4xx_hal_flash_ex.o
 .comment       0x0000000000000053       0x54 ./Drivers/STM32F4xx_HAL_Driver/Src/stm32f4xx_hal_gpio.o
 .comment       0x0000000000000053       0x54 ./Drivers/STM32F4xx_HAL_Driver/Src/stm32f4xx_hal_hcd.o
 .comment       0x0000000000000053       0x54 ./Drivers/STM32F4xx_HAL_Driver/Src/stm32f4xx_hal_i2c.o
 .comment       0x0000000000000053       0x54 ./Drivers/STM32F4xx_HAL_Driver/Src/stm32f4xx_hal_rcc.o
 .comment       0x0000000000000053       0x54 ./Drivers/STM32F4xx_HAL_Driver/Src/stm32f4xx_hal_spi.o
 .comment       0x0000000000000053       0x54 ./Drivers/STM32F4xx_HAL_Driver/Src/stm32f4xx_hal_uart.o
 .comment       0x0000000000000053       0x54 ./Drivers/STM32F4xx_HAL_Driver/Src/stm32f4xx_ll_usb.o

.debug_frame    0x0000000000000000     0x4958
 .debug_frame   0x0000000000000000       0xd0 ./Core/Src/comms.o
 .debug_frame   0x00000000000000d0      0x1d8 ./Core/Src/configuration.o
 .debug_frame   0x00000000000002a8      0x144 ./Core/Src/flash.o
 .debug_frame   0x00000000000003ec      0x128 ./Core/Src/main.o
 .debug_frame   0x0000000000000514       0x80 ./Core/Src/payload.o
 .debug_frame   0x0000000000000594       0xac ./Core/Src/sensorReadings.o
 .debug_frame   0x0000000000000640      0x1a0 ./Core/Src/stm32f4xx_hal_msp.o
 .debug_frame   0x00000000000007e0      0x104 ./Core/Src/stm32f4xx_it.o
 .debug_frame   0x00000000000008e4       0x58 ./Core/Src/system_stm32f4xx.o
 .debug_frame   0x000000000000093c      0x374 ./Drivers/STM32F4xx_HAL_Driver/Src/stm32f4xx_hal.o
 .debug_frame   0x0000000000000cb0      0x3fc ./Drivers/STM32F4xx_HAL_Driver/Src/stm32f4xx_hal_adc.o
 .debug_frame   0x00000000000010ac      0x498 ./Drivers/STM32F4xx_HAL_Driver/Src/stm32f4xx_hal_cortex.o
 .debug_frame   0x0000000000001544      0x274 ./Drivers/STM32F4xx_HAL_Driver/Src/stm32f4xx_hal_flash.o
 .debug_frame   0x00000000000017b8      0x334 ./Drivers/STM32F4xx_HAL_Driver/Src/stm32f4xx_hal_flash_ex.o
 .debug_frame   0x0000000000001aec      0x14c ./Drivers/STM32F4xx_HAL_Driver/Src/stm32f4xx_hal_gpio.o
 .debug_frame   0x0000000000001c38      0x44c ./Drivers/STM32F4xx_HAL_Driver/Src/stm32f4xx_hal_hcd.o
 .debug_frame   0x0000000000002084      0xc5c ./Drivers/STM32F4xx_HAL_Driver/Src/stm32f4xx_hal_i2c.o
 .debug_frame   0x0000000000002ce0      0x1ec ./Drivers/STM32F4xx_HAL_Driver/Src/stm32f4xx_hal_rcc.o
 .debug_frame   0x0000000000002ecc      0x824 ./Drivers/STM32F4xx_HAL_Driver/Src/stm32f4xx_hal_spi.o
 .debug_frame   0x00000000000036f0      0x924 ./Drivers/STM32F4xx_HAL_Driver/Src/stm32f4xx_hal_uart.o
 .debug_frame   0x0000000000004014      0x798 ./Drivers/STM32F4xx_HAL_Driver/Src/stm32f4xx_ll_usb.o
 .debug_frame   0x00000000000047ac       0x2c c:/st/stm32cubeide_1.7.0/stm32cubeide/plugins/com.st.stm32cube.ide.mcu.externaltools.gnu-tools-for-stm32.9-2020-q2-update.win32_2.0.0.202105311346/tools/bin/../lib/gcc/arm-none-eabi/9.3.1/../../../../arm-none-eabi/lib/thumb/v7e-m+fp/hard\libc_nano.a(lib_a-init.o)
 .debug_frame   0x00000000000047d8       0x20 c:/st/stm32cubeide_1.7.0/stm32cubeide/plugins/com.st.stm32cube.ide.mcu.externaltools.gnu-tools-for-stm32.9-2020-q2-update.win32_2.0.0.202105311346/tools/bin/../lib/gcc/arm-none-eabi/9.3.1/../../../../arm-none-eabi/lib/thumb/v7e-m+fp/hard\libc_nano.a(lib_a-memset.o)
 .debug_frame   0x00000000000047f8       0x30 c:/st/stm32cubeide_1.7.0/stm32cubeide/plugins/com.st.stm32cube.ide.mcu.externaltools.gnu-tools-for-stm32.9-2020-q2-update.win32_2.0.0.202105311346/tools/bin/../lib/gcc/arm-none-eabi/9.3.1/thumb/v7e-m+fp/hard\libgcc.a(_arm_muldf3.o)
 .debug_frame   0x0000000000004828       0xac c:/st/stm32cubeide_1.7.0/stm32cubeide/plugins/com.st.stm32cube.ide.mcu.externaltools.gnu-tools-for-stm32.9-2020-q2-update.win32_2.0.0.202105311346/tools/bin/../lib/gcc/arm-none-eabi/9.3.1/thumb/v7e-m+fp/hard\libgcc.a(_arm_addsubdf3.o)
 .debug_frame   0x00000000000048d4       0x24 c:/st/stm32cubeide_1.7.0/stm32cubeide/plugins/com.st.stm32cube.ide.mcu.externaltools.gnu-tools-for-stm32.9-2020-q2-update.win32_2.0.0.202105311346/tools/bin/../lib/gcc/arm-none-eabi/9.3.1/thumb/v7e-m+fp/hard\libgcc.a(_arm_truncdfsf2.o)
 .debug_frame   0x00000000000048f8       0x2c c:/st/stm32cubeide_1.7.0/stm32cubeide/plugins/com.st.stm32cube.ide.mcu.externaltools.gnu-tools-for-stm32.9-2020-q2-update.win32_2.0.0.202105311346/tools/bin/../lib/gcc/arm-none-eabi/9.3.1/thumb/v7e-m+fp/hard\libgcc.a(_aeabi_uldivmod.o)
 .debug_frame   0x0000000000004924       0x34 c:/st/stm32cubeide_1.7.0/stm32cubeide/plugins/com.st.stm32cube.ide.mcu.externaltools.gnu-tools-for-stm32.9-2020-q2-update.win32_2.0.0.202105311346/tools/bin/../lib/gcc/arm-none-eabi/9.3.1/thumb/v7e-m+fp/hard\libgcc.a(_udivmoddi4.o)
