Archive member included to satisfy reference by file (symbol)

d:/stm32/stm32cubeide_1.7.0/stm32cubeide/plugins/com.st.stm32cube.ide.mcu.externaltools.gnu-tools-for-stm32.9-2020-q2-update.win32_2.0.0.202105311346/tools/bin/../lib/gcc/arm-none-eabi/9.3.1/../../../../arm-none-eabi/lib/thumb/v7e-m+fp/hard\libm.a(lib_a-s_ceil.o)
                              ./Core/Src/radio.o (ceil)
d:/stm32/stm32cubeide_1.7.0/stm32cubeide/plugins/com.st.stm32cube.ide.mcu.externaltools.gnu-tools-for-stm32.9-2020-q2-update.win32_2.0.0.202105311346/tools/bin/../lib/gcc/arm-none-eabi/9.3.1/../../../../arm-none-eabi/lib/thumb/v7e-m+fp/hard\libm.a(lib_a-s_floor.o)
                              ./Core/Src/radio.o (floor)
d:/stm32/stm32cubeide_1.7.0/stm32cubeide/plugins/com.st.stm32cube.ide.mcu.externaltools.gnu-tools-for-stm32.9-2020-q2-update.win32_2.0.0.202105311346/tools/bin/../lib/gcc/arm-none-eabi/9.3.1/../../../../arm-none-eabi/lib/thumb/v7e-m+fp/hard\libm.a(lib_a-s_rint.o)
                              ./Core/Src/radio.o (rint)
d:/stm32/stm32cubeide_1.7.0/stm32cubeide/plugins/com.st.stm32cube.ide.mcu.externaltools.gnu-tools-for-stm32.9-2020-q2-update.win32_2.0.0.202105311346/tools/bin/../lib/gcc/arm-none-eabi/9.3.1/../../../../arm-none-eabi/lib/thumb/v7e-m+fp/hard\libc_nano.a(lib_a-errno.o)
                              ./Core/Src/syscalls.o (__errno)
d:/stm32/stm32cubeide_1.7.0/stm32cubeide/plugins/com.st.stm32cube.ide.mcu.externaltools.gnu-tools-for-stm32.9-2020-q2-update.win32_2.0.0.202105311346/tools/bin/../lib/gcc/arm-none-eabi/9.3.1/../../../../arm-none-eabi/lib/thumb/v7e-m+fp/hard\libc_nano.a(lib_a-exit.o)
                              d:/stm32/stm32cubeide_1.7.0/stm32cubeide/plugins/com.st.stm32cube.ide.mcu.externaltools.gnu-tools-for-stm32.9-2020-q2-update.win32_2.0.0.202105311346/tools/bin/../lib/gcc/arm-none-eabi/9.3.1/../../../../arm-none-eabi/lib/thumb/v7e-m+fp/hard/crt0.o (exit)
d:/stm32/stm32cubeide_1.7.0/stm32cubeide/plugins/com.st.stm32cube.ide.mcu.externaltools.gnu-tools-for-stm32.9-2020-q2-update.win32_2.0.0.202105311346/tools/bin/../lib/gcc/arm-none-eabi/9.3.1/../../../../arm-none-eabi/lib/thumb/v7e-m+fp/hard\libc_nano.a(lib_a-impure.o)
                              d:/stm32/stm32cubeide_1.7.0/stm32cubeide/plugins/com.st.stm32cube.ide.mcu.externaltools.gnu-tools-for-stm32.9-2020-q2-update.win32_2.0.0.202105311346/tools/bin/../lib/gcc/arm-none-eabi/9.3.1/../../../../arm-none-eabi/lib/thumb/v7e-m+fp/hard\libc_nano.a(lib_a-exit.o) (_global_impure_ptr)
d:/stm32/stm32cubeide_1.7.0/stm32cubeide/plugins/com.st.stm32cube.ide.mcu.externaltools.gnu-tools-for-stm32.9-2020-q2-update.win32_2.0.0.202105311346/tools/bin/../lib/gcc/arm-none-eabi/9.3.1/../../../../arm-none-eabi/lib/thumb/v7e-m+fp/hard\libc_nano.a(lib_a-init.o)
                              d:/stm32/stm32cubeide_1.7.0/stm32cubeide/plugins/com.st.stm32cube.ide.mcu.externaltools.gnu-tools-for-stm32.9-2020-q2-update.win32_2.0.0.202105311346/tools/bin/../lib/gcc/arm-none-eabi/9.3.1/../../../../arm-none-eabi/lib/thumb/v7e-m+fp/hard/crt0.o (__libc_init_array)
d:/stm32/stm32cubeide_1.7.0/stm32cubeide/plugins/com.st.stm32cube.ide.mcu.externaltools.gnu-tools-for-stm32.9-2020-q2-update.win32_2.0.0.202105311346/tools/bin/../lib/gcc/arm-none-eabi/9.3.1/../../../../arm-none-eabi/lib/thumb/v7e-m+fp/hard\libc_nano.a(lib_a-memset.o)
                              d:/stm32/stm32cubeide_1.7.0/stm32cubeide/plugins/com.st.stm32cube.ide.mcu.externaltools.gnu-tools-for-stm32.9-2020-q2-update.win32_2.0.0.202105311346/tools/bin/../lib/gcc/arm-none-eabi/9.3.1/../../../../arm-none-eabi/lib/thumb/v7e-m+fp/hard/crt0.o (memset)
d:/stm32/stm32cubeide_1.7.0/stm32cubeide/plugins/com.st.stm32cube.ide.mcu.externaltools.gnu-tools-for-stm32.9-2020-q2-update.win32_2.0.0.202105311346/tools/bin/../lib/gcc/arm-none-eabi/9.3.1/../../../../arm-none-eabi/lib/thumb/v7e-m+fp/hard\libc_nano.a(lib_a-strlen.o)
                              ./Core/Src/flash.o (strlen)
d:/stm32/stm32cubeide_1.7.0/stm32cubeide/plugins/com.st.stm32cube.ide.mcu.externaltools.gnu-tools-for-stm32.9-2020-q2-update.win32_2.0.0.202105311346/tools/bin/../lib/gcc/arm-none-eabi/9.3.1/thumb/v7e-m+fp/hard\libgcc.a(_arm_muldf3.o)
                              ./Core/Src/radio.o (__aeabi_dmul)
d:/stm32/stm32cubeide_1.7.0/stm32cubeide/plugins/com.st.stm32cube.ide.mcu.externaltools.gnu-tools-for-stm32.9-2020-q2-update.win32_2.0.0.202105311346/tools/bin/../lib/gcc/arm-none-eabi/9.3.1/thumb/v7e-m+fp/hard\libgcc.a(_arm_addsubdf3.o)
                              d:/stm32/stm32cubeide_1.7.0/stm32cubeide/plugins/com.st.stm32cube.ide.mcu.externaltools.gnu-tools-for-stm32.9-2020-q2-update.win32_2.0.0.202105311346/tools/bin/../lib/gcc/arm-none-eabi/9.3.1/../../../../arm-none-eabi/lib/thumb/v7e-m+fp/hard\libm.a(lib_a-s_rint.o) (__aeabi_dsub)
[...]
Memory Configuration

Name             Origin             Length             Attributes
RAM              0x0000000020000000 0x0000000000020000 xrw
FLASH            0x0000000008000000 0x0000000000080000 xr
*default*        0x0000000000000000 0xffffffffffffffff

Linker script and memory map

LOAD d:/stm32/stm32cubeide_1.7.0/stm32cubeide/plugins/com.st.stm32cube.ide.mcu.externaltools.gnu-tools-for-stm32.9-2020-q2-update.win32_2.0.0.202105311346/tools/bin/../lib/gcc/arm-none-eabi/9.3.1/thumb/v7e-m+fp/hard/crti.o
LOAD d:/stm32/stm32cubeide_1.7.0/stm32cubeide/plugins/com.st.stm32cube.ide.mcu.externaltools.gnu-tools-for-stm32.9-2020-q2-update.win32_2.0.0.202105311346/tools/bin/../lib/gcc/arm-none-eabi/9.3.1/thumb/v7e-m+fp/hard/crtbegin.o
LOAD d:/stm32/stm32cubeide_1.7.0/stm32cubeide/plugins/com.st.stm32cube.ide.mcu.externaltools.gnu-tools-for-stm32.9-2020-q2-update.win32_2.0.0.202105311346/tools/bin/../lib/gcc/arm-none-eabi/9.3.1/../../../../arm-none-eabi/lib/thumb/v7e-m+fp/hard/crt0.o
LOAD ./Core/Src/comms.o
LOAD ./Core/Src/configuration.o
LOAD ./Core/Src/delay.o
LOAD ./Core/Src/fifo.o
LOAD ./Core/Src/flash.o
LOAD ./Core/Src/gpio.o
LOAD ./Core/Src/main.o
LOAD ./Core/Src/payload.o
LOAD ./Core/Src/radio.o
LOAD ./Core/Src/sensorReadings.o
LOAD ./Core/Src/stm32f4xx_hal_msp.o
LOAD ./Core/Src/stm32f4xx_it.o
LOAD ./Core/Src/sx126x.o
LOAD ./Core/Src/syscalls.o
LOAD ./Core/Src/sysmem.o
LOAD ./Core/Src/system_stm32f4xx.o
LOAD ./Core/Src/timer.o
LOAD ./Core/Startup/startup_stm32f411ceux.o
LOAD ./Drivers/STM32F4xx_HAL_Driver/Src/stm32f4xx_hal.o
LOAD ./Drivers/STM32F4xx_HAL_Driver/Src/stm32f4xx_hal_adc.o
LOAD ./Drivers/STM32F4xx_HAL_Driver/Src/stm32f4xx_hal_adc_ex.o
LOAD ./Drivers/STM32F4xx_HAL_Driver/Src/stm32f4xx_hal_cortex.o
LOAD ./Drivers/STM32F4xx_HAL_Driver/Src/stm32f4xx_hal_dma.o
LOAD ./Drivers/STM32F4xx_HAL_Driver/Src/stm32f4xx_hal_dma_ex.o
LOAD ./Drivers/STM32F4xx_HAL_Driver/Src/stm32f4xx_hal_exti.o
LOAD ./Drivers/STM32F4xx_HAL_Driver/Src/stm32f4xx_hal_flash.o
LOAD ./Drivers/STM32F4xx_HAL_Driver/Src/stm32f4xx_hal_flash_ex.o
LOAD ./Drivers/STM32F4xx_HAL_Driver/Src/stm32f4xx_hal_flash_ramfunc.o
LOAD ./Drivers/STM32F4xx_HAL_Driver/Src/stm32f4xx_hal_gpio.o
LOAD ./Drivers/STM32F4xx_HAL_Driver/Src/stm32f4xx_hal_hcd.o
LOAD ./Drivers/STM32F4xx_HAL_Driver/Src/stm32f4xx_hal_i2c.o
LOAD ./Drivers/STM32F4xx_HAL_Driver/Src/stm32f4xx_hal_i2c_ex.o
LOAD ./Drivers/STM32F4xx_HAL_Driver/Src/stm32f4xx_hal_pwr.o
LOAD ./Drivers/STM32F4xx_HAL_Driver/Src/stm32f4xx_hal_pwr_ex.o
LOAD ./Drivers/STM32F4xx_HAL_Driver/Src/stm32f4xx_hal_rcc.o
LOAD ./Drivers/STM32F4xx_HAL_Driver/Src/stm32f4xx_hal_rcc_ex.o
LOAD ./Drivers/STM32F4xx_HAL_Driver/Src/stm32f4xx_hal_spi.o
LOAD ./Drivers/STM32F4xx_HAL_Driver/Src/stm32f4xx_hal_tim.o
LOAD ./Drivers/STM32F4xx_HAL_Driver/Src/stm32f4xx_hal_tim_ex.o
LOAD ./Drivers/STM32F4xx_HAL_Driver/Src/stm32f4xx_hal_uart.o
LOAD ./Drivers/STM32F4xx_HAL_Driver/Src/stm32f4xx_ll_adc.o
LOAD ./Drivers/STM32F4xx_HAL_Driver/Src/stm32f4xx_ll_usb.o
START GROUP
LOAD d:/stm32/stm32cubeide_1.7.0/stm32cubeide/plugins/com.st.stm32cube.ide.mcu.externaltools.gnu-tools-for-stm32.9-2020-q2-update.win32_2.0.0.202105311346/tools/bin/../lib/gcc/arm-none-eabi/9.3.1/../../../../arm-none-eabi/lib/thumb/v7e-m+fp/hard\libstdc++_nano.a
LOAD d:/stm32/stm32cubeide_1.7.0/stm32cubeide/plugins/com.st.stm32cube.ide.mcu.externaltools.gnu-tools-for-stm32.9-2020-q2-update.win32_2.0.0.202105311346/tools/bin/../lib/gcc/arm-none-eabi/9.3.1/../../../../arm-none-eabi/lib/thumb/v7e-m+fp/hard\libsupc++_nano.a
END GROUP
LOAD d:/stm32/stm32cubeide_1.7.0/stm32cubeide/plugins/com.st.stm32cube.ide.mcu.externaltools.gnu-tools-for-stm32.9-2020-q2-update.win32_2.0.0.202105311346/tools/bin/../lib/gcc/arm-none-eabi/9.3.1/../../../../arm-none-eabi/lib/thumb/v7e-m+fp/hard\libstdc++_nano.a
LOAD d:/stm32/stm32cubeide_1.7.0/stm32cubeide/plugins/com.st.stm32cube.ide.mcu.externaltools.gnu-tools-for-stm32.9-2020-q2-update.win32_2.0.0.202105311346/tools/bin/../lib/gcc/arm-none-eabi/9.3.1/../../../../arm-none-eabi/lib/thumb/v7e-m+fp/hard\libm.a
LOAD d:/stm32/stm32cubeide_1.7.0/stm32cubeide/plugins/com.st.stm32cube.ide.mcu.externaltools.gnu-tools-for-stm32.9-2020-q2-update.win32_2.0.0.202105311346/tools/bin/../lib/gcc/arm-none-eabi/9.3.1/../../../../arm-none-eabi/lib/thumb/v7e-m+fp/hard\libc_nano.a
START GROUP
LOAD d:/stm32/stm32cubeide_1.7.0/stm32cubeide/plugins/com.st.stm32cube.ide.mcu.externaltools.gnu-tools-for-stm32.9-2020-q2-update.win32_2.0.0.202105311346/tools/bin/../lib/gcc/arm-none-eabi/9.3.1/thumb/v7e-m+fp/hard\libgcc.a
LOAD d:/stm32/stm32cubeide_1.7.0/stm32cubeide/plugins/com.st.stm32cube.ide.mcu.externaltools.gnu-tools-for-stm32.9-2020-q2-update.win32_2.0.0.202105311346/tools/bin/../lib/gcc/arm-none-eabi/9.3.1/../../../../arm-none-eabi/lib/thumb/v7e-m+fp/hard\libc_nano.a
END GROUP
START GROUP
LOAD d:/stm32/stm32cubeide_1.7.0/stm32cubeide/plugins/com.st.stm32cube.ide.mcu.externaltools.gnu-tools-for-stm32.9-2020-q2-update.win32_2.0.0.202105311346/tools/bin/../lib/gcc/arm-none-eabi/9.3.1/thumb/v7e-m+fp/hard\libgcc.a
LOAD d:/stm32/stm32cubeide_1.7.0/stm32cubeide/plugins/com.st.stm32cube.ide.mcu.externaltools.gnu-tools-for-stm32.9-2020-q2-update.win32_2.0.0.202105311346/tools/bin/../lib/gcc/arm-none-eabi/9.3.1/../../../../arm-none-eabi/lib/thumb/v7e-m+fp/hard\libc_nano.a
LOAD d:/stm32/stm32cubeide_1.7.0/stm32cubeide/plugins/com.st.stm32cube.ide.mcu.externaltools.gnu-tools-for-stm32.9-2020-q2-update.win32_2.0.0.202105311346/tools/bin/../lib/gcc/arm-none-eabi/9.3.1/../../../../arm-none-eabi/lib/thumb/v7e-m+fp/hard\libnosys.a
END GROUP
START GROUP
LOAD d:/stm32/stm32cubeide_1.7.0/stm32cubeide/plugins/com.st.stm32cube.ide.mcu.externaltools.gnu-tools-for-stm32.9-2020-q2-update.win32_2.0.0.202105311346/tools/bin/../lib/gcc/arm-none-eabi/9.3.1/thumb/v7e-m+fp/hard\libgcc.a
LOAD d:/stm32/stm32cubeide_1.7.0/stm32cubeide/plugins/com.st.stm32cube.ide.mcu.externaltools.gnu-tools-for-stm32.9-2020-q2-update.win32_2.0.0.202105311346/tools/bin/../lib/gcc/arm-none-eabi/9.3.1/../../../../arm-none-eabi/lib/thumb/v7e-m+fp/hard\libc_nano.a
LOAD d:/stm32/stm32cubeide_1.7.0/stm32cubeide/plugins/com.st.stm32cube.ide.mcu.externaltools.gnu-tools-for-stm32.9-2020-q2-update.win32_2.0.0.202105311346/tools/bin/../lib/gcc/arm-none-eabi/9.3.1/../../../../arm-none-eabi/lib/thumb/v7e-m+fp/hard\libnosys.a
END GROUP
LOAD d:/stm32/stm32cubeide_1.7.0/stm32cubeide/plugins/com.st.stm32cube.ide.mcu.externaltools.gnu-tools-for-stm32.9-2020-q2-update.win32_2.0.0.202105311346/tools/bin/../lib/gcc/arm-none-eabi/9.3.1/thumb/v7e-m+fp/hard/crtend.o
LOAD d:/stm32/stm32cubeide_1.7.0/stm32cubeide/plugins/com.st.stm32cube.ide.mcu.externaltools.gnu-tools-for-stm32.9-2020-q2-update.win32_2.0.0.202105311346/tools/bin/../lib/gcc/arm-none-eabi/9.3.1/thumb/v7e-m+fp/hard/crtn.o
                0x0000000020020000                _estack = (ORIGIN (RAM) + LENGTH (RAM))
                0x0000000000000200                _Min_Heap_Size = 0x200
                0x0000000000000400                _Min_Stack_Size = 0x400

.isr_vector     0x0000000008000000      0x198
                0x0000000008000000                . = ALIGN (0x4)
 *(.isr_vector)
 .isr_vector    0x0000000008000000      0x198 ./Core/Startup/startup_stm32f411ceux.o
                0x0000000008000000                g_pfnVectors
                0x0000000008000198                . = ALIGN (0x4)

.text           0x0000000008000198     0x518c
                0x0000000008000198                . = ALIGN (0x4)
 *(.text)
 .text          0x0000000008000198       0x40 d:/stm32/stm32cubeide_1.7.0/stm32cubeide/plugins/com.st.stm32cube.ide.mcu.externaltools.gnu-tools-for-stm32.9-2020-q2-update.win32_2.0.0.202105311346/tools/bin/../lib/gcc/arm-none-eabi/9.3.1/thumb/v7e-m+fp/hard/crtbegin.o
 .text          0x00000000080001d8      0x378 d:/stm32/stm32cubeide_1.7.0/stm32cubeide/plugins/com.st.stm32cube.ide.mcu.externaltools.gnu-tools-for-stm32.9-2020-q2-update.win32_2.0.0.202105311346/tools/bin/../lib/gcc/arm-none-eabi/9.3.1/thumb/v7e-m+fp/hard\libgcc.a(_arm_addsubdf3.o)
                0x00000000080001d8                __aeabi_drsub
                0x00000000080001e0                __aeabi_dsub
                0x00000000080001e0                __subdf3
                0x00000000080001e4                __aeabi_dadd
                0x00000000080001e4                __adddf3
                0x000000000800045c                __floatunsidf
                0x000000000800045c                __aeabi_ui2d
                0x000000000800047c                __floatsidf
                0x000000000800047c                __aeabi_i2d
                0x00000000080004a0                __aeabi_f2d
                0x00000000080004a0                __extendsfdf2
                0x00000000080004e4                __floatundidf
                0x00000000080004e4                __aeabi_ul2d
                0x00000000080004f4                __floatdidf
                0x00000000080004f4                __aeabi_l2d
 .text          0x0000000008000550      0x424 d:/stm32/stm32cubeide_1.7.0/stm32cubeide/plugins/com.st.stm32cube.ide.mcu.externaltools.gnu-tools-for-stm32.9-2020-q2-update.win32_2.0.0.202105311346/tools/bin/../lib/gcc/arm-none-eabi/9.3.1/thumb/v7e-m+fp/hard\libgcc.a(_arm_muldivdf3.o)
                0x0000000008000550                __aeabi_dmul
                0x0000000008000550                __muldf3
                0x00000000080007a4                __divdf3
                0x00000000080007a4                __aeabi_ddiv
 .text          0x0000000008000974       0xa0 d:/stm32/stm32cubeide_1.7.0/stm32cubeide/plugins/com.st.stm32cube.ide.mcu.externaltools.gnu-tools-for-stm32.9-2020-q2-update.win32_2.0.0.202105311346/tools/bin/../lib/gcc/arm-none-eabi/9.3.1/thumb/v7e-m+fp/hard\libgcc.a(_arm_truncdfsf2.o)
                0x0000000008000974                __truncdfsf2
                0x0000000008000974                __aeabi_d2f
 .text          0x0000000008000a14       0x30 d:/stm32/stm32cubeide_1.7.0/stm32cubeide/plugins/com.st.stm32cube.ide.mcu.externaltools.gnu-tools-for-stm32.9-2020-q2-update.win32_2.0.0.202105311346/tools/bin/../lib/gcc/arm-none-eabi/9.3.1/thumb/v7e-m+fp/hard\libgcc.a(_aeabi_uldivmod.o)
                0x0000000008000a14                __aeabi_uldivmod
 .text          0x0000000008000a44      0x2c4 d:/stm32/stm32cubeide_1.7.0/stm32cubeide/plugins/com.st.stm32cube.ide.mcu.externaltools.gnu-tools-for-stm32.9-2020-q2-update.win32_2.0.0.202105311346/tools/bin/../lib/gcc/arm-none-eabi/9.3.1/thumb/v7e-m+fp/hard\libgcc.a(_udivmoddi4.o)
                0x0000000008000a44                __udivmoddi4
 .text          0x0000000008000d08        0x4 d:/stm32/stm32cubeide_1.7.0/stm32cubeide/plugins/com.st.stm32cube.ide.mcu.externaltools.gnu-tools-for-stm32.9-2020-q2-update.win32_2.0.0.202105311346/tools/bin/../lib/gcc/arm-none-eabi/9.3.1/thumb/v7e-m+fp/hard\libgcc.a(_dvmd_tls.o)
                0x0000000008000d08                __aeabi_idiv0
                0x0000000008000d08                __aeabi_ldiv0
 *(.text*)
 .text.checkbatteries
                0x0000000008000d0c       0x14 ./Core/Src/configuration.o
                0x0000000008000d0c                checkbatteries
 .text.detumble
                0x0000000008000d20        0xe ./Core/Src/configuration.o
                0x0000000008000d20                detumble
 .text.deployment
                0x0000000008000d2e       0x34 ./Core/Src/configuration.o
                0x0000000008000d2e                deployment
 .text.deploymentRF
                0x0000000008000d62        0xe ./Core/Src/configuration.o
                0x0000000008000d62                deploymentRF
 .text.check_position
                0x0000000008000d70       0x10 ./Core/Src/configuration.o
                0x0000000008000d70                check_position
 .text.init     0x0000000008000d80       0x7c ./Core/Src/configuration.o
                0x0000000008000d80                init
 .text.initsensors
                0x0000000008000dfc       0x40 ./Core/Src/configuration.o
                0x0000000008000dfc                initsensors
 .text.system_state
                0x0000000008000e3c       0x38 ./Core/Src/configuration.o
                0x0000000008000e3c                system_state
 .text.checktemperature
                0x0000000008000e74      0x100 ./Core/Src/configuration.o
                0x0000000008000e74                checktemperature
 .text.heater   0x0000000008000f74       0x14 ./Core/Src/configuration.o
                0x0000000008000f74                heater
 .text.checkmemory
                0x0000000008000f88       0x10 ./Core/Src/configuration.o
                0x0000000008000f88                checkmemory
 .text.GetSector
                0x0000000008000f98       0xf4 ./Core/Src/flash.o
 .text.Flash_Write_Data
                0x000000000800108c       0xb8 ./Core/Src/flash.o
                0x000000000800108c                Flash_Write_Data
 .text.Flash_Read_Data
                0x0000000008001144       0x3c ./Core/Src/flash.o
                0x0000000008001144                Flash_Read_Data
 .text.main     0x0000000008001180      0x120 ./Core/Src/main.o
                0x0000000008001180                main
 .text.SystemClock_Config
                0x00000000080012a0       0xd0 ./Core/Src/main.o
                0x00000000080012a0                SystemClock_Config
 .text.MX_ADC1_Init
                0x0000000008001370       0xa4 ./Core/Src/main.o
 .text.MX_I2C1_Init
                0x0000000008001414       0x5c ./Core/Src/main.o
 .text.MX_SPI1_Init
                0x0000000008001470       0x6c ./Core/Src/main.o
 .text.MX_USART1_UART_Init
                0x00000000080014dc       0x54 ./Core/Src/main.o
 .text.MX_USB_OTG_FS_HCD_Init
                0x0000000008001530       0x44 ./Core/Src/main.o
 .text.MX_GPIO_Init
                0x0000000008001574       0x6c ./Core/Src/main.o
 .text.Error_Handler
                0x00000000080015e0        0xa ./Core/Src/main.o
                0x00000000080015e0                Error_Handler
 .text.payloadinit
                0x00000000080015ea        0xc ./Core/Src/payload.o
                0x00000000080015ea                payloadinit
 *fill*         0x00000000080015f6        0x2 
 .text.takePhoto
                0x00000000080015f8      0x13c ./Core/Src/payload.o
                0x00000000080015f8                takePhoto
 .text.acquireTemp
                0x0000000008001734      0x170 ./Core/Src/sensorReadings.o
                0x0000000008001734                acquireTemp
 .text.acquireVoltage
                0x00000000080018a4       0x12 ./Core/Src/sensorReadings.o
                0x00000000080018a4                acquireVoltage
 .text.acquireCurrents
                0x00000000080018b6       0x12 ./Core/Src/sensorReadings.o
                0x00000000080018b6                acquireCurrents
 .text.sensorReadings
                0x00000000080018c8       0x20 ./Core/Src/sensorReadings.o
                0x00000000080018c8                sensorReadings
 .text.HAL_MspInit
                0x00000000080018e8       0x50 ./Core/Src/stm32f4xx_hal_msp.o
                0x00000000080018e8                HAL_MspInit
 .text.HAL_ADC_MspInit
                0x0000000008001938       0x88 ./Core/Src/stm32f4xx_hal_msp.o
                0x0000000008001938                HAL_ADC_MspInit
 .text.HAL_I2C_MspInit
                0x00000000080019c0       0x90 ./Core/Src/stm32f4xx_hal_msp.o
                0x00000000080019c0                HAL_I2C_MspInit
 .text.HAL_SPI_MspInit
                0x0000000008001a50       0xd0 ./Core/Src/stm32f4xx_hal_msp.o
                0x0000000008001a50                HAL_SPI_MspInit
 .text.HAL_UART_MspInit
                0x0000000008001b20       0x90 ./Core/Src/stm32f4xx_hal_msp.o
                0x0000000008001b20                HAL_UART_MspInit
 .text.HAL_HCD_MspInit
                0x0000000008001bb0       0x98 ./Core/Src/stm32f4xx_hal_msp.o
                0x0000000008001bb0                HAL_HCD_MspInit
 .text.NMI_Handler
                0x0000000008001c48        0x6 ./Core/Src/stm32f4xx_it.o
                0x0000000008001c48                NMI_Handler
 .text.HardFault_Handler
                0x0000000008001c4e        0x6 ./Core/Src/stm32f4xx_it.o
                0x0000000008001c4e                HardFault_Handler
 .text.MemManage_Handler
                0x0000000008001c54        0x6 ./Core/Src/stm32f4xx_it.o
                0x0000000008001c54                MemManage_Handler
 .text.BusFault_Handler
                0x0000000008001c5a        0x6 ./Core/Src/stm32f4xx_it.o
                0x0000000008001c5a                BusFault_Handler
 .text.UsageFault_Handler
                0x0000000008001c60        0x6 ./Core/Src/stm32f4xx_it.o
                0x0000000008001c60                UsageFault_Handler
 .text.SVC_Handler
                0x0000000008001c66        0xe ./Core/Src/stm32f4xx_it.o
                0x0000000008001c66                SVC_Handler
 .text.DebugMon_Handler
                0x0000000008001c74        0xe ./Core/Src/stm32f4xx_it.o
                0x0000000008001c74                DebugMon_Handler
 .text.PendSV_Handler
                0x0000000008001c82        0xe ./Core/Src/stm32f4xx_it.o
                0x0000000008001c82                PendSV_Handler
 .text.SysTick_Handler
                0x0000000008001c90        0xc ./Core/Src/stm32f4xx_it.o
                0x0000000008001c90                SysTick_Handler
 .text.SystemInit
                0x0000000008001c9c       0x24 ./Core/Src/system_stm32f4xx.o
                0x0000000008001c9c                SystemInit
 .text.Reset_Handler
                0x0000000008001cc0       0x50 ./Core/Startup/startup_stm32f411ceux.o
                0x0000000008001cc0                Reset_Handler
 .text.Default_Handler
                0x0000000008001d10        0x2 ./Core/Startup/startup_stm32f411ceux.o
                0x0000000008001d10                RTC_Alarm_IRQHandler
                0x0000000008001d10                EXTI2_IRQHandler
                0x0000000008001d10                SPI4_IRQHandler
                0x0000000008001d10                TIM1_CC_IRQHandler
                0x0000000008001d10                DMA2_Stream5_IRQHandler
                0x0000000008001d10                DMA1_Stream5_IRQHandler
                0x0000000008001d10                PVD_IRQHandler
                0x0000000008001d10                SDIO_IRQHandler
                0x0000000008001d10                TAMP_STAMP_IRQHandler
                0x0000000008001d10                EXTI3_IRQHandler
                0x0000000008001d10                TIM1_UP_TIM10_IRQHandler
                0x0000000008001d10                I2C3_ER_IRQHandler
                0x0000000008001d10                EXTI0_IRQHandler
                0x0000000008001d10                I2C2_EV_IRQHandler
                0x0000000008001d10                DMA1_Stream2_IRQHandler
                0x0000000008001d10                FPU_IRQHandler
                0x0000000008001d10                DMA2_Stream2_IRQHandler
                0x0000000008001d10                SPI1_IRQHandler
                0x0000000008001d10                TIM1_BRK_TIM9_IRQHandler
                0x0000000008001d10                DMA2_Stream3_IRQHandler
                0x0000000008001d10                USART6_IRQHandler
                0x0000000008001d10                DMA2_Stream0_IRQHandler
                0x0000000008001d10                TIM4_IRQHandler
                0x0000000008001d10                I2C1_EV_IRQHandler
                0x0000000008001d10                DMA1_Stream6_IRQHandler
                0x0000000008001d10                DMA1_Stream1_IRQHandler
                0x0000000008001d10                TIM3_IRQHandler
                0x0000000008001d10                RCC_IRQHandler
                0x0000000008001d10                Default_Handler
                0x0000000008001d10                EXTI15_10_IRQHandler
                0x0000000008001d10                ADC_IRQHandler
                0x0000000008001d10                DMA1_Stream7_IRQHandler
                0x0000000008001d10                SPI5_IRQHandler
                0x0000000008001d10                TIM5_IRQHandler
                0x0000000008001d10                DMA2_Stream7_IRQHandler
                0x0000000008001d10                I2C3_EV_IRQHandler
                0x0000000008001d10                EXTI9_5_IRQHandler
                0x0000000008001d10                RTC_WKUP_IRQHandler
                0x0000000008001d10                SPI2_IRQHandler
                0x0000000008001d10                DMA1_Stream0_IRQHandler
                0x0000000008001d10                EXTI4_IRQHandler
                0x0000000008001d10                WWDG_IRQHandler
                0x0000000008001d10                TIM2_IRQHandler
                0x0000000008001d10                OTG_FS_WKUP_IRQHandler
                0x0000000008001d10                TIM1_TRG_COM_TIM11_IRQHandler
                0x0000000008001d10                EXTI1_IRQHandler
                0x0000000008001d10                USART2_IRQHandler
                0x0000000008001d10                I2C2_ER_IRQHandler
                0x0000000008001d10                DMA2_Stream1_IRQHandler
                0x0000000008001d10                FLASH_IRQHandler
                0x0000000008001d10                DMA2_Stream4_IRQHandler
                0x0000000008001d10                USART1_IRQHandler
                0x0000000008001d10                OTG_FS_IRQHandler
                0x0000000008001d10                SPI3_IRQHandler
                0x0000000008001d10                DMA1_Stream4_IRQHandler
                0x0000000008001d10                I2C1_ER_IRQHandler
                0x0000000008001d10                DMA2_Stream6_IRQHandler
                0x0000000008001d10                DMA1_Stream3_IRQHandler
 *fill*         0x0000000008001d12        0x2 
 .text.HAL_Init
                0x0000000008001d14       0x44 ./Drivers/STM32F4xx_HAL_Driver/Src/stm32f4xx_hal.o
                0x0000000008001d14                HAL_Init
 .text.HAL_InitTick
                0x0000000008001d58       0x60 ./Drivers/STM32F4xx_HAL_Driver/Src/stm32f4xx_hal.o
                0x0000000008001d58                HAL_InitTick
 .text.HAL_IncTick
                0x0000000008001db8       0x28 ./Drivers/STM32F4xx_HAL_Driver/Src/stm32f4xx_hal.o
                0x0000000008001db8                HAL_IncTick
 .text.HAL_GetTick
                0x0000000008001de0       0x18 ./Drivers/STM32F4xx_HAL_Driver/Src/stm32f4xx_hal.o
                0x0000000008001de0                HAL_GetTick
 .text.HAL_Delay
                0x0000000008001df8       0x48 ./Drivers/STM32F4xx_HAL_Driver/Src/stm32f4xx_hal.o
                0x0000000008001df8                HAL_Delay
 .text.HAL_ADC_Init
                0x0000000008001e40       0x86 ./Drivers/STM32F4xx_HAL_Driver/Src/stm32f4xx_hal_adc.o
                0x0000000008001e40                HAL_ADC_Init
 *fill*         0x0000000008001ec6        0x2 
 .text.HAL_ADC_ConfigChannel
                0x0000000008001ec8      0x264 ./Drivers/STM32F4xx_HAL_Driver/Src/stm32f4xx_hal_adc.o
                0x0000000008001ec8                HAL_ADC_ConfigChannel
 .text.ADC_Init
                0x000000000800212c      0x1f8 ./Drivers/STM32F4xx_HAL_Driver/Src/stm32f4xx_hal_adc.o
 .text.__NVIC_SetPriorityGrouping
                0x0000000008002324       0x48 ./Drivers/STM32F4xx_HAL_Driver/Src/stm32f4xx_hal_cortex.o
 .text.__NVIC_GetPriorityGrouping
                0x000000000800236c       0x1c ./Drivers/STM32F4xx_HAL_Driver/Src/stm32f4xx_hal_cortex.o
 .text.__NVIC_SetPriority
                0x0000000008002388       0x54 ./Drivers/STM32F4xx_HAL_Driver/Src/stm32f4xx_hal_cortex.o
 .text.NVIC_EncodePriority
                0x00000000080023dc       0x66 ./Drivers/STM32F4xx_HAL_Driver/Src/stm32f4xx_hal_cortex.o
 *fill*         0x0000000008002442        0x2 
 .text.SysTick_Config
                0x0000000008002444       0x44 ./Drivers/STM32F4xx_HAL_Driver/Src/stm32f4xx_hal_cortex.o
 .text.HAL_NVIC_SetPriorityGrouping
                0x0000000008002488       0x16 ./Drivers/STM32F4xx_HAL_Driver/Src/stm32f4xx_hal_cortex.o
                0x0000000008002488                HAL_NVIC_SetPriorityGrouping
 .text.HAL_NVIC_SetPriority
                0x000000000800249e       0x38 ./Drivers/STM32F4xx_HAL_Driver/Src/stm32f4xx_hal_cortex.o
                0x000000000800249e                HAL_NVIC_SetPriority
 .text.HAL_SYSTICK_Config
                0x00000000080024d6       0x18 ./Drivers/STM32F4xx_HAL_Driver/Src/stm32f4xx_hal_cortex.o
                0x00000000080024d6                HAL_SYSTICK_Config
 *fill*         0x00000000080024ee        0x2 
 .text.HAL_FLASH_Program
                0x00000000080024f0       0xa8 ./Drivers/STM32F4xx_HAL_Driver/Src/stm32f4xx_hal_flash.o
                0x00000000080024f0                HAL_FLASH_Program
 .text.HAL_FLASH_Unlock
                0x0000000008002598       0x44 ./Drivers/STM32F4xx_HAL_Driver/Src/stm32f4xx_hal_flash.o
                0x0000000008002598                HAL_FLASH_Unlock
 .text.HAL_FLASH_Lock
                0x00000000080025dc       0x20 ./Drivers/STM32F4xx_HAL_Driver/Src/stm32f4xx_hal_flash.o
                0x00000000080025dc                HAL_FLASH_Lock
 .text.HAL_FLASH_GetError
                0x00000000080025fc       0x18 ./Drivers/STM32F4xx_HAL_Driver/Src/stm32f4xx_hal_flash.o
                0x00000000080025fc                HAL_FLASH_GetError
 .text.FLASH_WaitForLastOperation
                0x0000000008002614       0x80 ./Drivers/STM32F4xx_HAL_Driver/Src/stm32f4xx_hal_flash.o
                0x0000000008002614                FLASH_WaitForLastOperation
 .text.FLASH_Program_DoubleWord
                0x0000000008002694       0x64 ./Drivers/STM32F4xx_HAL_Driver/Src/stm32f4xx_hal_flash.o
 .text.FLASH_Program_Word
                0x00000000080026f8       0x44 ./Drivers/STM32F4xx_HAL_Driver/Src/stm32f4xx_hal_flash.o
 .text.FLASH_Program_HalfWord
                0x000000000800273c       0x48 ./Drivers/STM32F4xx_HAL_Driver/Src/stm32f4xx_hal_flash.o
 .text.FLASH_Program_Byte
                0x0000000008002784       0x44 ./Drivers/STM32F4xx_HAL_Driver/Src/stm32f4xx_hal_flash.o
 .text.FLASH_SetErrorCode
                0x00000000080027c8       0xcc ./Drivers/STM32F4xx_HAL_Driver/Src/stm32f4xx_hal_flash.o
 .text.HAL_FLASHEx_Erase
                0x0000000008002894       0xe0 ./Drivers/STM32F4xx_HAL_Driver/Src/stm32f4xx_hal_flash_ex.o
                0x0000000008002894                HAL_FLASHEx_Erase
 .text.FLASH_MassErase
                0x0000000008002974       0x48 ./Drivers/STM32F4xx_HAL_Driver/Src/stm32f4xx_hal_flash_ex.o
 .text.FLASH_Erase_Sector
                0x00000000080029bc       0x90 ./Drivers/STM32F4xx_HAL_Driver/Src/stm32f4xx_hal_flash_ex.o
                0x00000000080029bc                FLASH_Erase_Sector
 .text.FLASH_FlushCaches
                0x0000000008002a4c       0x8c ./Drivers/STM32F4xx_HAL_Driver/Src/stm32f4xx_hal_flash_ex.o
                0x0000000008002a4c                FLASH_FlushCaches
 .text.HAL_GPIO_Init
                0x0000000008002ad8      0x308 ./Drivers/STM32F4xx_HAL_Driver/Src/stm32f4xx_hal_gpio.o
                0x0000000008002ad8                HAL_GPIO_Init
 .text.HAL_HCD_Init
                0x0000000008002de0       0xc4 ./Drivers/STM32F4xx_HAL_Driver/Src/stm32f4xx_hal_hcd.o
                0x0000000008002de0                HAL_HCD_Init
 .text.HAL_I2C_Init
                0x0000000008002ea4      0x288 ./Drivers/STM32F4xx_HAL_Driver/Src/stm32f4xx_hal_i2c.o
                0x0000000008002ea4                HAL_I2C_Init
 .text.HAL_I2C_Master_Transmit
                0x000000000800312c      0x1fc ./Drivers/STM32F4xx_HAL_Driver/Src/stm32f4xx_hal_i2c.o
                0x000000000800312c                HAL_I2C_Master_Transmit
 .text.HAL_I2C_Master_Receive
                0x0000000008003328      0x44c ./Drivers/STM32F4xx_HAL_Driver/Src/stm32f4xx_hal_i2c.o
                0x0000000008003328                HAL_I2C_Master_Receive
 .text.I2C_MasterRequestWrite
                0x0000000008003774      0x104 ./Drivers/STM32F4xx_HAL_Driver/Src/stm32f4xx_hal_i2c.o
 .text.I2C_MasterRequestRead
                0x0000000008003878      0x19c ./Drivers/STM32F4xx_HAL_Driver/Src/stm32f4xx_hal_i2c.o
 .text.I2C_WaitOnFlagUntilTimeout
                0x0000000008003a14       0xae ./Drivers/STM32F4xx_HAL_Driver/Src/stm32f4xx_hal_i2c.o
 .text.I2C_WaitOnMasterAddressFlagUntilTimeout
                0x0000000008003ac2       0xfe ./Drivers/STM32F4xx_HAL_Driver/Src/stm32f4xx_hal_i2c.o
 .text.I2C_WaitOnTXEFlagUntilTimeout
                0x0000000008003bc0       0x82 ./Drivers/STM32F4xx_HAL_Driver/Src/stm32f4xx_hal_i2c.o
 .text.I2C_WaitOnBTFFlagUntilTimeout
                0x0000000008003c42       0x82 ./Drivers/STM32F4xx_HAL_Driver/Src/stm32f4xx_hal_i2c.o
 .text.I2C_WaitOnRXNEFlagUntilTimeout
                0x0000000008003cc4       0xac ./Drivers/STM32F4xx_HAL_Driver/Src/stm32f4xx_hal_i2c.o
 .text.I2C_IsAcknowledgeFailed
                0x0000000008003d70       0x5e ./Drivers/STM32F4xx_HAL_Driver/Src/stm32f4xx_hal_i2c.o
 *fill*         0x0000000008003dce        0x2 
 .text.HAL_RCC_OscConfig
                0x0000000008003dd0      0x4f0 ./Drivers/STM32F4xx_HAL_Driver/Src/stm32f4xx_hal_rcc.o
                0x0000000008003dd0                HAL_RCC_OscConfig
 .text.HAL_RCC_ClockConfig
                0x00000000080042c0      0x1cc ./Drivers/STM32F4xx_HAL_Driver/Src/stm32f4xx_hal_rcc.o
                0x00000000080042c0                HAL_RCC_ClockConfig
 .text.HAL_RCC_GetSysClockFreq
                0x000000000800448c      0x16c ./Drivers/STM32F4xx_HAL_Driver/Src/stm32f4xx_hal_rcc.o
                0x000000000800448c                HAL_RCC_GetSysClockFreq
 .text.HAL_RCC_GetHCLKFreq
                0x00000000080045f8       0x18 ./Drivers/STM32F4xx_HAL_Driver/Src/stm32f4xx_hal_rcc.o
                0x00000000080045f8                HAL_RCC_GetHCLKFreq
 .text.HAL_RCC_GetPCLK1Freq
                0x0000000008004610       0x28 ./Drivers/STM32F4xx_HAL_Driver/Src/stm32f4xx_hal_rcc.o
                0x0000000008004610                HAL_RCC_GetPCLK1Freq
 .text.HAL_RCC_GetPCLK2Freq
                0x0000000008004638       0x28 ./Drivers/STM32F4xx_HAL_Driver/Src/stm32f4xx_hal_rcc.o
                0x0000000008004638                HAL_RCC_GetPCLK2Freq
 .text.HAL_SPI_Init
                0x0000000008004660      0x112 ./Drivers/STM32F4xx_HAL_Driver/Src/stm32f4xx_hal_spi.o
                0x0000000008004660                HAL_SPI_Init
 .text.HAL_UART_Init
                0x0000000008004772       0x9a ./Drivers/STM32F4xx_HAL_Driver/Src/stm32f4xx_hal_uart.o
                0x0000000008004772                HAL_UART_Init
 .text.HAL_UART_Transmit
                0x000000000800480c      0x124 ./Drivers/STM32F4xx_HAL_Driver/Src/stm32f4xx_hal_uart.o
                0x000000000800480c                HAL_UART_Transmit
 .text.HAL_UART_Receive
                0x0000000008004930      0x144 ./Drivers/STM32F4xx_HAL_Driver/Src/stm32f4xx_hal_uart.o
                0x0000000008004930                HAL_UART_Receive
 .text.UART_WaitOnFlagUntilTimeout
                0x0000000008004a74       0x94 ./Drivers/STM32F4xx_HAL_Driver/Src/stm32f4xx_hal_uart.o
 .text.UART_SetConfig
                0x0000000008004b08      0x390 ./Drivers/STM32F4xx_HAL_Driver/Src/stm32f4xx_hal_uart.o
 .text.USB_CoreInit
                0x0000000008004e98       0xc2 ./Drivers/STM32F4xx_HAL_Driver/Src/stm32f4xx_ll_usb.o
                0x0000000008004e98                USB_CoreInit
 .text.USB_DisableGlobalInt
                0x0000000008004f5a       0x22 ./Drivers/STM32F4xx_HAL_Driver/Src/stm32f4xx_ll_usb.o
                0x0000000008004f5a                USB_DisableGlobalInt
 .text.USB_SetCurrentMode
                0x0000000008004f7c       0x54 ./Drivers/STM32F4xx_HAL_Driver/Src/stm32f4xx_ll_usb.o
                0x0000000008004f7c                USB_SetCurrentMode
 .text.USB_FlushTxFifo
                0x0000000008004fd0       0x4c ./Drivers/STM32F4xx_HAL_Driver/Src/stm32f4xx_ll_usb.o
                0x0000000008004fd0                USB_FlushTxFifo
 .text.USB_FlushRxFifo
                0x000000000800501c       0x44 ./Drivers/STM32F4xx_HAL_Driver/Src/stm32f4xx_ll_usb.o
                0x000000000800501c                USB_FlushRxFifo
 .text.USB_CoreReset
                0x0000000008005060       0x68 ./Drivers/STM32F4xx_HAL_Driver/Src/stm32f4xx_ll_usb.o
 .text.USB_HostInit
                0x00000000080050c8      0x178 ./Drivers/STM32F4xx_HAL_Driver/Src/stm32f4xx_ll_usb.o
                0x00000000080050c8                USB_HostInit
 .text.USB_DriveVbus
                0x0000000008005240       0x72 ./Drivers/STM32F4xx_HAL_Driver/Src/stm32f4xx_ll_usb.o
                0x0000000008005240                USB_DriveVbus
 *fill*         0x00000000080052b2        0x2 
 .text.__libc_init_array
                0x00000000080052b4       0x48 d:/stm32/stm32cubeide_1.7.0/stm32cubeide/plugins/com.st.stm32cube.ide.mcu.externaltools.gnu-tools-for-stm32.9-2020-q2-update.win32_2.0.0.202105311346/tools/bin/../lib/gcc/arm-none-eabi/9.3.1/../../../../arm-none-eabi/lib/thumb/v7e-m+fp/hard\libc_nano.a(lib_a-init.o)
                0x00000000080052b4                __libc_init_array
 .text.memset   0x00000000080052fc       0x10 d:/stm32/stm32cubeide_1.7.0/stm32cubeide/plugins/com.st.stm32cube.ide.mcu.externaltools.gnu-tools-for-stm32.9-2020-q2-update.win32_2.0.0.202105311346/tools/bin/../lib/gcc/arm-none-eabi/9.3.1/../../../../arm-none-eabi/lib/thumb/v7e-m+fp/hard\libc_nano.a(lib_a-memset.o)
                0x00000000080052fc                memset
 *(.glue_7)
 .glue_7        0x000000000800530c        0x0 linker stubs
 *(.glue_7t)
 .glue_7t       0x000000000800530c        0x0 linker stubs
 *(.eh_frame)
 .eh_frame      0x000000000800530c        0x0 d:/stm32/stm32cubeide_1.7.0/stm32cubeide/plugins/com.st.stm32cube.ide.mcu.externaltools.gnu-tools-for-stm32.9-2020-q2-update.win32_2.0.0.202105311346/tools/bin/../lib/gcc/arm-none-eabi/9.3.1/thumb/v7e-m+fp/hard/crtbegin.o
 *(.init)
 .init          0x000000000800530c        0x4 d:/stm32/stm32cubeide_1.7.0/stm32cubeide/plugins/com.st.stm32cube.ide.mcu.externaltools.gnu-tools-for-stm32.9-2020-q2-update.win32_2.0.0.202105311346/tools/bin/../lib/gcc/arm-none-eabi/9.3.1/thumb/v7e-m+fp/hard/crti.o
                0x000000000800530c                _init
 .init          0x0000000008005310        0x8 d:/stm32/stm32cubeide_1.7.0/stm32cubeide/plugins/com.st.stm32cube.ide.mcu.externaltools.gnu-tools-for-stm32.9-2020-q2-update.win32_2.0.0.202105311346/tools/bin/../lib/gcc/arm-none-eabi/9.3.1/thumb/v7e-m+fp/hard/crtn.o
 *(.fini)
 .fini          0x0000000008005318        0x4 d:/stm32/stm32cubeide_1.7.0/stm32cubeide/plugins/com.st.stm32cube.ide.mcu.externaltools.gnu-tools-for-stm32.9-2020-q2-update.win32_2.0.0.202105311346/tools/bin/../lib/gcc/arm-none-eabi/9.3.1/thumb/v7e-m+fp/hard/crti.o
                0x0000000008005318                _fini
 .fini          0x000000000800531c        0x8 d:/stm32/stm32cubeide_1.7.0/stm32cubeide/plugins/com.st.stm32cube.ide.mcu.externaltools.gnu-tools-for-stm32.9-2020-q2-update.win32_2.0.0.202105311346/tools/bin/../lib/gcc/arm-none-eabi/9.3.1/thumb/v7e-m+fp/hard/crtn.o
                0x0000000008005324                . = ALIGN (0x4)
                0x0000000008005324                _etext = .

.vfp11_veneer   0x0000000008005324        0x0
 .vfp11_veneer  0x0000000008005324        0x0 linker stubs

.v4_bx          0x0000000008005324        0x0
 .v4_bx         0x0000000008005324        0x0 linker stubs

.iplt           0x0000000008005324        0x0
 .iplt          0x0000000008005324        0x0 d:/stm32/stm32cubeide_1.7.0/stm32cubeide/plugins/com.st.stm32cube.ide.mcu.externaltools.gnu-tools-for-stm32.9-2020-q2-update.win32_2.0.0.202105311346/tools/bin/../lib/gcc/arm-none-eabi/9.3.1/thumb/v7e-m+fp/hard/crtbegin.o

.rodata         0x0000000008005324       0x48
                0x0000000008005324                . = ALIGN (0x4)
 *(.rodata)
 .rodata        0x0000000008005324       0x2d ./Core/Src/payload.o
 *(.rodata*)
 *fill*         0x0000000008005351        0x3 
 .rodata.AHBPrescTable
                0x0000000008005354       0x10 ./Core/Src/system_stm32f4xx.o
                0x0000000008005354                AHBPrescTable
 .rodata.APBPrescTable
                0x0000000008005364        0x8 ./Core/Src/system_stm32f4xx.o
                0x0000000008005364                APBPrescTable
                0x000000000800536c                . = ALIGN (0x4)

.ARM.extab      0x000000000800536c        0x0
                0x000000000800536c                . = ALIGN (0x4)
 *(.ARM.extab* .gnu.linkonce.armextab.*)
                0x000000000800536c                . = ALIGN (0x4)

.ARM            0x000000000800536c        0x8
                0x000000000800536c                . = ALIGN (0x4)
                0x000000000800536c                __exidx_start = .
 *(.ARM.exidx*)
 .ARM.exidx     0x000000000800536c        0x8 d:/stm32/stm32cubeide_1.7.0/stm32cubeide/plugins/com.st.stm32cube.ide.mcu.externaltools.gnu-tools-for-stm32.9-2020-q2-update.win32_2.0.0.202105311346/tools/bin/../lib/gcc/arm-none-eabi/9.3.1/thumb/v7e-m+fp/hard\libgcc.a(_udivmoddi4.o)
                0x0000000008005374                __exidx_end = .
                0x0000000008005374                . = ALIGN (0x4)

.rel.dyn        0x0000000008005374        0x0
 .rel.iplt      0x0000000008005374        0x0 d:/stm32/stm32cubeide_1.7.0/stm32cubeide/plugins/com.st.stm32cube.ide.mcu.externaltools.gnu-tools-for-stm32.9-2020-q2-update.win32_2.0.0.202105311346/tools/bin/../lib/gcc/arm-none-eabi/9.3.1/thumb/v7e-m+fp/hard/crtbegin.o

.preinit_array  0x0000000008005374        0x0
                0x0000000008005374                . = ALIGN (0x4)
                0x0000000008005374                PROVIDE (__preinit_array_start = .)
 *(.preinit_array*)
                0x0000000008005374                PROVIDE (__preinit_array_end = .)
                0x0000000008005374                . = ALIGN (0x4)

.init_array     0x0000000008005374        0x4
                0x0000000008005374                . = ALIGN (0x4)
                0x0000000008005374                PROVIDE (__init_array_start = .)
 *(SORT_BY_NAME(.init_array.*))
 *(.init_array*)
 .init_array    0x0000000008005374        0x4 d:/stm32/stm32cubeide_1.7.0/stm32cubeide/plugins/com.st.stm32cube.ide.mcu.externaltools.gnu-tools-for-stm32.9-2020-q2-update.win32_2.0.0.202105311346/tools/bin/../lib/gcc/arm-none-eabi/9.3.1/thumb/v7e-m+fp/hard/crtbegin.o
                0x0000000008005378                PROVIDE (__init_array_end = .)
                0x0000000008005378                . = ALIGN (0x4)

.fini_array     0x0000000008005378        0x4
                0x0000000008005378                . = ALIGN (0x4)
                [!provide]                        PROVIDE (__fini_array_start = .)
 *(SORT_BY_NAME(.fini_array.*))
 *(.fini_array*)
 .fini_array    0x0000000008005378        0x4 d:/stm32/stm32cubeide_1.7.0/stm32cubeide/plugins/com.st.stm32cube.ide.mcu.externaltools.gnu-tools-for-stm32.9-2020-q2-update.win32_2.0.0.202105311346/tools/bin/../lib/gcc/arm-none-eabi/9.3.1/thumb/v7e-m+fp/hard/crtbegin.o
                [!provide]                        PROVIDE (__fini_array_end = .)
                0x000000000800537c                . = ALIGN (0x4)
                0x000000000800537c                _sidata = LOADADDR (.data)

.data           0x0000000020000000        0xc load address 0x000000000800537c
                0x0000000020000000                . = ALIGN (0x4)
                0x0000000020000000                _sdata = .
 *(.data)
 *(.data*)
 .data.SystemCoreClock
                0x0000000020000000        0x4 ./Core/Src/system_stm32f4xx.o
                0x0000000020000000                SystemCoreClock
 .data.uwTickPrio
                0x0000000020000004        0x4 ./Drivers/STM32F4xx_HAL_Driver/Src/stm32f4xx_hal.o
                0x0000000020000004                uwTickPrio
 .data.uwTickFreq
                0x0000000020000008        0x1 ./Drivers/STM32F4xx_HAL_Driver/Src/stm32f4xx_hal.o
                0x0000000020000008                uwTickFreq
 *(.RamFunc)
 *(.RamFunc*)
                0x000000002000000c                . = ALIGN (0x4)
 *fill*         0x0000000020000009        0x3 
                0x000000002000000c                _edata = .

.igot.plt       0x000000002000000c        0x0 load address 0x0000000008005388
 .igot.plt      0x000000002000000c        0x0 d:/stm32/stm32cubeide_1.7.0/stm32cubeide/plugins/com.st.stm32cube.ide.mcu.externaltools.gnu-tools-for-stm32.9-2020-q2-update.win32_2.0.0.202105311346/tools/bin/../lib/gcc/arm-none-eabi/9.3.1/thumb/v7e-m+fp/hard/crtbegin.o
                0x000000002000000c                . = ALIGN (0x4)

.bss            0x000000002000000c      0x494 load address 0x0000000008005388
                0x000000002000000c                _sbss = .
                0x000000002000000c                __bss_start__ = _sbss
 *(.bss)
 .bss           0x000000002000000c       0x1c d:/stm32/stm32cubeide_1.7.0/stm32cubeide/plugins/com.st.stm32cube.ide.mcu.externaltools.gnu-tools-for-stm32.9-2020-q2-update.win32_2.0.0.202105311346/tools/bin/../lib/gcc/arm-none-eabi/9.3.1/thumb/v7e-m+fp/hard/crtbegin.o
 *(.bss*)
 .bss.EraseInitStruct.9913
                0x0000000020000028       0x14 ./Core/Src/flash.o
 *(COMMON)
 COMMON         0x000000002000003c        0x1 ./Core/Src/configuration.o
                0x000000002000003c                currentState
 *fill*         0x000000002000003d        0x3 
 COMMON         0x0000000020000040      0x43c ./Core/Src/main.o
                0x0000000020000040                hi2c1
                0x0000000020000094                hadc1
                0x00000000200000dc                huart1
                0x0000000020000120                hspi1
                0x0000000020000178                hhcd_USB_OTG_FS
 COMMON         0x000000002000047c        0x4 ./Drivers/STM32F4xx_HAL_Driver/Src/stm32f4xx_hal.o
                0x000000002000047c                uwTick
 COMMON         0x0000000020000480       0x20 ./Drivers/STM32F4xx_HAL_Driver/Src/stm32f4xx_hal_flash.o
                0x0000000020000480                pFlash
                0x00000000200004a0                . = ALIGN (0x4)
                0x00000000200004a0                _ebss = .
                0x00000000200004a0                __bss_end__ = _ebss

._user_heap_stack
                0x00000000200004a0      0x600 load address 0x0000000008005388
                0x00000000200004a0                . = ALIGN (0x8)
                [!provide]                        PROVIDE (end = .)
                0x00000000200004a0                PROVIDE (_end = .)
                0x00000000200006a0                . = (. + _Min_Heap_Size)
 *fill*         0x00000000200004a0      0x200 
                0x0000000020000aa0                . = (. + _Min_Stack_Size)
 *fill*         0x00000000200006a0      0x400 
                0x0000000020000aa0                . = ALIGN (0x8)

/DISCARD/
 libc.a(*)
 libm.a(*)
 libgcc.a(*)

.ARM.attributes
                0x0000000000000000       0x30
 *(.ARM.attributes)
 .ARM.attributes
                0x0000000000000000       0x1e d:/stm32/stm32cubeide_1.7.0/stm32cubeide/plugins/com.st.stm32cube.ide.mcu.externaltools.gnu-tools-for-stm32.9-2020-q2-update.win32_2.0.0.202105311346/tools/bin/../lib/gcc/arm-none-eabi/9.3.1/thumb/v7e-m+fp/hard/crti.o
 .ARM.attributes
                0x000000000000001e       0x34 d:/stm32/stm32cubeide_1.7.0/stm32cubeide/plugins/com.st.stm32cube.ide.mcu.externaltools.gnu-tools-for-stm32.9-2020-q2-update.win32_2.0.0.202105311346/tools/bin/../lib/gcc/arm-none-eabi/9.3.1/thumb/v7e-m+fp/hard/crtbegin.o
 .ARM.attributes
                0x0000000000000052       0x34 ./Core/Src/configuration.o
 .ARM.attributes
                0x0000000000000086       0x34 ./Core/Src/flash.o
 .ARM.attributes
                0x00000000000000ba       0x34 ./Core/Src/main.o
 .ARM.attributes
                0x00000000000000ee       0x34 ./Core/Src/payload.o
 .ARM.attributes
                0x0000000000000122       0x34 ./Core/Src/sensorReadings.o
 .ARM.attributes
                0x0000000000000156       0x34 ./Core/Src/stm32f4xx_hal_msp.o
 .ARM.attributes
                0x000000000000018a       0x34 ./Core/Src/stm32f4xx_it.o
 .ARM.attributes
                0x00000000000001be       0x34 ./Core/Src/system_stm32f4xx.o
 .ARM.attributes
                0x00000000000001f2       0x21 ./Core/Startup/startup_stm32f411ceux.o
 .ARM.attributes
                0x0000000000000213       0x34 ./Drivers/STM32F4xx_HAL_Driver/Src/stm32f4xx_hal.o
 .ARM.attributes
                0x0000000000000247       0x34 ./Drivers/STM32F4xx_HAL_Driver/Src/stm32f4xx_hal_adc.o
 .ARM.attributes
                0x000000000000027b       0x34 ./Drivers/STM32F4xx_HAL_Driver/Src/stm32f4xx_hal_cortex.o
 .ARM.attributes
                0x00000000000002af       0x34 ./Drivers/STM32F4xx_HAL_Driver/Src/stm32f4xx_hal_flash.o
 .ARM.attributes
                0x00000000000002e3       0x34 ./Drivers/STM32F4xx_HAL_Driver/Src/stm32f4xx_hal_flash_ex.o
 .ARM.attributes
                0x0000000000000317       0x34 ./Drivers/STM32F4xx_HAL_Driver/Src/stm32f4xx_hal_gpio.o
 .ARM.attributes
                0x000000000000034b       0x34 ./Drivers/STM32F4xx_HAL_Driver/Src/stm32f4xx_hal_hcd.o
 .ARM.attributes
                0x000000000000037f       0x34 ./Drivers/STM32F4xx_HAL_Driver/Src/stm32f4xx_hal_i2c.o
 .ARM.attributes
                0x00000000000003b3       0x34 ./Drivers/STM32F4xx_HAL_Driver/Src/stm32f4xx_hal_rcc.o
 .ARM.attributes
                0x00000000000003e7       0x34 ./Drivers/STM32F4xx_HAL_Driver/Src/stm32f4xx_hal_spi.o
 .ARM.attributes
                0x000000000000041b       0x34 ./Drivers/STM32F4xx_HAL_Driver/Src/stm32f4xx_hal_uart.o
 .ARM.attributes
                0x000000000000044f       0x34 ./Drivers/STM32F4xx_HAL_Driver/Src/stm32f4xx_ll_usb.o
 .ARM.attributes
                0x0000000000000483       0x34 d:/stm32/stm32cubeide_1.7.0/stm32cubeide/plugins/com.st.stm32cube.ide.mcu.externaltools.gnu-tools-for-stm32.9-2020-q2-update.win32_2.0.0.202105311346/tools/bin/../lib/gcc/arm-none-eabi/9.3.1/../../../../arm-none-eabi/lib/thumb/v7e-m+fp/hard\libc_nano.a(lib_a-init.o)
 .ARM.attributes
                0x00000000000004b7       0x34 d:/stm32/stm32cubeide_1.7.0/stm32cubeide/plugins/com.st.stm32cube.ide.mcu.externaltools.gnu-tools-for-stm32.9-2020-q2-update.win32_2.0.0.202105311346/tools/bin/../lib/gcc/arm-none-eabi/9.3.1/../../../../arm-none-eabi/lib/thumb/v7e-m+fp/hard\libc_nano.a(lib_a-memset.o)
 .ARM.attributes
                0x00000000000004eb       0x1e d:/stm32/stm32cubeide_1.7.0/stm32cubeide/plugins/com.st.stm32cube.ide.mcu.externaltools.gnu-tools-for-stm32.9-2020-q2-update.win32_2.0.0.202105311346/tools/bin/../lib/gcc/arm-none-eabi/9.3.1/thumb/v7e-m+fp/hard\libgcc.a(_arm_addsubdf3.o)
 .ARM.attributes
                0x0000000000000509       0x1e d:/stm32/stm32cubeide_1.7.0/stm32cubeide/plugins/com.st.stm32cube.ide.mcu.externaltools.gnu-tools-for-stm32.9-2020-q2-update.win32_2.0.0.202105311346/tools/bin/../lib/gcc/arm-none-eabi/9.3.1/thumb/v7e-m+fp/hard\libgcc.a(_arm_muldivdf3.o)
 .ARM.attributes
                0x0000000000000527       0x1e d:/stm32/stm32cubeide_1.7.0/stm32cubeide/plugins/com.st.stm32cube.ide.mcu.externaltools.gnu-tools-for-stm32.9-2020-q2-update.win32_2.0.0.202105311346/tools/bin/../lib/gcc/arm-none-eabi/9.3.1/thumb/v7e-m+fp/hard\libgcc.a(_arm_truncdfsf2.o)
 .ARM.attributes
                0x0000000000000545       0x1e d:/stm32/stm32cubeide_1.7.0/stm32cubeide/plugins/com.st.stm32cube.ide.mcu.externaltools.gnu-tools-for-stm32.9-2020-q2-update.win32_2.0.0.202105311346/tools/bin/../lib/gcc/arm-none-eabi/9.3.1/thumb/v7e-m+fp/hard\libgcc.a(_aeabi_uldivmod.o)
 .ARM.attributes
                0x0000000000000563       0x34 d:/stm32/stm32cubeide_1.7.0/stm32cubeide/plugins/com.st.stm32cube.ide.mcu.externaltools.gnu-tools-for-stm32.9-2020-q2-update.win32_2.0.0.202105311346/tools/bin/../lib/gcc/arm-none-eabi/9.3.1/thumb/v7e-m+fp/hard\libgcc.a(_udivmoddi4.o)
 .ARM.attributes
                0x0000000000000597       0x1e d:/stm32/stm32cubeide_1.7.0/stm32cubeide/plugins/com.st.stm32cube.ide.mcu.externaltools.gnu-tools-for-stm32.9-2020-q2-update.win32_2.0.0.202105311346/tools/bin/../lib/gcc/arm-none-eabi/9.3.1/thumb/v7e-m+fp/hard\libgcc.a(_dvmd_tls.o)
 .ARM.attributes
                0x00000000000005b5       0x1e d:/stm32/stm32cubeide_1.7.0/stm32cubeide/plugins/com.st.stm32cube.ide.mcu.externaltools.gnu-tools-for-stm32.9-2020-q2-update.win32_2.0.0.202105311346/tools/bin/../lib/gcc/arm-none-eabi/9.3.1/thumb/v7e-m+fp/hard/crtn.o
OUTPUT(board2.elf elf32-littlearm)
LOAD linker stubs
LOAD d:/stm32/stm32cubeide_1.7.0/stm32cubeide/plugins/com.st.stm32cube.ide.mcu.externaltools.gnu-tools-for-stm32.9-2020-q2-update.win32_2.0.0.202105311346/tools/bin/../lib/gcc/arm-none-eabi/9.3.1/../../../../arm-none-eabi/lib/thumb/v7e-m+fp/hard\libc.a
LOAD d:/stm32/stm32cubeide_1.7.0/stm32cubeide/plugins/com.st.stm32cube.ide.mcu.externaltools.gnu-tools-for-stm32.9-2020-q2-update.win32_2.0.0.202105311346/tools/bin/../lib/gcc/arm-none-eabi/9.3.1/../../../../arm-none-eabi/lib/thumb/v7e-m+fp/hard\libm.a
LOAD d:/stm32/stm32cubeide_1.7.0/stm32cubeide/plugins/com.st.stm32cube.ide.mcu.externaltools.gnu-tools-for-stm32.9-2020-q2-update.win32_2.0.0.202105311346/tools/bin/../lib/gcc/arm-none-eabi/9.3.1/thumb/v7e-m+fp/hard\libgcc.a

.debug_info     0x0000000000000000    0x12e9b
 .debug_info    0x0000000000000000      0xdc5 ./Core/Src/configuration.o
 .debug_info    0x0000000000000dc5      0xde1 ./Core/Src/flash.o
 .debug_info    0x0000000000001ba6     0x1957 ./Core/Src/main.o
 .debug_info    0x00000000000034fd      0x8a3 ./Core/Src/payload.o
 .debug_info    0x0000000000003da0      0xacb ./Core/Src/sensorReadings.o
 .debug_info    0x000000000000486b     0x18f1 ./Core/Src/stm32f4xx_hal_msp.o
 .debug_info    0x000000000000615c      0x23b ./Core/Src/stm32f4xx_it.o
 .debug_info    0x0000000000006397      0x5d0 ./Core/Src/system_stm32f4xx.o
 .debug_info    0x0000000000006967       0x22 ./Core/Startup/startup_stm32f411ceux.o
 .debug_info    0x0000000000006989      0x944 ./Drivers/STM32F4xx_HAL_Driver/Src/stm32f4xx_hal.o
 .debug_info    0x00000000000072cd      0xdb4 ./Drivers/STM32F4xx_HAL_Driver/Src/stm32f4xx_hal_adc.o
 .debug_info    0x0000000000008081      0xe47 ./Drivers/STM32F4xx_HAL_Driver/Src/stm32f4xx_hal_cortex.o
 .debug_info    0x0000000000008ec8      0x675 ./Drivers/STM32F4xx_HAL_Driver/Src/stm32f4xx_hal_flash.o
 .debug_info    0x000000000000953d      0x8fd ./Drivers/STM32F4xx_HAL_Driver/Src/stm32f4xx_hal_flash_ex.o
 .debug_info    0x0000000000009e3a      0x862 ./Drivers/STM32F4xx_HAL_Driver/Src/stm32f4xx_hal_gpio.o
 .debug_info    0x000000000000a69c      0xf67 ./Drivers/STM32F4xx_HAL_Driver/Src/stm32f4xx_hal_hcd.o
 .debug_info    0x000000000000b603     0x2639 ./Drivers/STM32F4xx_HAL_Driver/Src/stm32f4xx_hal_i2c.o
 .debug_info    0x000000000000dc3c      0x9be ./Drivers/STM32F4xx_HAL_Driver/Src/stm32f4xx_hal_rcc.o
 .debug_info    0x000000000000e5fa     0x17b8 ./Drivers/STM32F4xx_HAL_Driver/Src/stm32f4xx_hal_spi.o
 .debug_info    0x000000000000fdb2     0x165d ./Drivers/STM32F4xx_HAL_Driver/Src/stm32f4xx_hal_uart.o
 .debug_info    0x000000000001140f     0x1a8c ./Drivers/STM32F4xx_HAL_Driver/Src/stm32f4xx_ll_usb.o

.debug_abbrev   0x0000000000000000     0x2e7f
 .debug_abbrev  0x0000000000000000      0x2be ./Core/Src/configuration.o
 .debug_abbrev  0x00000000000002be      0x2da ./Core/Src/flash.o
 .debug_abbrev  0x0000000000000598      0x2a2 ./Core/Src/main.o
 .debug_abbrev  0x000000000000083a      0x256 ./Core/Src/payload.o
 .debug_abbrev  0x0000000000000a90      0x20a ./Core/Src/sensorReadings.o
 .debug_abbrev  0x0000000000000c9a      0x23d ./Core/Src/stm32f4xx_hal_msp.o
 .debug_abbrev  0x0000000000000ed7       0xe5 ./Core/Src/stm32f4xx_it.o
 .debug_abbrev  0x0000000000000fbc      0x145 ./Core/Src/system_stm32f4xx.o
 .debug_abbrev  0x0000000000001101       0x12 ./Core/Startup/startup_stm32f411ceux.o
 .debug_abbrev  0x0000000000001113      0x21e ./Drivers/STM32F4xx_HAL_Driver/Src/stm32f4xx_hal.o
 .debug_abbrev  0x0000000000001331      0x1ef ./Drivers/STM32F4xx_HAL_Driver/Src/stm32f4xx_hal_adc.o
 .debug_abbrev  0x0000000000001520      0x33c ./Drivers/STM32F4xx_HAL_Driver/Src/stm32f4xx_hal_cortex.o
 .debug_abbrev  0x000000000000185c      0x27e ./Drivers/STM32F4xx_HAL_Driver/Src/stm32f4xx_hal_flash.o
 .debug_abbrev  0x0000000000001ada      0x26e ./Drivers/STM32F4xx_HAL_Driver/Src/stm32f4xx_hal_flash_ex.o
 .debug_abbrev  0x0000000000001d48      0x1f1 ./Drivers/STM32F4xx_HAL_Driver/Src/stm32f4xx_hal_gpio.o
 .debug_abbrev  0x0000000000001f39      0x28d ./Drivers/STM32F4xx_HAL_Driver/Src/stm32f4xx_hal_hcd.o
 .debug_abbrev  0x00000000000021c6      0x293 ./Drivers/STM32F4xx_HAL_Driver/Src/stm32f4xx_hal_i2c.o
 .debug_abbrev  0x0000000000002459      0x275 ./Drivers/STM32F4xx_HAL_Driver/Src/stm32f4xx_hal_rcc.o
 .debug_abbrev  0x00000000000026ce      0x26e ./Drivers/STM32F4xx_HAL_Driver/Src/stm32f4xx_hal_spi.o
 .debug_abbrev  0x000000000000293c      0x29c ./Drivers/STM32F4xx_HAL_Driver/Src/stm32f4xx_hal_uart.o
 .debug_abbrev  0x0000000000002bd8      0x2a7 ./Drivers/STM32F4xx_HAL_Driver/Src/stm32f4xx_ll_usb.o

.debug_aranges  0x0000000000000000     0x10f8
 .debug_aranges
                0x0000000000000000       0x80 ./Core/Src/configuration.o
 .debug_aranges
                0x0000000000000080       0x58 ./Core/Src/flash.o
 .debug_aranges
                0x00000000000000d8       0x60 ./Core/Src/main.o
 .debug_aranges
                0x0000000000000138       0x30 ./Core/Src/payload.o
 .debug_aranges
                0x0000000000000168       0x38 ./Core/Src/sensorReadings.o
 .debug_aranges
                0x00000000000001a0       0x70 ./Core/Src/stm32f4xx_hal_msp.o
 .debug_aranges
                0x0000000000000210       0x60 ./Core/Src/stm32f4xx_it.o
 .debug_aranges
                0x0000000000000270       0x28 ./Core/Src/system_stm32f4xx.o
 .debug_aranges
                0x0000000000000298       0x28 ./Core/Startup/startup_stm32f411ceux.o
 .debug_aranges
                0x00000000000002c0       0xf0 ./Drivers/STM32F4xx_HAL_Driver/Src/stm32f4xx_hal.o
 .debug_aranges
                0x00000000000003b0       0xe8 ./Drivers/STM32F4xx_HAL_Driver/Src/stm32f4xx_hal_adc.o
 .debug_aranges
                0x0000000000000498      0x118 ./Drivers/STM32F4xx_HAL_Driver/Src/stm32f4xx_hal_cortex.o
 .debug_aranges
                0x00000000000005b0       0xa0 ./Drivers/STM32F4xx_HAL_Driver/Src/stm32f4xx_hal_flash.o
 .debug_aranges
                0x0000000000000650       0xc8 ./Drivers/STM32F4xx_HAL_Driver/Src/stm32f4xx_hal_flash_ex.o
 .debug_aranges
                0x0000000000000718       0x58 ./Drivers/STM32F4xx_HAL_Driver/Src/stm32f4xx_hal_gpio.o
 .debug_aranges
                0x0000000000000770       0xf8 ./Drivers/STM32F4xx_HAL_Driver/Src/stm32f4xx_hal_hcd.o
 .debug_aranges
                0x0000000000000868      0x2a0 ./Drivers/STM32F4xx_HAL_Driver/Src/stm32f4xx_hal_i2c.o
 .debug_aranges
                0x0000000000000b08       0x88 ./Drivers/STM32F4xx_HAL_Driver/Src/stm32f4xx_hal_rcc.o
 .debug_aranges
                0x0000000000000b90      0x1d0 ./Drivers/STM32F4xx_HAL_Driver/Src/stm32f4xx_hal_spi.o
 .debug_aranges
                0x0000000000000d60      0x200 ./Drivers/STM32F4xx_HAL_Driver/Src/stm32f4xx_hal_uart.o
 .debug_aranges
                0x0000000000000f60      0x198 ./Drivers/STM32F4xx_HAL_Driver/Src/stm32f4xx_ll_usb.o

.debug_ranges   0x0000000000000000     0x1008
 .debug_ranges  0x0000000000000000       0x70 ./Core/Src/configuration.o
 .debug_ranges  0x0000000000000070       0x48 ./Core/Src/flash.o
 .debug_ranges  0x00000000000000b8       0x50 ./Core/Src/main.o
 .debug_ranges  0x0000000000000108       0x20 ./Core/Src/payload.o
 .debug_ranges  0x0000000000000128       0x28 ./Core/Src/sensorReadings.o
 .debug_ranges  0x0000000000000150       0x60 ./Core/Src/stm32f4xx_hal_msp.o
 .debug_ranges  0x00000000000001b0       0x50 ./Core/Src/stm32f4xx_it.o
 .debug_ranges  0x0000000000000200       0x18 ./Core/Src/system_stm32f4xx.o
 .debug_ranges  0x0000000000000218       0x20 ./Core/Startup/startup_stm32f411ceux.o
 .debug_ranges  0x0000000000000238       0xe0 ./Drivers/STM32F4xx_HAL_Driver/Src/stm32f4xx_hal.o
 .debug_ranges  0x0000000000000318       0xd8 ./Drivers/STM32F4xx_HAL_Driver/Src/stm32f4xx_hal_adc.o
 .debug_ranges  0x00000000000003f0      0x108 ./Drivers/STM32F4xx_HAL_Driver/Src/stm32f4xx_hal_cortex.o
 .debug_ranges  0x00000000000004f8       0x90 ./Drivers/STM32F4xx_HAL_Driver/Src/stm32f4xx_hal_flash.o
 .debug_ranges  0x0000000000000588       0xb8 ./Drivers/STM32F4xx_HAL_Driver/Src/stm32f4xx_hal_flash_ex.o
 .debug_ranges  0x0000000000000640       0x48 ./Drivers/STM32F4xx_HAL_Driver/Src/stm32f4xx_hal_gpio.o
 .debug_ranges  0x0000000000000688       0xe8 ./Drivers/STM32F4xx_HAL_Driver/Src/stm32f4xx_hal_hcd.o
 .debug_ranges  0x0000000000000770      0x2b8 ./Drivers/STM32F4xx_HAL_Driver/Src/stm32f4xx_hal_i2c.o
 .debug_ranges  0x0000000000000a28       0x78 ./Drivers/STM32F4xx_HAL_Driver/Src/stm32f4xx_hal_rcc.o
 .debug_ranges  0x0000000000000aa0      0x1c0 ./Drivers/STM32F4xx_HAL_Driver/Src/stm32f4xx_hal_spi.o
 .debug_ranges  0x0000000000000c60      0x220 ./Drivers/STM32F4xx_HAL_Driver/Src/stm32f4xx_hal_uart.o
 .debug_ranges  0x0000000000000e80      0x188 ./Drivers/STM32F4xx_HAL_Driver/Src/stm32f4xx_ll_usb.o

.debug_macro    0x0000000000000000     0x3024
 .debug_macro   0x0000000000000000      0x240 ./Core/Src/configuration.o
 .debug_macro   0x0000000000000240      0x174 ./Core/Src/configuration.o
 .debug_macro   0x00000000000003b4       0x52 ./Core/Src/configuration.o
 .debug_macro   0x0000000000000406      0x3b7 ./Core/Src/flash.o
 .debug_macro   0x00000000000007bd       0x10 ./Core/Src/flash.o
 .debug_macro   0x00000000000007cd       0x20 ./Core/Src/flash.o
 .debug_macro   0x00000000000007ed      0x267 ./Core/Src/main.o
 .debug_macro   0x0000000000000a54      0x244 ./Core/Src/payload.o
 .debug_macro   0x0000000000000c98      0x240 ./Core/Src/sensorReadings.o
 .debug_macro   0x0000000000000ed8      0x267 ./Core/Src/stm32f4xx_hal_msp.o
 .debug_macro   0x000000000000113f      0x271 ./Core/Src/stm32f4xx_it.o
 .debug_macro   0x00000000000013b0      0x21e ./Core/Src/system_stm32f4xx.o
 .debug_macro   0x00000000000015ce      0x27e ./Drivers/STM32F4xx_HAL_Driver/Src/stm32f4xx_hal.o
 .debug_macro   0x000000000000184c      0x21f ./Drivers/STM32F4xx_HAL_Driver/Src/stm32f4xx_hal_adc.o
 .debug_macro   0x0000000000001a6b      0x21e ./Drivers/STM32F4xx_HAL_Driver/Src/stm32f4xx_hal_cortex.o
 .debug_macro   0x0000000000001c89      0x224 ./Drivers/STM32F4xx_HAL_Driver/Src/stm32f4xx_hal_flash.o
 .debug_macro   0x0000000000001ead      0x224 ./Drivers/STM32F4xx_HAL_Driver/Src/stm32f4xx_hal_flash_ex.o
 .debug_macro   0x00000000000020d1      0x224 ./Drivers/STM32F4xx_HAL_Driver/Src/stm32f4xx_hal_gpio.o
 .debug_macro   0x00000000000022f5      0x21e ./Drivers/STM32F4xx_HAL_Driver/Src/stm32f4xx_hal_hcd.o
 .debug_macro   0x0000000000002513      0x265 ./Drivers/STM32F4xx_HAL_Driver/Src/stm32f4xx_hal_i2c.o
 .debug_macro   0x0000000000002778      0x242 ./Drivers/STM32F4xx_HAL_Driver/Src/stm32f4xx_hal_rcc.o
 .debug_macro   0x00000000000029ba      0x22d ./Drivers/STM32F4xx_HAL_Driver/Src/stm32f4xx_hal_spi.o
 .debug_macro   0x0000000000002be7      0x21f ./Drivers/STM32F4xx_HAL_Driver/Src/stm32f4xx_hal_uart.o
 .debug_macro   0x0000000000002e06      0x21e ./Drivers/STM32F4xx_HAL_Driver/Src/stm32f4xx_ll_usb.o

.debug_line     0x0000000000000000    0x13fd2
 .debug_line    0x0000000000000000      0x9c0 ./Core/Src/configuration.o
 .debug_line    0x00000000000009c0      0xba5 ./Core/Src/flash.o
 .debug_line    0x0000000000001565      0xa12 ./Core/Src/main.o
 .debug_line    0x0000000000001f77      0x7b6 ./Core/Src/payload.o
 .debug_line    0x000000000000272d      0x82b ./Core/Src/sensorReadings.o
 .debug_line    0x0000000000002f58      0x94e ./Core/Src/stm32f4xx_hal_msp.o
 .debug_line    0x00000000000038a6      0x87d ./Core/Src/stm32f4xx_it.o
 .debug_line    0x0000000000004123      0x7df ./Core/Src/system_stm32f4xx.o
 .debug_line    0x0000000000004902       0x88 ./Core/Startup/startup_stm32f411ceux.o
 .debug_line    0x000000000000498a      0xa45 ./Drivers/STM32F4xx_HAL_Driver/Src/stm32f4xx_hal.o
 .debug_line    0x00000000000053cf     0x1209 ./Drivers/STM32F4xx_HAL_Driver/Src/stm32f4xx_hal_adc.o
 .debug_line    0x00000000000065d8      0xcf4 ./Drivers/STM32F4xx_HAL_Driver/Src/stm32f4xx_hal_cortex.o
 .debug_line    0x00000000000072cc      0xad7 ./Drivers/STM32F4xx_HAL_Driver/Src/stm32f4xx_hal_flash.o
 .debug_line    0x0000000000007da3      0xbdb ./Drivers/STM32F4xx_HAL_Driver/Src/stm32f4xx_hal_flash_ex.o
 .debug_line    0x000000000000897e      0xb81 ./Drivers/STM32F4xx_HAL_Driver/Src/stm32f4xx_hal_gpio.o
 .debug_line    0x00000000000094ff     0x125a ./Drivers/STM32F4xx_HAL_Driver/Src/stm32f4xx_hal_hcd.o
 .debug_line    0x000000000000a759     0x39cc ./Drivers/STM32F4xx_HAL_Driver/Src/stm32f4xx_hal_i2c.o
 .debug_line    0x000000000000e125      0xdbf ./Drivers/STM32F4xx_HAL_Driver/Src/stm32f4xx_hal_rcc.o
 .debug_line    0x000000000000eee4     0x1ccd ./Drivers/STM32F4xx_HAL_Driver/Src/stm32f4xx_hal_spi.o
 .debug_line    0x0000000000010bb1     0x1b0b ./Drivers/STM32F4xx_HAL_Driver/Src/stm32f4xx_hal_uart.o
 .debug_line    0x00000000000126bc     0x1916 ./Drivers/STM32F4xx_HAL_Driver/Src/stm32f4xx_ll_usb.o

.debug_str      0x0000000000000000    0x97b55
 .debug_str     0x0000000000000000    0x8f066 ./Core/Src/configuration.o
                                      0x8f3b4 (size before relaxing)
 .debug_str     0x000000000008f066     0x4232 ./Core/Src/flash.o
                                      0x92c3b (size before relaxing)
 .debug_str     0x0000000000093298      0xb45 ./Core/Src/main.o
                                      0x8fd21 (size before relaxing)
 .debug_str     0x0000000000093ddd       0xf8 ./Core/Src/payload.o
                                      0x8efa9 (size before relaxing)
 .debug_str     0x0000000000093ed5      0x14d ./Core/Src/sensorReadings.o
                                      0x8f13f (size before relaxing)
 .debug_str     0x0000000000094022      0x149 ./Core/Src/stm32f4xx_hal_msp.o
                                      0x8fb41 (size before relaxing)
 .debug_str     0x000000000009416b       0xbd ./Core/Src/stm32f4xx_it.o
                                      0x8ec2d (size before relaxing)
 .debug_str     0x0000000000094228       0xaf ./Core/Src/system_stm32f4xx.o
                                      0x8eacf (size before relaxing)
 .debug_str     0x00000000000942d7       0x36 ./Core/Startup/startup_stm32f411ceux.o
                                         0x63 (size before relaxing)
 .debug_str     0x000000000009430d      0x8fd ./Drivers/STM32F4xx_HAL_Driver/Src/stm32f4xx_hal.o
                                      0x8f459 (size before relaxing)
 .debug_str     0x0000000000094c0a      0x29c ./Drivers/STM32F4xx_HAL_Driver/Src/stm32f4xx_hal_adc.o
                                      0x8f069 (size before relaxing)
 .debug_str     0x0000000000094ea6      0x392 ./Drivers/STM32F4xx_HAL_Driver/Src/stm32f4xx_hal_cortex.o
                                      0x8f236 (size before relaxing)
 .debug_str     0x0000000000095238      0x29e ./Drivers/STM32F4xx_HAL_Driver/Src/stm32f4xx_hal_flash.o
                                      0x8eca8 (size before relaxing)
 .debug_str     0x00000000000954d6      0x2e5 ./Drivers/STM32F4xx_HAL_Driver/Src/stm32f4xx_hal_flash_ex.o
                                      0x8ede1 (size before relaxing)
 .debug_str     0x00000000000957bb      0x176 ./Drivers/STM32F4xx_HAL_Driver/Src/stm32f4xx_hal_gpio.o
                                      0x8ec76 (size before relaxing)
 .debug_str     0x0000000000095931      0x3e0 ./Drivers/STM32F4xx_HAL_Driver/Src/stm32f4xx_hal_hcd.o
                                      0x8f16e (size before relaxing)
 .debug_str     0x0000000000095d11      0xa92 ./Drivers/STM32F4xx_HAL_Driver/Src/stm32f4xx_hal_i2c.o
                                      0x8fa44 (size before relaxing)
 .debug_str     0x00000000000967a3      0x243 ./Drivers/STM32F4xx_HAL_Driver/Src/stm32f4xx_hal_rcc.o
                                      0x8eed1 (size before relaxing)
 .debug_str     0x00000000000969e6      0x55f ./Drivers/STM32F4xx_HAL_Driver/Src/stm32f4xx_hal_spi.o
                                      0x8f361 (size before relaxing)
 .debug_str     0x0000000000096f45      0x5d8 ./Drivers/STM32F4xx_HAL_Driver/Src/stm32f4xx_hal_uart.o
                                      0x8f421 (size before relaxing)
 .debug_str     0x000000000009751d      0x638 ./Drivers/STM32F4xx_HAL_Driver/Src/stm32f4xx_ll_usb.o
                                      0x8f3c8 (size before relaxing)

.comment        0x0000000000000000       0x53
 .comment       0x0000000000000000       0x53 ./Core/Src/configuration.o
                                         0x54 (size before relaxing)
 .comment       0x0000000000000053       0x54 ./Core/Src/flash.o
 .comment       0x0000000000000053       0x54 ./Core/Src/main.o
 .comment       0x0000000000000053       0x54 ./Core/Src/payload.o
 .comment       0x0000000000000053       0x54 ./Core/Src/sensorReadings.o
 .comment       0x0000000000000053       0x54 ./Core/Src/stm32f4xx_hal_msp.o
 .comment       0x0000000000000053       0x54 ./Core/Src/stm32f4xx_it.o
 .comment       0x0000000000000053       0x54 ./Core/Src/system_stm32f4xx.o
 .comment       0x0000000000000053       0x54 ./Drivers/STM32F4xx_HAL_Driver/Src/stm32f4xx_hal.o
 .comment       0x0000000000000053       0x54 ./Drivers/STM32F4xx_HAL_Driver/Src/stm32f4xx_hal_adc.o
 .comment       0x0000000000000053       0x54 ./Drivers/STM32F4xx_HAL_Driver/Src/stm32f4xx_hal_cortex.o
 .comment       0x0000000000000053       0x54 ./Drivers/STM32F4xx_HAL_Driver/Src/stm32f4xx_hal_flash.o
 .comment       0x0000000000000053       0x54 ./Drivers/STM32F4xx_HAL_Driver/Src/stm32f4xx_hal_flash_ex.o
 .comment       0x0000000000000053       0x54 ./Drivers/STM32F4xx_HAL_Driver/Src/stm32f4xx_hal_gpio.o
 .comment       0x0000000000000053       0x54 ./Drivers/STM32F4xx_HAL_Driver/Src/stm32f4xx_hal_hcd.o
 .comment       0x0000000000000053       0x54 ./Drivers/STM32F4xx_HAL_Driver/Src/stm32f4xx_hal_i2c.o
 .comment       0x0000000000000053       0x54 ./Drivers/STM32F4xx_HAL_Driver/Src/stm32f4xx_hal_rcc.o
 .comment       0x0000000000000053       0x54 ./Drivers/STM32F4xx_HAL_Driver/Src/stm32f4xx_hal_spi.o
 .comment       0x0000000000000053       0x54 ./Drivers/STM32F4xx_HAL_Driver/Src/stm32f4xx_hal_uart.o
 .comment       0x0000000000000053       0x54 ./Drivers/STM32F4xx_HAL_Driver/Src/stm32f4xx_ll_usb.o

.debug_frame    0x0000000000000000     0x48a8
 .debug_frame   0x0000000000000000      0x1d8 ./Core/Src/configuration.o
 .debug_frame   0x00000000000001d8      0x144 ./Core/Src/flash.o
 .debug_frame   0x000000000000031c      0x128 ./Core/Src/main.o
 .debug_frame   0x0000000000000444       0x80 ./Core/Src/payload.o
 .debug_frame   0x00000000000004c4       0xac ./Core/Src/sensorReadings.o
 .debug_frame   0x0000000000000570      0x1a0 ./Core/Src/stm32f4xx_hal_msp.o
 .debug_frame   0x0000000000000710      0x104 ./Core/Src/stm32f4xx_it.o
 .debug_frame   0x0000000000000814       0x58 ./Core/Src/system_stm32f4xx.o
 .debug_frame   0x000000000000086c      0x374 ./Drivers/STM32F4xx_HAL_Driver/Src/stm32f4xx_hal.o
 .debug_frame   0x0000000000000be0      0x3fc ./Drivers/STM32F4xx_HAL_Driver/Src/stm32f4xx_hal_adc.o
 .debug_frame   0x0000000000000fdc      0x498 ./Drivers/STM32F4xx_HAL_Driver/Src/stm32f4xx_hal_cortex.o
 .debug_frame   0x0000000000001474      0x274 ./Drivers/STM32F4xx_HAL_Driver/Src/stm32f4xx_hal_flash.o
 .debug_frame   0x00000000000016e8      0x334 ./Drivers/STM32F4xx_HAL_Driver/Src/stm32f4xx_hal_flash_ex.o
 .debug_frame   0x0000000000001a1c      0x14c ./Drivers/STM32F4xx_HAL_Driver/Src/stm32f4xx_hal_gpio.o
 .debug_frame   0x0000000000001b68      0x44c ./Drivers/STM32F4xx_HAL_Driver/Src/stm32f4xx_hal_hcd.o
 .debug_frame   0x0000000000001fb4      0xc5c ./Drivers/STM32F4xx_HAL_Driver/Src/stm32f4xx_hal_i2c.o
 .debug_frame   0x0000000000002c10      0x1ec ./Drivers/STM32F4xx_HAL_Driver/Src/stm32f4xx_hal_rcc.o
 .debug_frame   0x0000000000002dfc      0x824 ./Drivers/STM32F4xx_HAL_Driver/Src/stm32f4xx_hal_spi.o
 .debug_frame   0x0000000000003620      0x924 ./Drivers/STM32F4xx_HAL_Driver/Src/stm32f4xx_hal_uart.o
 .debug_frame   0x0000000000003f44      0x798 ./Drivers/STM32F4xx_HAL_Driver/Src/stm32f4xx_ll_usb.o
 .debug_frame   0x00000000000046dc       0x2c d:/stm32/stm32cubeide_1.7.0/stm32cubeide/plugins/com.st.stm32cube.ide.mcu.externaltools.gnu-tools-for-stm32.9-2020-q2-update.win32_2.0.0.202105311346/tools/bin/../lib/gcc/arm-none-eabi/9.3.1/../../../../arm-none-eabi/lib/thumb/v7e-m+fp/hard\libc_nano.a(lib_a-init.o)
 .debug_frame   0x0000000000004708       0x20 d:/stm32/stm32cubeide_1.7.0/stm32cubeide/plugins/com.st.stm32cube.ide.mcu.externaltools.gnu-tools-for-stm32.9-2020-q2-update.win32_2.0.0.202105311346/tools/bin/../lib/gcc/arm-none-eabi/9.3.1/../../../../arm-none-eabi/lib/thumb/v7e-m+fp/hard\libc_nano.a(lib_a-memset.o)
 .debug_frame   0x0000000000004728       0xac d:/stm32/stm32cubeide_1.7.0/stm32cubeide/plugins/com.st.stm32cube.ide.mcu.externaltools.gnu-tools-for-stm32.9-2020-q2-update.win32_2.0.0.202105311346/tools/bin/../lib/gcc/arm-none-eabi/9.3.1/thumb/v7e-m+fp/hard\libgcc.a(_arm_addsubdf3.o)
 .debug_frame   0x00000000000047d4       0x50 d:/stm32/stm32cubeide_1.7.0/stm32cubeide/plugins/com.st.stm32cube.ide.mcu.externaltools.gnu-tools-for-stm32.9-2020-q2-update.win32_2.0.0.202105311346/tools/bin/../lib/gcc/arm-none-eabi/9.3.1/thumb/v7e-m+fp/hard\libgcc.a(_arm_muldivdf3.o)
 .debug_frame   0x0000000000004824       0x24 d:/stm32/stm32cubeide_1.7.0/stm32cubeide/plugins/com.st.stm32cube.ide.mcu.externaltools.gnu-tools-for-stm32.9-2020-q2-update.win32_2.0.0.202105311346/tools/bin/../lib/gcc/arm-none-eabi/9.3.1/thumb/v7e-m+fp/hard\libgcc.a(_arm_truncdfsf2.o)
 .debug_frame   0x0000000000004848       0x2c d:/stm32/stm32cubeide_1.7.0/stm32cubeide/plugins/com.st.stm32cube.ide.mcu.externaltools.gnu-tools-for-stm32.9-2020-q2-update.win32_2.0.0.202105311346/tools/bin/../lib/gcc/arm-none-eabi/9.3.1/thumb/v7e-m+fp/hard\libgcc.a(_aeabi_uldivmod.o)
 .debug_frame   0x0000000000004874       0x34 d:/stm32/stm32cubeide_1.7.0/stm32cubeide/plugins/com.st.stm32cube.ide.mcu.externaltools.gnu-tools-for-stm32.9-2020-q2-update.win32_2.0.0.202105311346/tools/bin/../lib/gcc/arm-none-eabi/9.3.1/thumb/v7e-m+fp/hard\libgcc.a(_udivmoddi4.o)
