Archive member included to satisfy reference by file (symbol)

c:/st/stm32cubeide_1.7.0/stm32cubeide/plugins/com.st.stm32cube.ide.mcu.externaltools.gnu-tools-for-stm32.9-2020-q2-update.win32_2.0.0.202105311346/tools/bin/../lib/gcc/arm-none-eabi/9.3.1/../../../../arm-none-eabi/lib/thumb/v7e-m+fp/hard\libc_nano.a(lib_a-errno.o)
                              ./Core/Src/syscalls.o (__errno)
c:/st/stm32cubeide_1.7.0/stm32cubeide/plugins/com.st.stm32cube.ide.mcu.externaltools.gnu-tools-for-stm32.9-2020-q2-update.win32_2.0.0.202105311346/tools/bin/../lib/gcc/arm-none-eabi/9.3.1/../../../../arm-none-eabi/lib/thumb/v7e-m+fp/hard\libc_nano.a(lib_a-exit.o)
                              c:/st/stm32cubeide_1.7.0/stm32cubeide/plugins/com.st.stm32cube.ide.mcu.externaltools.gnu-tools-for-stm32.9-2020-q2-update.win32_2.0.0.202105311346/tools/bin/../lib/gcc/arm-none-eabi/9.3.1/../../../../arm-none-eabi/lib/thumb/v7e-m+fp/hard/crt0.o (exit)
c:/st/stm32cubeide_1.7.0/stm32cubeide/plugins/com.st.stm32cube.ide.mcu.externaltools.gnu-tools-for-stm32.9-2020-q2-update.win32_2.0.0.202105311346/tools/bin/../lib/gcc/arm-none-eabi/9.3.1/../../../../arm-none-eabi/lib/thumb/v7e-m+fp/hard\libc_nano.a(lib_a-impure.o)
                              c:/st/stm32cubeide_1.7.0/stm32cubeide/plugins/com.st.stm32cube.ide.mcu.externaltools.gnu-tools-for-stm32.9-2020-q2-update.win32_2.0.0.202105311346/tools/bin/../lib/gcc/arm-none-eabi/9.3.1/../../../../arm-none-eabi/lib/thumb/v7e-m+fp/hard\libc_nano.a(lib_a-exit.o) (_global_impure_ptr)
c:/st/stm32cubeide_1.7.0/stm32cubeide/plugins/com.st.stm32cube.ide.mcu.externaltools.gnu-tools-for-stm32.9-2020-q2-update.win32_2.0.0.202105311346/tools/bin/../lib/gcc/arm-none-eabi/9.3.1/../../../../arm-none-eabi/lib/thumb/v7e-m+fp/hard\libc_nano.a(lib_a-init.o)
                              c:/st/stm32cubeide_1.7.0/stm32cubeide/plugins/com.st.stm32cube.ide.mcu.externaltools.gnu-tools-for-stm32.9-2020-q2-update.win32_2.0.0.202105311346/tools/bin/../lib/gcc/arm-none-eabi/9.3.1/../../../../arm-none-eabi/lib/thumb/v7e-m+fp/hard/crt0.o (__libc_init_array)
c:/st/stm32cubeide_1.7.0/stm32cubeide/plugins/com.st.stm32cube.ide.mcu.externaltools.gnu-tools-for-stm32.9-2020-q2-update.win32_2.0.0.202105311346/tools/bin/../lib/gcc/arm-none-eabi/9.3.1/../../../../arm-none-eabi/lib/thumb/v7e-m+fp/hard\libc_nano.a(lib_a-memset.o)
                              c:/st/stm32cubeide_1.7.0/stm32cubeide/plugins/com.st.stm32cube.ide.mcu.externaltools.gnu-tools-for-stm32.9-2020-q2-update.win32_2.0.0.202105311346/tools/bin/../lib/gcc/arm-none-eabi/9.3.1/../../../../arm-none-eabi/lib/thumb/v7e-m+fp/hard/crt0.o (memset)
c:/st/stm32cubeide_1.7.0/stm32cubeide/plugins/com.st.stm32cube.ide.mcu.externaltools.gnu-tools-for-stm32.9-2020-q2-update.win32_2.0.0.202105311346/tools/bin/../lib/gcc/arm-none-eabi/9.3.1/../../../../arm-none-eabi/lib/thumb/v7e-m+fp/hard\libc_nano.a(lib_a-strlen.o)
                              ./Core/Src/flash.o (strlen)
c:/st/stm32cubeide_1.7.0/stm32cubeide/plugins/com.st.stm32cube.ide.mcu.externaltools.gnu-tools-for-stm32.9-2020-q2-update.win32_2.0.0.202105311346/tools/bin/../lib/gcc/arm-none-eabi/9.3.1/../../../../arm-none-eabi/lib/thumb/v7e-m+fp/hard\libm.a(lib_a-s_ceil.o)
                              ./Core/Src/radio.o (ceil)
c:/st/stm32cubeide_1.7.0/stm32cubeide/plugins/com.st.stm32cube.ide.mcu.externaltools.gnu-tools-for-stm32.9-2020-q2-update.win32_2.0.0.202105311346/tools/bin/../lib/gcc/arm-none-eabi/9.3.1/../../../../arm-none-eabi/lib/thumb/v7e-m+fp/hard\libm.a(lib_a-s_floor.o)
                              ./Core/Src/radio.o (floor)
c:/st/stm32cubeide_1.7.0/stm32cubeide/plugins/com.st.stm32cube.ide.mcu.externaltools.gnu-tools-for-stm32.9-2020-q2-update.win32_2.0.0.202105311346/tools/bin/../lib/gcc/arm-none-eabi/9.3.1/../../../../arm-none-eabi/lib/thumb/v7e-m+fp/hard\libm.a(lib_a-s_rint.o)
                              ./Core/Src/radio.o (rint)
c:/st/stm32cubeide_1.7.0/stm32cubeide/plugins/com.st.stm32cube.ide.mcu.externaltools.gnu-tools-for-stm32.9-2020-q2-update.win32_2.0.0.202105311346/tools/bin/../lib/gcc/arm-none-eabi/9.3.1/thumb/v7e-m+fp/hard\libgcc.a(_arm_muldf3.o)
                              ./Core/Src/radio.o (__aeabi_dmul)
c:/st/stm32cubeide_1.7.0/stm32cubeide/plugins/com.st.stm32cube.ide.mcu.externaltools.gnu-tools-for-stm32.9-2020-q2-update.win32_2.0.0.202105311346/tools/bin/../lib/gcc/arm-none-eabi/9.3.1/thumb/v7e-m+fp/hard\libgcc.a(_arm_addsubdf3.o)
                              c:/st/stm32cubeide_1.7.0/stm32cubeide/plugins/com.st.stm32cube.ide.mcu.externaltools.gnu-tools-for-stm32.9-2020-q2-update.win32_2.0.0.202105311346/tools/bin/../lib/gcc/arm-none-eabi/9.3.1/../../../../arm-none-eabi/lib/thumb/v7e-m+fp/hard\libm.a(lib_a-s_rint.o) (__aeabi_dsub)
c:/st/stm32cubeide_1.7.0/stm32cubeide/plugins/com.st.stm32cube.ide.mcu.externaltools.gnu-tools-for-stm32.9-2020-q2-update.win32_2.0.0.202105311346/tools/bin/../lib/gcc/arm-none-eabi/9.3.1/thumb/v7e-m+fp/hard\libgcc.a(_arm_muldivdf3.o)
[...]
Memory Configuration

Name             Origin             Length             Attributes
RAM              0x0000000020000000 0x0000000000020000 xrw
FLASH            0x0000000008000000 0x0000000000080000 xr
*default*        0x0000000000000000 0xffffffffffffffff

Linker script and memory map

LOAD c:/st/stm32cubeide_1.7.0/stm32cubeide/plugins/com.st.stm32cube.ide.mcu.externaltools.gnu-tools-for-stm32.9-2020-q2-update.win32_2.0.0.202105311346/tools/bin/../lib/gcc/arm-none-eabi/9.3.1/thumb/v7e-m+fp/hard/crti.o
LOAD c:/st/stm32cubeide_1.7.0/stm32cubeide/plugins/com.st.stm32cube.ide.mcu.externaltools.gnu-tools-for-stm32.9-2020-q2-update.win32_2.0.0.202105311346/tools/bin/../lib/gcc/arm-none-eabi/9.3.1/thumb/v7e-m+fp/hard/crtbegin.o
LOAD c:/st/stm32cubeide_1.7.0/stm32cubeide/plugins/com.st.stm32cube.ide.mcu.externaltools.gnu-tools-for-stm32.9-2020-q2-update.win32_2.0.0.202105311346/tools/bin/../lib/gcc/arm-none-eabi/9.3.1/../../../../arm-none-eabi/lib/thumb/v7e-m+fp/hard/crt0.o
LOAD ./Core/Src/comms.o
LOAD ./Core/Src/configuration.o
LOAD ./Core/Src/delay.o
LOAD ./Core/Src/fifo.o
LOAD ./Core/Src/flash.o
LOAD ./Core/Src/gpio.o
LOAD ./Core/Src/main.o
LOAD ./Core/Src/payload_camera.o
LOAD ./Core/Src/radio.o
LOAD ./Core/Src/sensorReadings.o
LOAD ./Core/Src/stm32f4xx_hal_msp.o
LOAD ./Core/Src/stm32f4xx_it.o
LOAD ./Core/Src/sx126x.o
LOAD ./Core/Src/syscalls.o
LOAD ./Core/Src/sysmem.o
LOAD ./Core/Src/system_stm32f4xx.o
LOAD ./Core/Src/timer.o
LOAD ./Core/Startup/startup_stm32f411ceux.o
LOAD ./Drivers/STM32F4xx_HAL_Driver/Src/stm32f4xx_hal.o
LOAD ./Drivers/STM32F4xx_HAL_Driver/Src/stm32f4xx_hal_adc.o
LOAD ./Drivers/STM32F4xx_HAL_Driver/Src/stm32f4xx_hal_adc_ex.o
LOAD ./Drivers/STM32F4xx_HAL_Driver/Src/stm32f4xx_hal_cortex.o
LOAD ./Drivers/STM32F4xx_HAL_Driver/Src/stm32f4xx_hal_dma.o
LOAD ./Drivers/STM32F4xx_HAL_Driver/Src/stm32f4xx_hal_dma_ex.o
LOAD ./Drivers/STM32F4xx_HAL_Driver/Src/stm32f4xx_hal_exti.o
LOAD ./Drivers/STM32F4xx_HAL_Driver/Src/stm32f4xx_hal_flash.o
LOAD ./Drivers/STM32F4xx_HAL_Driver/Src/stm32f4xx_hal_flash_ex.o
LOAD ./Drivers/STM32F4xx_HAL_Driver/Src/stm32f4xx_hal_flash_ramfunc.o
LOAD ./Drivers/STM32F4xx_HAL_Driver/Src/stm32f4xx_hal_gpio.o
LOAD ./Drivers/STM32F4xx_HAL_Driver/Src/stm32f4xx_hal_hcd.o
LOAD ./Drivers/STM32F4xx_HAL_Driver/Src/stm32f4xx_hal_i2c.o
LOAD ./Drivers/STM32F4xx_HAL_Driver/Src/stm32f4xx_hal_i2c_ex.o
LOAD ./Drivers/STM32F4xx_HAL_Driver/Src/stm32f4xx_hal_pwr.o
LOAD ./Drivers/STM32F4xx_HAL_Driver/Src/stm32f4xx_hal_pwr_ex.o
LOAD ./Drivers/STM32F4xx_HAL_Driver/Src/stm32f4xx_hal_rcc.o
LOAD ./Drivers/STM32F4xx_HAL_Driver/Src/stm32f4xx_hal_rcc_ex.o
LOAD ./Drivers/STM32F4xx_HAL_Driver/Src/stm32f4xx_hal_spi.o
LOAD ./Drivers/STM32F4xx_HAL_Driver/Src/stm32f4xx_hal_tim.o
LOAD ./Drivers/STM32F4xx_HAL_Driver/Src/stm32f4xx_hal_tim_ex.o
LOAD ./Drivers/STM32F4xx_HAL_Driver/Src/stm32f4xx_hal_uart.o
LOAD ./Drivers/STM32F4xx_HAL_Driver/Src/stm32f4xx_ll_adc.o
LOAD ./Drivers/STM32F4xx_HAL_Driver/Src/stm32f4xx_ll_usb.o
START GROUP
LOAD c:/st/stm32cubeide_1.7.0/stm32cubeide/plugins/com.st.stm32cube.ide.mcu.externaltools.gnu-tools-for-stm32.9-2020-q2-update.win32_2.0.0.202105311346/tools/bin/../lib/gcc/arm-none-eabi/9.3.1/../../../../arm-none-eabi/lib/thumb/v7e-m+fp/hard\libc_nano.a
LOAD c:/st/stm32cubeide_1.7.0/stm32cubeide/plugins/com.st.stm32cube.ide.mcu.externaltools.gnu-tools-for-stm32.9-2020-q2-update.win32_2.0.0.202105311346/tools/bin/../lib/gcc/arm-none-eabi/9.3.1/../../../../arm-none-eabi/lib/thumb/v7e-m+fp/hard\libm.a
END GROUP
START GROUP
LOAD c:/st/stm32cubeide_1.7.0/stm32cubeide/plugins/com.st.stm32cube.ide.mcu.externaltools.gnu-tools-for-stm32.9-2020-q2-update.win32_2.0.0.202105311346/tools/bin/../lib/gcc/arm-none-eabi/9.3.1/thumb/v7e-m+fp/hard\libgcc.a
LOAD c:/st/stm32cubeide_1.7.0/stm32cubeide/plugins/com.st.stm32cube.ide.mcu.externaltools.gnu-tools-for-stm32.9-2020-q2-update.win32_2.0.0.202105311346/tools/bin/../lib/gcc/arm-none-eabi/9.3.1/../../../../arm-none-eabi/lib/thumb/v7e-m+fp/hard\libc_nano.a
END GROUP
START GROUP
LOAD c:/st/stm32cubeide_1.7.0/stm32cubeide/plugins/com.st.stm32cube.ide.mcu.externaltools.gnu-tools-for-stm32.9-2020-q2-update.win32_2.0.0.202105311346/tools/bin/../lib/gcc/arm-none-eabi/9.3.1/thumb/v7e-m+fp/hard\libgcc.a
LOAD c:/st/stm32cubeide_1.7.0/stm32cubeide/plugins/com.st.stm32cube.ide.mcu.externaltools.gnu-tools-for-stm32.9-2020-q2-update.win32_2.0.0.202105311346/tools/bin/../lib/gcc/arm-none-eabi/9.3.1/../../../../arm-none-eabi/lib/thumb/v7e-m+fp/hard\libc_nano.a
LOAD c:/st/stm32cubeide_1.7.0/stm32cubeide/plugins/com.st.stm32cube.ide.mcu.externaltools.gnu-tools-for-stm32.9-2020-q2-update.win32_2.0.0.202105311346/tools/bin/../lib/gcc/arm-none-eabi/9.3.1/../../../../arm-none-eabi/lib/thumb/v7e-m+fp/hard\libnosys.a
END GROUP
START GROUP
LOAD c:/st/stm32cubeide_1.7.0/stm32cubeide/plugins/com.st.stm32cube.ide.mcu.externaltools.gnu-tools-for-stm32.9-2020-q2-update.win32_2.0.0.202105311346/tools/bin/../lib/gcc/arm-none-eabi/9.3.1/thumb/v7e-m+fp/hard\libgcc.a
LOAD c:/st/stm32cubeide_1.7.0/stm32cubeide/plugins/com.st.stm32cube.ide.mcu.externaltools.gnu-tools-for-stm32.9-2020-q2-update.win32_2.0.0.202105311346/tools/bin/../lib/gcc/arm-none-eabi/9.3.1/../../../../arm-none-eabi/lib/thumb/v7e-m+fp/hard\libc_nano.a
LOAD c:/st/stm32cubeide_1.7.0/stm32cubeide/plugins/com.st.stm32cube.ide.mcu.externaltools.gnu-tools-for-stm32.9-2020-q2-update.win32_2.0.0.202105311346/tools/bin/../lib/gcc/arm-none-eabi/9.3.1/../../../../arm-none-eabi/lib/thumb/v7e-m+fp/hard\libnosys.a
END GROUP
LOAD c:/st/stm32cubeide_1.7.0/stm32cubeide/plugins/com.st.stm32cube.ide.mcu.externaltools.gnu-tools-for-stm32.9-2020-q2-update.win32_2.0.0.202105311346/tools/bin/../lib/gcc/arm-none-eabi/9.3.1/thumb/v7e-m+fp/hard/crtend.o
LOAD c:/st/stm32cubeide_1.7.0/stm32cubeide/plugins/com.st.stm32cube.ide.mcu.externaltools.gnu-tools-for-stm32.9-2020-q2-update.win32_2.0.0.202105311346/tools/bin/../lib/gcc/arm-none-eabi/9.3.1/thumb/v7e-m+fp/hard/crtn.o
                0x0000000020020000                _estack = (ORIGIN (RAM) + LENGTH (RAM))
                0x0000000000000200                _Min_Heap_Size = 0x200
                0x0000000000000400                _Min_Stack_Size = 0x400

.isr_vector     0x0000000008000000      0x198
                0x0000000008000000                . = ALIGN (0x4)
 *(.isr_vector)
 .isr_vector    0x0000000008000000      0x198 ./Core/Startup/startup_stm32f411ceux.o
                0x0000000008000000                g_pfnVectors
                0x0000000008000198                . = ALIGN (0x4)

.text           0x0000000008000198     0x543c
                0x0000000008000198                . = ALIGN (0x4)
 *(.text)
 .text          0x0000000008000198       0x40 c:/st/stm32cubeide_1.7.0/stm32cubeide/plugins/com.st.stm32cube.ide.mcu.externaltools.gnu-tools-for-stm32.9-2020-q2-update.win32_2.0.0.202105311346/tools/bin/../lib/gcc/arm-none-eabi/9.3.1/thumb/v7e-m+fp/hard/crtbegin.o
 .text          0x00000000080001d8      0x378 c:/st/stm32cubeide_1.7.0/stm32cubeide/plugins/com.st.stm32cube.ide.mcu.externaltools.gnu-tools-for-stm32.9-2020-q2-update.win32_2.0.0.202105311346/tools/bin/../lib/gcc/arm-none-eabi/9.3.1/thumb/v7e-m+fp/hard\libgcc.a(_arm_addsubdf3.o)
                0x00000000080001d8                __aeabi_drsub
                0x00000000080001e0                __aeabi_dsub
                0x00000000080001e0                __subdf3
                0x00000000080001e4                __aeabi_dadd
                0x00000000080001e4                __adddf3
                0x000000000800045c                __floatunsidf
                0x000000000800045c                __aeabi_ui2d
                0x000000000800047c                __floatsidf
                0x000000000800047c                __aeabi_i2d
                0x00000000080004a0                __aeabi_f2d
                0x00000000080004a0                __extendsfdf2
                0x00000000080004e4                __floatundidf
                0x00000000080004e4                __aeabi_ul2d
                0x00000000080004f4                __floatdidf
                0x00000000080004f4                __aeabi_l2d
 .text          0x0000000008000550      0x424 c:/st/stm32cubeide_1.7.0/stm32cubeide/plugins/com.st.stm32cube.ide.mcu.externaltools.gnu-tools-for-stm32.9-2020-q2-update.win32_2.0.0.202105311346/tools/bin/../lib/gcc/arm-none-eabi/9.3.1/thumb/v7e-m+fp/hard\libgcc.a(_arm_muldivdf3.o)
                0x0000000008000550                __aeabi_dmul
                0x0000000008000550                __muldf3
                0x00000000080007a4                __divdf3
                0x00000000080007a4                __aeabi_ddiv
 .text          0x0000000008000974       0xa0 c:/st/stm32cubeide_1.7.0/stm32cubeide/plugins/com.st.stm32cube.ide.mcu.externaltools.gnu-tools-for-stm32.9-2020-q2-update.win32_2.0.0.202105311346/tools/bin/../lib/gcc/arm-none-eabi/9.3.1/thumb/v7e-m+fp/hard\libgcc.a(_arm_truncdfsf2.o)
                0x0000000008000974                __truncdfsf2
                0x0000000008000974                __aeabi_d2f
 .text          0x0000000008000a14       0x30 c:/st/stm32cubeide_1.7.0/stm32cubeide/plugins/com.st.stm32cube.ide.mcu.externaltools.gnu-tools-for-stm32.9-2020-q2-update.win32_2.0.0.202105311346/tools/bin/../lib/gcc/arm-none-eabi/9.3.1/thumb/v7e-m+fp/hard\libgcc.a(_aeabi_uldivmod.o)
                0x0000000008000a14                __aeabi_uldivmod
 .text          0x0000000008000a44      0x2c4 c:/st/stm32cubeide_1.7.0/stm32cubeide/plugins/com.st.stm32cube.ide.mcu.externaltools.gnu-tools-for-stm32.9-2020-q2-update.win32_2.0.0.202105311346/tools/bin/../lib/gcc/arm-none-eabi/9.3.1/thumb/v7e-m+fp/hard\libgcc.a(_udivmoddi4.o)
                0x0000000008000a44                __udivmoddi4
 .text          0x0000000008000d08        0x4 c:/st/stm32cubeide_1.7.0/stm32cubeide/plugins/com.st.stm32cube.ide.mcu.externaltools.gnu-tools-for-stm32.9-2020-q2-update.win32_2.0.0.202105311346/tools/bin/../lib/gcc/arm-none-eabi/9.3.1/thumb/v7e-m+fp/hard\libgcc.a(_dvmd_tls.o)
                0x0000000008000d08                __aeabi_idiv0
                0x0000000008000d08                __aeabi_ldiv0
 *(.text*)
 .text.checkbatteries
                0x0000000008000d0c       0x14 ./Core/Src/configuration.o
                0x0000000008000d0c                checkbatteries
 .text.detumble
                0x0000000008000d20        0xe ./Core/Src/configuration.o
                0x0000000008000d20                detumble
 .text.deployment
                0x0000000008000d2e       0x34 ./Core/Src/configuration.o
                0x0000000008000d2e                deployment
 .text.deploymentRF
                0x0000000008000d62        0xe ./Core/Src/configuration.o
                0x0000000008000d62                deploymentRF
 .text.check_position
                0x0000000008000d70       0x10 ./Core/Src/configuration.o
                0x0000000008000d70                check_position
 .text.init     0x0000000008000d80       0x7c ./Core/Src/configuration.o
                0x0000000008000d80                init
 .text.initsensors
                0x0000000008000dfc       0x40 ./Core/Src/configuration.o
                0x0000000008000dfc                initsensors
 .text.system_state
                0x0000000008000e3c       0x3c ./Core/Src/configuration.o
                0x0000000008000e3c                system_state
 .text.checktemperature
                0x0000000008000e78      0x100 ./Core/Src/configuration.o
                0x0000000008000e78                checktemperature
 .text.heater   0x0000000008000f78       0x14 ./Core/Src/configuration.o
                0x0000000008000f78                heater
 .text.checkmemory
                0x0000000008000f8c       0x10 ./Core/Src/configuration.o
                0x0000000008000f8c                checkmemory
 .text.GetSector
                0x0000000008000f9c       0xf4 ./Core/Src/flash.o
 .text.Flash_Write_Data
                0x0000000008001090       0xb8 ./Core/Src/flash.o
                0x0000000008001090                Flash_Write_Data
 .text.Flash_Read_Data
                0x0000000008001148       0x40 ./Core/Src/flash.o
                0x0000000008001148                Flash_Read_Data
 .text.main     0x0000000008001188      0x1ac ./Core/Src/main.o
                0x0000000008001188                main
 .text.SystemClock_Config
                0x0000000008001334       0xd8 ./Core/Src/main.o
                0x0000000008001334                SystemClock_Config
 .text.MX_ADC1_Init
                0x000000000800140c       0xa4 ./Core/Src/main.o
 .text.MX_I2C1_Init
                0x00000000080014b0       0x5c ./Core/Src/main.o
 .text.MX_SPI1_Init
                0x000000000800150c       0x6c ./Core/Src/main.o
 .text.MX_USART1_UART_Init
                0x0000000008001578       0x54 ./Core/Src/main.o
 .text.MX_USB_OTG_FS_HCD_Init
                0x00000000080015cc       0x44 ./Core/Src/main.o
 .text.MX_GPIO_Init
                0x0000000008001610       0x6c ./Core/Src/main.o
 .text.Error_Handler
                0x000000000800167c        0xa ./Core/Src/main.o
                0x000000000800167c                Error_Handler
 *fill*         0x0000000008001686        0x2 
 .text.readResponse
                0x0000000008001688       0x3c ./Core/Src/payload_camera.o
                0x0000000008001688                readResponse
 .text.runCommand
                0x00000000080016c4       0xc0 ./Core/Src/payload_camera.o
                0x00000000080016c4                runCommand
 .text.getFrameLength
                0x0000000008001784       0x98 ./Core/Src/payload_camera.o
                0x0000000008001784                getFrameLength
 .text.retrieveImage
                0x000000000800181c      0x190 ./Core/Src/payload_camera.o
                0x000000000800181c                retrieveImage
 .text.min      0x00000000080019ac       0x20 ./Core/Src/payload_camera.o
                0x00000000080019ac                min
 .text.acquireTemp
                0x00000000080019cc      0x170 ./Core/Src/sensorReadings.o
                0x00000000080019cc                acquireTemp
 .text.acquireVoltage
                0x0000000008001b3c       0x12 ./Core/Src/sensorReadings.o
                0x0000000008001b3c                acquireVoltage
 .text.acquireCurrents
                0x0000000008001b4e       0x12 ./Core/Src/sensorReadings.o
                0x0000000008001b4e                acquireCurrents
 .text.sensorReadings
                0x0000000008001b60       0x20 ./Core/Src/sensorReadings.o
                0x0000000008001b60                sensorReadings
 .text.HAL_MspInit
                0x0000000008001b80       0x50 ./Core/Src/stm32f4xx_hal_msp.o
                0x0000000008001b80                HAL_MspInit
 .text.HAL_ADC_MspInit
                0x0000000008001bd0       0x88 ./Core/Src/stm32f4xx_hal_msp.o
                0x0000000008001bd0                HAL_ADC_MspInit
 .text.HAL_I2C_MspInit
                0x0000000008001c58       0x90 ./Core/Src/stm32f4xx_hal_msp.o
                0x0000000008001c58                HAL_I2C_MspInit
 .text.HAL_SPI_MspInit
                0x0000000008001ce8       0xd0 ./Core/Src/stm32f4xx_hal_msp.o
                0x0000000008001ce8                HAL_SPI_MspInit
 .text.HAL_UART_MspInit
                0x0000000008001db8       0x90 ./Core/Src/stm32f4xx_hal_msp.o
                0x0000000008001db8                HAL_UART_MspInit
 .text.HAL_HCD_MspInit
                0x0000000008001e48       0x98 ./Core/Src/stm32f4xx_hal_msp.o
                0x0000000008001e48                HAL_HCD_MspInit
 .text.NMI_Handler
                0x0000000008001ee0        0x6 ./Core/Src/stm32f4xx_it.o
                0x0000000008001ee0                NMI_Handler
 .text.HardFault_Handler
                0x0000000008001ee6        0x6 ./Core/Src/stm32f4xx_it.o
                0x0000000008001ee6                HardFault_Handler
 .text.MemManage_Handler
                0x0000000008001eec        0x6 ./Core/Src/stm32f4xx_it.o
                0x0000000008001eec                MemManage_Handler
 .text.BusFault_Handler
                0x0000000008001ef2        0x6 ./Core/Src/stm32f4xx_it.o
                0x0000000008001ef2                BusFault_Handler
 .text.UsageFault_Handler
                0x0000000008001ef8        0x6 ./Core/Src/stm32f4xx_it.o
                0x0000000008001ef8                UsageFault_Handler
 .text.SVC_Handler
                0x0000000008001efe        0xe ./Core/Src/stm32f4xx_it.o
                0x0000000008001efe                SVC_Handler
 .text.DebugMon_Handler
                0x0000000008001f0c        0xe ./Core/Src/stm32f4xx_it.o
                0x0000000008001f0c                DebugMon_Handler
 .text.PendSV_Handler
                0x0000000008001f1a        0xe ./Core/Src/stm32f4xx_it.o
                0x0000000008001f1a                PendSV_Handler
 .text.SysTick_Handler
                0x0000000008001f28        0xc ./Core/Src/stm32f4xx_it.o
                0x0000000008001f28                SysTick_Handler
 .text.SystemInit
                0x0000000008001f34       0x24 ./Core/Src/system_stm32f4xx.o
                0x0000000008001f34                SystemInit
 .text.Reset_Handler
                0x0000000008001f58       0x50 ./Core/Startup/startup_stm32f411ceux.o
                0x0000000008001f58                Reset_Handler
 .text.Default_Handler
                0x0000000008001fa8        0x2 ./Core/Startup/startup_stm32f411ceux.o
                0x0000000008001fa8                RTC_Alarm_IRQHandler
                0x0000000008001fa8                EXTI2_IRQHandler
                0x0000000008001fa8                SPI4_IRQHandler
                0x0000000008001fa8                TIM1_CC_IRQHandler
                0x0000000008001fa8                DMA2_Stream5_IRQHandler
                0x0000000008001fa8                DMA1_Stream5_IRQHandler
                0x0000000008001fa8                PVD_IRQHandler
                0x0000000008001fa8                SDIO_IRQHandler
                0x0000000008001fa8                TAMP_STAMP_IRQHandler
                0x0000000008001fa8                EXTI3_IRQHandler
                0x0000000008001fa8                TIM1_UP_TIM10_IRQHandler
                0x0000000008001fa8                I2C3_ER_IRQHandler
                0x0000000008001fa8                EXTI0_IRQHandler
                0x0000000008001fa8                I2C2_EV_IRQHandler
                0x0000000008001fa8                DMA1_Stream2_IRQHandler
                0x0000000008001fa8                FPU_IRQHandler
                0x0000000008001fa8                DMA2_Stream2_IRQHandler
                0x0000000008001fa8                SPI1_IRQHandler
                0x0000000008001fa8                TIM1_BRK_TIM9_IRQHandler
                0x0000000008001fa8                DMA2_Stream3_IRQHandler
                0x0000000008001fa8                USART6_IRQHandler
                0x0000000008001fa8                DMA2_Stream0_IRQHandler
                0x0000000008001fa8                TIM4_IRQHandler
                0x0000000008001fa8                I2C1_EV_IRQHandler
                0x0000000008001fa8                DMA1_Stream6_IRQHandler
                0x0000000008001fa8                DMA1_Stream1_IRQHandler
                0x0000000008001fa8                TIM3_IRQHandler
                0x0000000008001fa8                RCC_IRQHandler
                0x0000000008001fa8                Default_Handler
                0x0000000008001fa8                EXTI15_10_IRQHandler
                0x0000000008001fa8                ADC_IRQHandler
                0x0000000008001fa8                DMA1_Stream7_IRQHandler
                0x0000000008001fa8                SPI5_IRQHandler
                0x0000000008001fa8                TIM5_IRQHandler
                0x0000000008001fa8                DMA2_Stream7_IRQHandler
                0x0000000008001fa8                I2C3_EV_IRQHandler
                0x0000000008001fa8                EXTI9_5_IRQHandler
                0x0000000008001fa8                RTC_WKUP_IRQHandler
                0x0000000008001fa8                SPI2_IRQHandler
                0x0000000008001fa8                DMA1_Stream0_IRQHandler
                0x0000000008001fa8                EXTI4_IRQHandler
                0x0000000008001fa8                WWDG_IRQHandler
                0x0000000008001fa8                TIM2_IRQHandler
                0x0000000008001fa8                OTG_FS_WKUP_IRQHandler
                0x0000000008001fa8                TIM1_TRG_COM_TIM11_IRQHandler
                0x0000000008001fa8                EXTI1_IRQHandler
                0x0000000008001fa8                USART2_IRQHandler
                0x0000000008001fa8                I2C2_ER_IRQHandler
                0x0000000008001fa8                DMA2_Stream1_IRQHandler
                0x0000000008001fa8                FLASH_IRQHandler
                0x0000000008001fa8                DMA2_Stream4_IRQHandler
                0x0000000008001fa8                USART1_IRQHandler
                0x0000000008001fa8                OTG_FS_IRQHandler
                0x0000000008001fa8                SPI3_IRQHandler
                0x0000000008001fa8                DMA1_Stream4_IRQHandler
                0x0000000008001fa8                I2C1_ER_IRQHandler
                0x0000000008001fa8                DMA2_Stream6_IRQHandler
                0x0000000008001fa8                DMA1_Stream3_IRQHandler
 *fill*         0x0000000008001faa        0x2 
 .text.HAL_Init
                0x0000000008001fac       0x44 ./Drivers/STM32F4xx_HAL_Driver/Src/stm32f4xx_hal.o
                0x0000000008001fac                HAL_Init
 .text.HAL_InitTick
                0x0000000008001ff0       0x60 ./Drivers/STM32F4xx_HAL_Driver/Src/stm32f4xx_hal.o
                0x0000000008001ff0                HAL_InitTick
 .text.HAL_IncTick
                0x0000000008002050       0x28 ./Drivers/STM32F4xx_HAL_Driver/Src/stm32f4xx_hal.o
                0x0000000008002050                HAL_IncTick
 .text.HAL_GetTick
                0x0000000008002078       0x18 ./Drivers/STM32F4xx_HAL_Driver/Src/stm32f4xx_hal.o
                0x0000000008002078                HAL_GetTick
 .text.HAL_Delay
                0x0000000008002090       0x48 ./Drivers/STM32F4xx_HAL_Driver/Src/stm32f4xx_hal.o
                0x0000000008002090                HAL_Delay
 .text.HAL_ADC_Init
                0x00000000080020d8       0x86 ./Drivers/STM32F4xx_HAL_Driver/Src/stm32f4xx_hal_adc.o
                0x00000000080020d8                HAL_ADC_Init
 *fill*         0x000000000800215e        0x2 
 .text.HAL_ADC_ConfigChannel
                0x0000000008002160      0x264 ./Drivers/STM32F4xx_HAL_Driver/Src/stm32f4xx_hal_adc.o
                0x0000000008002160                HAL_ADC_ConfigChannel
 .text.ADC_Init
                0x00000000080023c4      0x1f8 ./Drivers/STM32F4xx_HAL_Driver/Src/stm32f4xx_hal_adc.o
 .text.__NVIC_SetPriorityGrouping
                0x00000000080025bc       0x48 ./Drivers/STM32F4xx_HAL_Driver/Src/stm32f4xx_hal_cortex.o
 .text.__NVIC_GetPriorityGrouping
                0x0000000008002604       0x1c ./Drivers/STM32F4xx_HAL_Driver/Src/stm32f4xx_hal_cortex.o
 .text.__NVIC_SetPriority
                0x0000000008002620       0x54 ./Drivers/STM32F4xx_HAL_Driver/Src/stm32f4xx_hal_cortex.o
 .text.NVIC_EncodePriority
                0x0000000008002674       0x66 ./Drivers/STM32F4xx_HAL_Driver/Src/stm32f4xx_hal_cortex.o
 *fill*         0x00000000080026da        0x2 
 .text.SysTick_Config
                0x00000000080026dc       0x44 ./Drivers/STM32F4xx_HAL_Driver/Src/stm32f4xx_hal_cortex.o
 .text.HAL_NVIC_SetPriorityGrouping
                0x0000000008002720       0x16 ./Drivers/STM32F4xx_HAL_Driver/Src/stm32f4xx_hal_cortex.o
                0x0000000008002720                HAL_NVIC_SetPriorityGrouping
 .text.HAL_NVIC_SetPriority
                0x0000000008002736       0x38 ./Drivers/STM32F4xx_HAL_Driver/Src/stm32f4xx_hal_cortex.o
                0x0000000008002736                HAL_NVIC_SetPriority
 .text.HAL_SYSTICK_Config
                0x000000000800276e       0x18 ./Drivers/STM32F4xx_HAL_Driver/Src/stm32f4xx_hal_cortex.o
                0x000000000800276e                HAL_SYSTICK_Config
 *fill*         0x0000000008002786        0x2 
 .text.HAL_FLASH_Program
                0x0000000008002788       0xa8 ./Drivers/STM32F4xx_HAL_Driver/Src/stm32f4xx_hal_flash.o
                0x0000000008002788                HAL_FLASH_Program
 .text.HAL_FLASH_Unlock
                0x0000000008002830       0x44 ./Drivers/STM32F4xx_HAL_Driver/Src/stm32f4xx_hal_flash.o
                0x0000000008002830                HAL_FLASH_Unlock
 .text.HAL_FLASH_Lock
                0x0000000008002874       0x20 ./Drivers/STM32F4xx_HAL_Driver/Src/stm32f4xx_hal_flash.o
                0x0000000008002874                HAL_FLASH_Lock
 .text.HAL_FLASH_GetError
                0x0000000008002894       0x18 ./Drivers/STM32F4xx_HAL_Driver/Src/stm32f4xx_hal_flash.o
                0x0000000008002894                HAL_FLASH_GetError
 .text.FLASH_WaitForLastOperation
                0x00000000080028ac       0x80 ./Drivers/STM32F4xx_HAL_Driver/Src/stm32f4xx_hal_flash.o
                0x00000000080028ac                FLASH_WaitForLastOperation
 .text.FLASH_Program_DoubleWord
                0x000000000800292c       0x64 ./Drivers/STM32F4xx_HAL_Driver/Src/stm32f4xx_hal_flash.o
 .text.FLASH_Program_Word
                0x0000000008002990       0x44 ./Drivers/STM32F4xx_HAL_Driver/Src/stm32f4xx_hal_flash.o
 .text.FLASH_Program_HalfWord
                0x00000000080029d4       0x48 ./Drivers/STM32F4xx_HAL_Driver/Src/stm32f4xx_hal_flash.o
 .text.FLASH_Program_Byte
                0x0000000008002a1c       0x44 ./Drivers/STM32F4xx_HAL_Driver/Src/stm32f4xx_hal_flash.o
 .text.FLASH_SetErrorCode
                0x0000000008002a60       0xcc ./Drivers/STM32F4xx_HAL_Driver/Src/stm32f4xx_hal_flash.o
 .text.HAL_FLASHEx_Erase
                0x0000000008002b2c       0xe0 ./Drivers/STM32F4xx_HAL_Driver/Src/stm32f4xx_hal_flash_ex.o
                0x0000000008002b2c                HAL_FLASHEx_Erase
 .text.FLASH_MassErase
                0x0000000008002c0c       0x48 ./Drivers/STM32F4xx_HAL_Driver/Src/stm32f4xx_hal_flash_ex.o
 .text.FLASH_Erase_Sector
                0x0000000008002c54       0x90 ./Drivers/STM32F4xx_HAL_Driver/Src/stm32f4xx_hal_flash_ex.o
                0x0000000008002c54                FLASH_Erase_Sector
 .text.FLASH_FlushCaches
                0x0000000008002ce4       0x8c ./Drivers/STM32F4xx_HAL_Driver/Src/stm32f4xx_hal_flash_ex.o
                0x0000000008002ce4                FLASH_FlushCaches
 .text.HAL_GPIO_Init
                0x0000000008002d70      0x308 ./Drivers/STM32F4xx_HAL_Driver/Src/stm32f4xx_hal_gpio.o
                0x0000000008002d70                HAL_GPIO_Init
 .text.HAL_HCD_Init
                0x0000000008003078       0xc4 ./Drivers/STM32F4xx_HAL_Driver/Src/stm32f4xx_hal_hcd.o
                0x0000000008003078                HAL_HCD_Init
 .text.HAL_I2C_Init
                0x000000000800313c      0x288 ./Drivers/STM32F4xx_HAL_Driver/Src/stm32f4xx_hal_i2c.o
                0x000000000800313c                HAL_I2C_Init
 .text.HAL_I2C_Master_Transmit
                0x00000000080033c4      0x1fc ./Drivers/STM32F4xx_HAL_Driver/Src/stm32f4xx_hal_i2c.o
                0x00000000080033c4                HAL_I2C_Master_Transmit
 .text.HAL_I2C_Master_Receive
                0x00000000080035c0      0x44c ./Drivers/STM32F4xx_HAL_Driver/Src/stm32f4xx_hal_i2c.o
                0x00000000080035c0                HAL_I2C_Master_Receive
 .text.I2C_MasterRequestWrite
                0x0000000008003a0c      0x104 ./Drivers/STM32F4xx_HAL_Driver/Src/stm32f4xx_hal_i2c.o
 .text.I2C_MasterRequestRead
                0x0000000008003b10      0x19c ./Drivers/STM32F4xx_HAL_Driver/Src/stm32f4xx_hal_i2c.o
 .text.I2C_WaitOnFlagUntilTimeout
                0x0000000008003cac       0xae ./Drivers/STM32F4xx_HAL_Driver/Src/stm32f4xx_hal_i2c.o
 .text.I2C_WaitOnMasterAddressFlagUntilTimeout
                0x0000000008003d5a       0xfe ./Drivers/STM32F4xx_HAL_Driver/Src/stm32f4xx_hal_i2c.o
 .text.I2C_WaitOnTXEFlagUntilTimeout
                0x0000000008003e58       0x82 ./Drivers/STM32F4xx_HAL_Driver/Src/stm32f4xx_hal_i2c.o
 .text.I2C_WaitOnBTFFlagUntilTimeout
                0x0000000008003eda       0x82 ./Drivers/STM32F4xx_HAL_Driver/Src/stm32f4xx_hal_i2c.o
 .text.I2C_WaitOnRXNEFlagUntilTimeout
                0x0000000008003f5c       0xac ./Drivers/STM32F4xx_HAL_Driver/Src/stm32f4xx_hal_i2c.o
 .text.I2C_IsAcknowledgeFailed
                0x0000000008004008       0x5e ./Drivers/STM32F4xx_HAL_Driver/Src/stm32f4xx_hal_i2c.o
 *fill*         0x0000000008004066        0x2 
 .text.HAL_RCC_OscConfig
                0x0000000008004068      0x4f0 ./Drivers/STM32F4xx_HAL_Driver/Src/stm32f4xx_hal_rcc.o
                0x0000000008004068                HAL_RCC_OscConfig
 .text.HAL_RCC_ClockConfig
                0x0000000008004558      0x1cc ./Drivers/STM32F4xx_HAL_Driver/Src/stm32f4xx_hal_rcc.o
                0x0000000008004558                HAL_RCC_ClockConfig
 .text.HAL_RCC_GetSysClockFreq
                0x0000000008004724      0x16c ./Drivers/STM32F4xx_HAL_Driver/Src/stm32f4xx_hal_rcc.o
                0x0000000008004724                HAL_RCC_GetSysClockFreq
 .text.HAL_RCC_GetHCLKFreq
                0x0000000008004890       0x18 ./Drivers/STM32F4xx_HAL_Driver/Src/stm32f4xx_hal_rcc.o
                0x0000000008004890                HAL_RCC_GetHCLKFreq
 .text.HAL_RCC_GetPCLK1Freq
                0x00000000080048a8       0x28 ./Drivers/STM32F4xx_HAL_Driver/Src/stm32f4xx_hal_rcc.o
                0x00000000080048a8                HAL_RCC_GetPCLK1Freq
 .text.HAL_RCC_GetPCLK2Freq
                0x00000000080048d0       0x28 ./Drivers/STM32F4xx_HAL_Driver/Src/stm32f4xx_hal_rcc.o
                0x00000000080048d0                HAL_RCC_GetPCLK2Freq
 .text.HAL_SPI_Init
                0x00000000080048f8      0x112 ./Drivers/STM32F4xx_HAL_Driver/Src/stm32f4xx_hal_spi.o
                0x00000000080048f8                HAL_SPI_Init
 .text.HAL_UART_Init
                0x0000000008004a0a       0x9a ./Drivers/STM32F4xx_HAL_Driver/Src/stm32f4xx_hal_uart.o
                0x0000000008004a0a                HAL_UART_Init
 .text.HAL_UART_Transmit
                0x0000000008004aa4      0x124 ./Drivers/STM32F4xx_HAL_Driver/Src/stm32f4xx_hal_uart.o
                0x0000000008004aa4                HAL_UART_Transmit
 .text.HAL_UART_Receive
                0x0000000008004bc8      0x144 ./Drivers/STM32F4xx_HAL_Driver/Src/stm32f4xx_hal_uart.o
                0x0000000008004bc8                HAL_UART_Receive
 .text.UART_WaitOnFlagUntilTimeout
                0x0000000008004d0c       0xdc ./Drivers/STM32F4xx_HAL_Driver/Src/stm32f4xx_hal_uart.o
 .text.UART_SetConfig
                0x0000000008004de8      0x390 ./Drivers/STM32F4xx_HAL_Driver/Src/stm32f4xx_hal_uart.o
 .text.USB_CoreInit
                0x0000000008005178       0xc2 ./Drivers/STM32F4xx_HAL_Driver/Src/stm32f4xx_ll_usb.o
                0x0000000008005178                USB_CoreInit
 .text.USB_DisableGlobalInt
                0x000000000800523a       0x22 ./Drivers/STM32F4xx_HAL_Driver/Src/stm32f4xx_ll_usb.o
                0x000000000800523a                USB_DisableGlobalInt
 .text.USB_SetCurrentMode
                0x000000000800525c       0x98 ./Drivers/STM32F4xx_HAL_Driver/Src/stm32f4xx_ll_usb.o
                0x000000000800525c                USB_SetCurrentMode
 .text.USB_FlushTxFifo
                0x00000000080052f4       0x48 ./Drivers/STM32F4xx_HAL_Driver/Src/stm32f4xx_ll_usb.o
                0x00000000080052f4                USB_FlushTxFifo
 .text.USB_FlushRxFifo
                0x000000000800533c       0x40 ./Drivers/STM32F4xx_HAL_Driver/Src/stm32f4xx_ll_usb.o
                0x000000000800533c                USB_FlushRxFifo
 .text.USB_GetMode
                0x000000000800537c       0x1c ./Drivers/STM32F4xx_HAL_Driver/Src/stm32f4xx_ll_usb.o
                0x000000000800537c                USB_GetMode
 .text.USB_CoreReset
                0x0000000008005398       0x64 ./Drivers/STM32F4xx_HAL_Driver/Src/stm32f4xx_ll_usb.o
 .text.USB_HostInit
                0x00000000080053fc      0x168 ./Drivers/STM32F4xx_HAL_Driver/Src/stm32f4xx_ll_usb.o
                0x00000000080053fc                USB_HostInit
 .text.__libc_init_array
                0x0000000008005564       0x48 c:/st/stm32cubeide_1.7.0/stm32cubeide/plugins/com.st.stm32cube.ide.mcu.externaltools.gnu-tools-for-stm32.9-2020-q2-update.win32_2.0.0.202105311346/tools/bin/../lib/gcc/arm-none-eabi/9.3.1/../../../../arm-none-eabi/lib/thumb/v7e-m+fp/hard\libc_nano.a(lib_a-init.o)
                0x0000000008005564                __libc_init_array
 .text.memset   0x00000000080055ac       0x10 c:/st/stm32cubeide_1.7.0/stm32cubeide/plugins/com.st.stm32cube.ide.mcu.externaltools.gnu-tools-for-stm32.9-2020-q2-update.win32_2.0.0.202105311346/tools/bin/../lib/gcc/arm-none-eabi/9.3.1/../../../../arm-none-eabi/lib/thumb/v7e-m+fp/hard\libc_nano.a(lib_a-memset.o)
                0x00000000080055ac                memset
 *(.glue_7)
 .glue_7        0x00000000080055bc        0x0 linker stubs
 *(.glue_7t)
 .glue_7t       0x00000000080055bc        0x0 linker stubs
 *(.eh_frame)
 .eh_frame      0x00000000080055bc        0x0 c:/st/stm32cubeide_1.7.0/stm32cubeide/plugins/com.st.stm32cube.ide.mcu.externaltools.gnu-tools-for-stm32.9-2020-q2-update.win32_2.0.0.202105311346/tools/bin/../lib/gcc/arm-none-eabi/9.3.1/thumb/v7e-m+fp/hard/crtbegin.o
 *(.init)
 .init          0x00000000080055bc        0x4 c:/st/stm32cubeide_1.7.0/stm32cubeide/plugins/com.st.stm32cube.ide.mcu.externaltools.gnu-tools-for-stm32.9-2020-q2-update.win32_2.0.0.202105311346/tools/bin/../lib/gcc/arm-none-eabi/9.3.1/thumb/v7e-m+fp/hard/crti.o
                0x00000000080055bc                _init
 .init          0x00000000080055c0        0x8 c:/st/stm32cubeide_1.7.0/stm32cubeide/plugins/com.st.stm32cube.ide.mcu.externaltools.gnu-tools-for-stm32.9-2020-q2-update.win32_2.0.0.202105311346/tools/bin/../lib/gcc/arm-none-eabi/9.3.1/thumb/v7e-m+fp/hard/crtn.o
 *(.fini)
 .fini          0x00000000080055c8        0x4 c:/st/stm32cubeide_1.7.0/stm32cubeide/plugins/com.st.stm32cube.ide.mcu.externaltools.gnu-tools-for-stm32.9-2020-q2-update.win32_2.0.0.202105311346/tools/bin/../lib/gcc/arm-none-eabi/9.3.1/thumb/v7e-m+fp/hard/crti.o
                0x00000000080055c8                _fini
 .fini          0x00000000080055cc        0x8 c:/st/stm32cubeide_1.7.0/stm32cubeide/plugins/com.st.stm32cube.ide.mcu.externaltools.gnu-tools-for-stm32.9-2020-q2-update.win32_2.0.0.202105311346/tools/bin/../lib/gcc/arm-none-eabi/9.3.1/thumb/v7e-m+fp/hard/crtn.o
                0x00000000080055d4                . = ALIGN (0x4)
                0x00000000080055d4                _etext = .

.vfp11_veneer   0x00000000080055d4        0x0
 .vfp11_veneer  0x00000000080055d4        0x0 linker stubs

.v4_bx          0x00000000080055d4        0x0
 .v4_bx         0x00000000080055d4        0x0 linker stubs

.iplt           0x00000000080055d4        0x0
 .iplt          0x00000000080055d4        0x0 c:/st/stm32cubeide_1.7.0/stm32cubeide/plugins/com.st.stm32cube.ide.mcu.externaltools.gnu-tools-for-stm32.9-2020-q2-update.win32_2.0.0.202105311346/tools/bin/../lib/gcc/arm-none-eabi/9.3.1/thumb/v7e-m+fp/hard/crtbegin.o

.rodata         0x00000000080055d4       0x18
                0x00000000080055d4                . = ALIGN (0x4)
 *(.rodata)
 *(.rodata*)
 .rodata.AHBPrescTable
                0x00000000080055d4       0x10 ./Core/Src/system_stm32f4xx.o
                0x00000000080055d4                AHBPrescTable
 .rodata.APBPrescTable
                0x00000000080055e4        0x8 ./Core/Src/system_stm32f4xx.o
                0x00000000080055e4                APBPrescTable
                0x00000000080055ec                . = ALIGN (0x4)

.ARM.extab      0x00000000080055ec        0x0
                0x00000000080055ec                . = ALIGN (0x4)
 *(.ARM.extab* .gnu.linkonce.armextab.*)
                0x00000000080055ec                . = ALIGN (0x4)

.ARM            0x00000000080055ec        0x8
                0x00000000080055ec                . = ALIGN (0x4)
                0x00000000080055ec                __exidx_start = .
 *(.ARM.exidx*)
 .ARM.exidx     0x00000000080055ec        0x8 c:/st/stm32cubeide_1.7.0/stm32cubeide/plugins/com.st.stm32cube.ide.mcu.externaltools.gnu-tools-for-stm32.9-2020-q2-update.win32_2.0.0.202105311346/tools/bin/../lib/gcc/arm-none-eabi/9.3.1/thumb/v7e-m+fp/hard\libgcc.a(_udivmoddi4.o)
                0x00000000080055f4                __exidx_end = .
                0x00000000080055f4                . = ALIGN (0x4)

.rel.dyn        0x00000000080055f4        0x0
 .rel.iplt      0x00000000080055f4        0x0 c:/st/stm32cubeide_1.7.0/stm32cubeide/plugins/com.st.stm32cube.ide.mcu.externaltools.gnu-tools-for-stm32.9-2020-q2-update.win32_2.0.0.202105311346/tools/bin/../lib/gcc/arm-none-eabi/9.3.1/thumb/v7e-m+fp/hard/crtbegin.o

.preinit_array  0x00000000080055f4        0x0
                0x00000000080055f4                . = ALIGN (0x4)
                0x00000000080055f4                PROVIDE (__preinit_array_start = .)
 *(.preinit_array*)
                0x00000000080055f4                PROVIDE (__preinit_array_end = .)
                0x00000000080055f4                . = ALIGN (0x4)

.init_array     0x00000000080055f4        0x4
                0x00000000080055f4                . = ALIGN (0x4)
                0x00000000080055f4                PROVIDE (__init_array_start = .)
 *(SORT_BY_NAME(.init_array.*))
 *(.init_array*)
 .init_array    0x00000000080055f4        0x4 c:/st/stm32cubeide_1.7.0/stm32cubeide/plugins/com.st.stm32cube.ide.mcu.externaltools.gnu-tools-for-stm32.9-2020-q2-update.win32_2.0.0.202105311346/tools/bin/../lib/gcc/arm-none-eabi/9.3.1/thumb/v7e-m+fp/hard/crtbegin.o
                0x00000000080055f8                PROVIDE (__init_array_end = .)
                0x00000000080055f8                . = ALIGN (0x4)

.fini_array     0x00000000080055f8        0x4
                0x00000000080055f8                . = ALIGN (0x4)
                [!provide]                        PROVIDE (__fini_array_start = .)
 *(SORT_BY_NAME(.fini_array.*))
 *(.fini_array*)
 .fini_array    0x00000000080055f8        0x4 c:/st/stm32cubeide_1.7.0/stm32cubeide/plugins/com.st.stm32cube.ide.mcu.externaltools.gnu-tools-for-stm32.9-2020-q2-update.win32_2.0.0.202105311346/tools/bin/../lib/gcc/arm-none-eabi/9.3.1/thumb/v7e-m+fp/hard/crtbegin.o
                [!provide]                        PROVIDE (__fini_array_end = .)
                0x00000000080055fc                . = ALIGN (0x4)
                0x00000000080055fc                _sidata = LOADADDR (.data)

.data           0x0000000020000000       0x14 load address 0x00000000080055fc
                0x0000000020000000                . = ALIGN (0x4)
                0x0000000020000000                _sdata = .
 *(.data)
 *(.data*)
 .data.commInit
                0x0000000020000000        0x2 ./Core/Src/payload_camera.o
                0x0000000020000000                commInit
 *fill*         0x0000000020000002        0x2 
 .data.bSize    0x0000000020000004        0x4 ./Core/Src/payload_camera.o
                0x0000000020000004                bSize
 .data.SystemCoreClock
                0x0000000020000008        0x4 ./Core/Src/system_stm32f4xx.o
                0x0000000020000008                SystemCoreClock
 .data.uwTickPrio
                0x000000002000000c        0x4 ./Drivers/STM32F4xx_HAL_Driver/Src/stm32f4xx_hal.o
                0x000000002000000c                uwTickPrio
 .data.uwTickFreq
                0x0000000020000010        0x1 ./Drivers/STM32F4xx_HAL_Driver/Src/stm32f4xx_hal.o
                0x0000000020000010                uwTickFreq
 *(.RamFunc)
 *(.RamFunc*)
                0x0000000020000014                . = ALIGN (0x4)
 *fill*         0x0000000020000011        0x3 
                0x0000000020000014                _edata = .

.igot.plt       0x0000000020000014        0x0 load address 0x0000000008005610
 .igot.plt      0x0000000020000014        0x0 c:/st/stm32cubeide_1.7.0/stm32cubeide/plugins/com.st.stm32cube.ide.mcu.externaltools.gnu-tools-for-stm32.9-2020-q2-update.win32_2.0.0.202105311346/tools/bin/../lib/gcc/arm-none-eabi/9.3.1/thumb/v7e-m+fp/hard/crtbegin.o
                0x0000000020000014                . = ALIGN (0x4)

.bss            0x0000000020000014      0x568 load address 0x0000000008005610
                0x0000000020000014                _sbss = .
                0x0000000020000014                __bss_start__ = _sbss
 *(.bss)
 .bss           0x0000000020000014       0x1c c:/st/stm32cubeide_1.7.0/stm32cubeide/plugins/com.st.stm32cube.ide.mcu.externaltools.gnu-tools-for-stm32.9-2020-q2-update.win32_2.0.0.202105311346/tools/bin/../lib/gcc/arm-none-eabi/9.3.1/thumb/v7e-m+fp/hard/crtbegin.o
 *(.bss*)
 .bss.EraseInitStruct.9913
                0x0000000020000030       0x14 ./Core/Src/flash.o
 *(COMMON)
 COMMON         0x0000000020000044        0x1 ./Core/Src/configuration.o
                0x0000000020000044                currentState
 *fill*         0x0000000020000045        0x3 
 COMMON         0x0000000020000048      0x43c ./Core/Src/main.o
                0x0000000020000048                hi2c1
                0x000000002000009c                hadc1
                0x00000000200000e4                huart1
                0x0000000020000128                hspi1
                0x0000000020000180                hhcd_USB_OTG_FS
 COMMON         0x0000000020000484       0xd4 ./Core/Src/payload_camera.o
                0x0000000020000484                bufferLength
                0x0000000020000488                dataBuffer
                0x0000000020000552                framePointer
                0x0000000020000554                frameLength
 COMMON         0x0000000020000558        0x4 ./Drivers/STM32F4xx_HAL_Driver/Src/stm32f4xx_hal.o
                0x0000000020000558                uwTick
 COMMON         0x000000002000055c       0x20 ./Drivers/STM32F4xx_HAL_Driver/Src/stm32f4xx_hal_flash.o
                0x000000002000055c                pFlash
                0x000000002000057c                . = ALIGN (0x4)
                0x000000002000057c                _ebss = .
                0x000000002000057c                __bss_end__ = _ebss

._user_heap_stack
                0x000000002000057c      0x604 load address 0x0000000008005610
                0x0000000020000580                . = ALIGN (0x8)
 *fill*         0x000000002000057c        0x4 
                [!provide]                        PROVIDE (end = .)
                0x0000000020000580                PROVIDE (_end = .)
                0x0000000020000780                . = (. + _Min_Heap_Size)
 *fill*         0x0000000020000580      0x200 
                0x0000000020000b80                . = (. + _Min_Stack_Size)
 *fill*         0x0000000020000780      0x400 
                0x0000000020000b80                . = ALIGN (0x8)

/DISCARD/
 libc.a(*)
 libm.a(*)
 libgcc.a(*)

.ARM.attributes
                0x0000000000000000       0x30
 *(.ARM.attributes)
 .ARM.attributes
                0x0000000000000000       0x1e c:/st/stm32cubeide_1.7.0/stm32cubeide/plugins/com.st.stm32cube.ide.mcu.externaltools.gnu-tools-for-stm32.9-2020-q2-update.win32_2.0.0.202105311346/tools/bin/../lib/gcc/arm-none-eabi/9.3.1/thumb/v7e-m+fp/hard/crti.o
 .ARM.attributes
                0x000000000000001e       0x34 c:/st/stm32cubeide_1.7.0/stm32cubeide/plugins/com.st.stm32cube.ide.mcu.externaltools.gnu-tools-for-stm32.9-2020-q2-update.win32_2.0.0.202105311346/tools/bin/../lib/gcc/arm-none-eabi/9.3.1/thumb/v7e-m+fp/hard/crtbegin.o
 .ARM.attributes
                0x0000000000000052       0x34 ./Core/Src/configuration.o
 .ARM.attributes
                0x0000000000000086       0x34 ./Core/Src/flash.o
 .ARM.attributes
                0x00000000000000ba       0x34 ./Core/Src/main.o
 .ARM.attributes
                0x00000000000000ee       0x34 ./Core/Src/payload_camera.o
 .ARM.attributes
                0x0000000000000122       0x34 ./Core/Src/sensorReadings.o
 .ARM.attributes
                0x0000000000000156       0x34 ./Core/Src/stm32f4xx_hal_msp.o
 .ARM.attributes
                0x000000000000018a       0x34 ./Core/Src/stm32f4xx_it.o
 .ARM.attributes
                0x00000000000001be       0x34 ./Core/Src/system_stm32f4xx.o
 .ARM.attributes
                0x00000000000001f2       0x21 ./Core/Startup/startup_stm32f411ceux.o
 .ARM.attributes
                0x0000000000000213       0x34 ./Drivers/STM32F4xx_HAL_Driver/Src/stm32f4xx_hal.o
 .ARM.attributes
                0x0000000000000247       0x34 ./Drivers/STM32F4xx_HAL_Driver/Src/stm32f4xx_hal_adc.o
 .ARM.attributes
                0x000000000000027b       0x34 ./Drivers/STM32F4xx_HAL_Driver/Src/stm32f4xx_hal_cortex.o
 .ARM.attributes
                0x00000000000002af       0x34 ./Drivers/STM32F4xx_HAL_Driver/Src/stm32f4xx_hal_flash.o
 .ARM.attributes
                0x00000000000002e3       0x34 ./Drivers/STM32F4xx_HAL_Driver/Src/stm32f4xx_hal_flash_ex.o
 .ARM.attributes
                0x0000000000000317       0x34 ./Drivers/STM32F4xx_HAL_Driver/Src/stm32f4xx_hal_gpio.o
 .ARM.attributes
                0x000000000000034b       0x34 ./Drivers/STM32F4xx_HAL_Driver/Src/stm32f4xx_hal_hcd.o
 .ARM.attributes
                0x000000000000037f       0x34 ./Drivers/STM32F4xx_HAL_Driver/Src/stm32f4xx_hal_i2c.o
 .ARM.attributes
                0x00000000000003b3       0x34 ./Drivers/STM32F4xx_HAL_Driver/Src/stm32f4xx_hal_rcc.o
 .ARM.attributes
                0x00000000000003e7       0x34 ./Drivers/STM32F4xx_HAL_Driver/Src/stm32f4xx_hal_spi.o
 .ARM.attributes
                0x000000000000041b       0x34 ./Drivers/STM32F4xx_HAL_Driver/Src/stm32f4xx_hal_uart.o
 .ARM.attributes
                0x000000000000044f       0x34 ./Drivers/STM32F4xx_HAL_Driver/Src/stm32f4xx_ll_usb.o
 .ARM.attributes
                0x0000000000000483       0x34 c:/st/stm32cubeide_1.7.0/stm32cubeide/plugins/com.st.stm32cube.ide.mcu.externaltools.gnu-tools-for-stm32.9-2020-q2-update.win32_2.0.0.202105311346/tools/bin/../lib/gcc/arm-none-eabi/9.3.1/../../../../arm-none-eabi/lib/thumb/v7e-m+fp/hard\libc_nano.a(lib_a-init.o)
 .ARM.attributes
                0x00000000000004b7       0x34 c:/st/stm32cubeide_1.7.0/stm32cubeide/plugins/com.st.stm32cube.ide.mcu.externaltools.gnu-tools-for-stm32.9-2020-q2-update.win32_2.0.0.202105311346/tools/bin/../lib/gcc/arm-none-eabi/9.3.1/../../../../arm-none-eabi/lib/thumb/v7e-m+fp/hard\libc_nano.a(lib_a-memset.o)
 .ARM.attributes
                0x00000000000004eb       0x1e c:/st/stm32cubeide_1.7.0/stm32cubeide/plugins/com.st.stm32cube.ide.mcu.externaltools.gnu-tools-for-stm32.9-2020-q2-update.win32_2.0.0.202105311346/tools/bin/../lib/gcc/arm-none-eabi/9.3.1/thumb/v7e-m+fp/hard\libgcc.a(_arm_addsubdf3.o)
 .ARM.attributes
                0x0000000000000509       0x1e c:/st/stm32cubeide_1.7.0/stm32cubeide/plugins/com.st.stm32cube.ide.mcu.externaltools.gnu-tools-for-stm32.9-2020-q2-update.win32_2.0.0.202105311346/tools/bin/../lib/gcc/arm-none-eabi/9.3.1/thumb/v7e-m+fp/hard\libgcc.a(_arm_muldivdf3.o)
 .ARM.attributes
                0x0000000000000527       0x1e c:/st/stm32cubeide_1.7.0/stm32cubeide/plugins/com.st.stm32cube.ide.mcu.externaltools.gnu-tools-for-stm32.9-2020-q2-update.win32_2.0.0.202105311346/tools/bin/../lib/gcc/arm-none-eabi/9.3.1/thumb/v7e-m+fp/hard\libgcc.a(_arm_truncdfsf2.o)
 .ARM.attributes
                0x0000000000000545       0x1e c:/st/stm32cubeide_1.7.0/stm32cubeide/plugins/com.st.stm32cube.ide.mcu.externaltools.gnu-tools-for-stm32.9-2020-q2-update.win32_2.0.0.202105311346/tools/bin/../lib/gcc/arm-none-eabi/9.3.1/thumb/v7e-m+fp/hard\libgcc.a(_aeabi_uldivmod.o)
 .ARM.attributes
                0x0000000000000563       0x34 c:/st/stm32cubeide_1.7.0/stm32cubeide/plugins/com.st.stm32cube.ide.mcu.externaltools.gnu-tools-for-stm32.9-2020-q2-update.win32_2.0.0.202105311346/tools/bin/../lib/gcc/arm-none-eabi/9.3.1/thumb/v7e-m+fp/hard\libgcc.a(_udivmoddi4.o)
 .ARM.attributes
                0x0000000000000597       0x1e c:/st/stm32cubeide_1.7.0/stm32cubeide/plugins/com.st.stm32cube.ide.mcu.externaltools.gnu-tools-for-stm32.9-2020-q2-update.win32_2.0.0.202105311346/tools/bin/../lib/gcc/arm-none-eabi/9.3.1/thumb/v7e-m+fp/hard\libgcc.a(_dvmd_tls.o)
 .ARM.attributes
                0x00000000000005b5       0x1e c:/st/stm32cubeide_1.7.0/stm32cubeide/plugins/com.st.stm32cube.ide.mcu.externaltools.gnu-tools-for-stm32.9-2020-q2-update.win32_2.0.0.202105311346/tools/bin/../lib/gcc/arm-none-eabi/9.3.1/thumb/v7e-m+fp/hard/crtn.o
OUTPUT(board10.elf elf32-littlearm)
LOAD linker stubs
LOAD c:/st/stm32cubeide_1.7.0/stm32cubeide/plugins/com.st.stm32cube.ide.mcu.externaltools.gnu-tools-for-stm32.9-2020-q2-update.win32_2.0.0.202105311346/tools/bin/../lib/gcc/arm-none-eabi/9.3.1/../../../../arm-none-eabi/lib/thumb/v7e-m+fp/hard\libc.a
LOAD c:/st/stm32cubeide_1.7.0/stm32cubeide/plugins/com.st.stm32cube.ide.mcu.externaltools.gnu-tools-for-stm32.9-2020-q2-update.win32_2.0.0.202105311346/tools/bin/../lib/gcc/arm-none-eabi/9.3.1/../../../../arm-none-eabi/lib/thumb/v7e-m+fp/hard\libm.a
LOAD c:/st/stm32cubeide_1.7.0/stm32cubeide/plugins/com.st.stm32cube.ide.mcu.externaltools.gnu-tools-for-stm32.9-2020-q2-update.win32_2.0.0.202105311346/tools/bin/../lib/gcc/arm-none-eabi/9.3.1/thumb/v7e-m+fp/hard\libgcc.a

.debug_info     0x0000000000000000    0x16e0d
 .debug_info    0x0000000000000000      0xd9a ./Core/Src/configuration.o
 .debug_info    0x0000000000000d9a      0xded ./Core/Src/flash.o
 .debug_info    0x0000000000001b87     0x22ee ./Core/Src/main.o
 .debug_info    0x0000000000003e75     0x1196 ./Core/Src/payload_camera.o
 .debug_info    0x000000000000500b      0xacb ./Core/Src/sensorReadings.o
 .debug_info    0x0000000000005ad6     0x2196 ./Core/Src/stm32f4xx_hal_msp.o
 .debug_info    0x0000000000007c6c      0xae2 ./Core/Src/stm32f4xx_it.o
 .debug_info    0x000000000000874e      0x5d0 ./Core/Src/system_stm32f4xx.o
 .debug_info    0x0000000000008d1e       0x22 ./Core/Startup/startup_stm32f411ceux.o
 .debug_info    0x0000000000008d40      0x944 ./Drivers/STM32F4xx_HAL_Driver/Src/stm32f4xx_hal.o
 .debug_info    0x0000000000009684      0xdb4 ./Drivers/STM32F4xx_HAL_Driver/Src/stm32f4xx_hal_adc.o
 .debug_info    0x000000000000a438      0xe47 ./Drivers/STM32F4xx_HAL_Driver/Src/stm32f4xx_hal_cortex.o
 .debug_info    0x000000000000b27f      0x675 ./Drivers/STM32F4xx_HAL_Driver/Src/stm32f4xx_hal_flash.o
 .debug_info    0x000000000000b8f4      0x8fd ./Drivers/STM32F4xx_HAL_Driver/Src/stm32f4xx_hal_flash_ex.o
 .debug_info    0x000000000000c1f1      0x862 ./Drivers/STM32F4xx_HAL_Driver/Src/stm32f4xx_hal_gpio.o
 .debug_info    0x000000000000ca53      0xf67 ./Drivers/STM32F4xx_HAL_Driver/Src/stm32f4xx_hal_hcd.o
 .debug_info    0x000000000000d9ba     0x2653 ./Drivers/STM32F4xx_HAL_Driver/Src/stm32f4xx_hal_i2c.o
 .debug_info    0x000000000001000d      0x9be ./Drivers/STM32F4xx_HAL_Driver/Src/stm32f4xx_hal_rcc.o
 .debug_info    0x00000000000109cb     0x17b8 ./Drivers/STM32F4xx_HAL_Driver/Src/stm32f4xx_hal_spi.o
 .debug_info    0x0000000000012183     0x31d6 ./Drivers/STM32F4xx_HAL_Driver/Src/stm32f4xx_hal_uart.o
 .debug_info    0x0000000000015359     0x1ab4 ./Drivers/STM32F4xx_HAL_Driver/Src/stm32f4xx_ll_usb.o

.debug_abbrev   0x0000000000000000     0x3130
 .debug_abbrev  0x0000000000000000      0x2b5 ./Core/Src/configuration.o
 .debug_abbrev  0x00000000000002b5      0x307 ./Core/Src/flash.o
 .debug_abbrev  0x00000000000005bc      0x337 ./Core/Src/main.o
 .debug_abbrev  0x00000000000008f3      0x294 ./Core/Src/payload_camera.o
 .debug_abbrev  0x0000000000000b87      0x20a ./Core/Src/sensorReadings.o
 .debug_abbrev  0x0000000000000d91      0x298 ./Core/Src/stm32f4xx_hal_msp.o
 .debug_abbrev  0x0000000000001029      0x1e4 ./Core/Src/stm32f4xx_it.o
 .debug_abbrev  0x000000000000120d      0x145 ./Core/Src/system_stm32f4xx.o
 .debug_abbrev  0x0000000000001352       0x12 ./Core/Startup/startup_stm32f411ceux.o
 .debug_abbrev  0x0000000000001364      0x21e ./Drivers/STM32F4xx_HAL_Driver/Src/stm32f4xx_hal.o
 .debug_abbrev  0x0000000000001582      0x1ef ./Drivers/STM32F4xx_HAL_Driver/Src/stm32f4xx_hal_adc.o
 .debug_abbrev  0x0000000000001771      0x33c ./Drivers/STM32F4xx_HAL_Driver/Src/stm32f4xx_hal_cortex.o
 .debug_abbrev  0x0000000000001aad      0x27e ./Drivers/STM32F4xx_HAL_Driver/Src/stm32f4xx_hal_flash.o
 .debug_abbrev  0x0000000000001d2b      0x26e ./Drivers/STM32F4xx_HAL_Driver/Src/stm32f4xx_hal_flash_ex.o
 .debug_abbrev  0x0000000000001f99      0x1f1 ./Drivers/STM32F4xx_HAL_Driver/Src/stm32f4xx_hal_gpio.o
 .debug_abbrev  0x000000000000218a      0x28d ./Drivers/STM32F4xx_HAL_Driver/Src/stm32f4xx_hal_hcd.o
 .debug_abbrev  0x0000000000002417      0x293 ./Drivers/STM32F4xx_HAL_Driver/Src/stm32f4xx_hal_i2c.o
 .debug_abbrev  0x00000000000026aa      0x275 ./Drivers/STM32F4xx_HAL_Driver/Src/stm32f4xx_hal_rcc.o
 .debug_abbrev  0x000000000000291f      0x26e ./Drivers/STM32F4xx_HAL_Driver/Src/stm32f4xx_hal_spi.o
 .debug_abbrev  0x0000000000002b8d      0x2fc ./Drivers/STM32F4xx_HAL_Driver/Src/stm32f4xx_hal_uart.o
 .debug_abbrev  0x0000000000002e89      0x2a7 ./Drivers/STM32F4xx_HAL_Driver/Src/stm32f4xx_ll_usb.o

.debug_aranges  0x0000000000000000     0x1108
 .debug_aranges
                0x0000000000000000       0x80 ./Core/Src/configuration.o
 .debug_aranges
                0x0000000000000080       0x58 ./Core/Src/flash.o
 .debug_aranges
                0x00000000000000d8       0x60 ./Core/Src/main.o
 .debug_aranges
                0x0000000000000138       0x40 ./Core/Src/payload_camera.o
 .debug_aranges
                0x0000000000000178       0x38 ./Core/Src/sensorReadings.o
 .debug_aranges
                0x00000000000001b0       0x70 ./Core/Src/stm32f4xx_hal_msp.o
 .debug_aranges
                0x0000000000000220       0x60 ./Core/Src/stm32f4xx_it.o
 .debug_aranges
                0x0000000000000280       0x28 ./Core/Src/system_stm32f4xx.o
 .debug_aranges
                0x00000000000002a8       0x28 ./Core/Startup/startup_stm32f411ceux.o
 .debug_aranges
                0x00000000000002d0       0xf0 ./Drivers/STM32F4xx_HAL_Driver/Src/stm32f4xx_hal.o
 .debug_aranges
                0x00000000000003c0       0xe8 ./Drivers/STM32F4xx_HAL_Driver/Src/stm32f4xx_hal_adc.o
 .debug_aranges
                0x00000000000004a8      0x118 ./Drivers/STM32F4xx_HAL_Driver/Src/stm32f4xx_hal_cortex.o
 .debug_aranges
                0x00000000000005c0       0xa0 ./Drivers/STM32F4xx_HAL_Driver/Src/stm32f4xx_hal_flash.o
 .debug_aranges
                0x0000000000000660       0xc8 ./Drivers/STM32F4xx_HAL_Driver/Src/stm32f4xx_hal_flash_ex.o
 .debug_aranges
                0x0000000000000728       0x58 ./Drivers/STM32F4xx_HAL_Driver/Src/stm32f4xx_hal_gpio.o
 .debug_aranges
                0x0000000000000780       0xf8 ./Drivers/STM32F4xx_HAL_Driver/Src/stm32f4xx_hal_hcd.o
 .debug_aranges
                0x0000000000000878      0x2a0 ./Drivers/STM32F4xx_HAL_Driver/Src/stm32f4xx_hal_i2c.o
 .debug_aranges
                0x0000000000000b18       0x88 ./Drivers/STM32F4xx_HAL_Driver/Src/stm32f4xx_hal_rcc.o
 .debug_aranges
                0x0000000000000ba0      0x1d0 ./Drivers/STM32F4xx_HAL_Driver/Src/stm32f4xx_hal_spi.o
 .debug_aranges
                0x0000000000000d70      0x200 ./Drivers/STM32F4xx_HAL_Driver/Src/stm32f4xx_hal_uart.o
 .debug_aranges
                0x0000000000000f70      0x198 ./Drivers/STM32F4xx_HAL_Driver/Src/stm32f4xx_ll_usb.o

.debug_ranges   0x0000000000000000     0x1018
 .debug_ranges  0x0000000000000000       0x70 ./Core/Src/configuration.o
 .debug_ranges  0x0000000000000070       0x48 ./Core/Src/flash.o
 .debug_ranges  0x00000000000000b8       0x50 ./Core/Src/main.o
 .debug_ranges  0x0000000000000108       0x30 ./Core/Src/payload_camera.o
 .debug_ranges  0x0000000000000138       0x28 ./Core/Src/sensorReadings.o
 .debug_ranges  0x0000000000000160       0x60 ./Core/Src/stm32f4xx_hal_msp.o
 .debug_ranges  0x00000000000001c0       0x50 ./Core/Src/stm32f4xx_it.o
 .debug_ranges  0x0000000000000210       0x18 ./Core/Src/system_stm32f4xx.o
 .debug_ranges  0x0000000000000228       0x20 ./Core/Startup/startup_stm32f411ceux.o
 .debug_ranges  0x0000000000000248       0xe0 ./Drivers/STM32F4xx_HAL_Driver/Src/stm32f4xx_hal.o
 .debug_ranges  0x0000000000000328       0xd8 ./Drivers/STM32F4xx_HAL_Driver/Src/stm32f4xx_hal_adc.o
 .debug_ranges  0x0000000000000400      0x108 ./Drivers/STM32F4xx_HAL_Driver/Src/stm32f4xx_hal_cortex.o
 .debug_ranges  0x0000000000000508       0x90 ./Drivers/STM32F4xx_HAL_Driver/Src/stm32f4xx_hal_flash.o
 .debug_ranges  0x0000000000000598       0xb8 ./Drivers/STM32F4xx_HAL_Driver/Src/stm32f4xx_hal_flash_ex.o
 .debug_ranges  0x0000000000000650       0x48 ./Drivers/STM32F4xx_HAL_Driver/Src/stm32f4xx_hal_gpio.o
 .debug_ranges  0x0000000000000698       0xe8 ./Drivers/STM32F4xx_HAL_Driver/Src/stm32f4xx_hal_hcd.o
 .debug_ranges  0x0000000000000780      0x2b8 ./Drivers/STM32F4xx_HAL_Driver/Src/stm32f4xx_hal_i2c.o
 .debug_ranges  0x0000000000000a38       0x78 ./Drivers/STM32F4xx_HAL_Driver/Src/stm32f4xx_hal_rcc.o
 .debug_ranges  0x0000000000000ab0      0x1c0 ./Drivers/STM32F4xx_HAL_Driver/Src/stm32f4xx_hal_spi.o
 .debug_ranges  0x0000000000000c70      0x220 ./Drivers/STM32F4xx_HAL_Driver/Src/stm32f4xx_hal_uart.o
 .debug_ranges  0x0000000000000e90      0x188 ./Drivers/STM32F4xx_HAL_Driver/Src/stm32f4xx_ll_usb.o

.debug_macro    0x0000000000000000     0x379e
 .debug_macro   0x0000000000000000      0x240 ./Core/Src/configuration.o
 .debug_macro   0x0000000000000240      0x174 ./Core/Src/configuration.o
 .debug_macro   0x00000000000003b4       0x70 ./Core/Src/configuration.o
 .debug_macro   0x0000000000000424      0x3bd ./Core/Src/flash.o
 .debug_macro   0x00000000000007e1       0x10 ./Core/Src/flash.o
 .debug_macro   0x00000000000007f1      0x424 ./Core/Src/main.o
 .debug_macro   0x0000000000000c15       0x76 ./Core/Src/main.o
 .debug_macro   0x0000000000000c8b      0x3fd ./Core/Src/payload_camera.o
 .debug_macro   0x0000000000001088       0x10 ./Core/Src/payload_camera.o
 .debug_macro   0x0000000000001098      0x240 ./Core/Src/sensorReadings.o
 .debug_macro   0x00000000000012d8      0x424 ./Core/Src/stm32f4xx_hal_msp.o
 .debug_macro   0x00000000000016fc      0x42e ./Core/Src/stm32f4xx_it.o
 .debug_macro   0x0000000000001b2a      0x21e ./Core/Src/system_stm32f4xx.o
 .debug_macro   0x0000000000001d48      0x27e ./Drivers/STM32F4xx_HAL_Driver/Src/stm32f4xx_hal.o
 .debug_macro   0x0000000000001fc6      0x21f ./Drivers/STM32F4xx_HAL_Driver/Src/stm32f4xx_hal_adc.o
 .debug_macro   0x00000000000021e5      0x21e ./Drivers/STM32F4xx_HAL_Driver/Src/stm32f4xx_hal_cortex.o
 .debug_macro   0x0000000000002403      0x224 ./Drivers/STM32F4xx_HAL_Driver/Src/stm32f4xx_hal_flash.o
 .debug_macro   0x0000000000002627      0x224 ./Drivers/STM32F4xx_HAL_Driver/Src/stm32f4xx_hal_flash_ex.o
 .debug_macro   0x000000000000284b      0x224 ./Drivers/STM32F4xx_HAL_Driver/Src/stm32f4xx_hal_gpio.o
 .debug_macro   0x0000000000002a6f      0x21e ./Drivers/STM32F4xx_HAL_Driver/Src/stm32f4xx_hal_hcd.o
 .debug_macro   0x0000000000002c8d      0x265 ./Drivers/STM32F4xx_HAL_Driver/Src/stm32f4xx_hal_i2c.o
 .debug_macro   0x0000000000002ef2      0x242 ./Drivers/STM32F4xx_HAL_Driver/Src/stm32f4xx_hal_rcc.o
 .debug_macro   0x0000000000003134      0x22d ./Drivers/STM32F4xx_HAL_Driver/Src/stm32f4xx_hal_spi.o
 .debug_macro   0x0000000000003361      0x21f ./Drivers/STM32F4xx_HAL_Driver/Src/stm32f4xx_hal_uart.o
 .debug_macro   0x0000000000003580      0x21e ./Drivers/STM32F4xx_HAL_Driver/Src/stm32f4xx_ll_usb.o

.debug_line     0x0000000000000000    0x159ef
 .debug_line    0x0000000000000000      0x9b7 ./Core/Src/configuration.o
 .debug_line    0x00000000000009b7      0xb9c ./Core/Src/flash.o
 .debug_line    0x0000000000001553      0xc62 ./Core/Src/main.o
 .debug_line    0x00000000000021b5      0xb19 ./Core/Src/payload_camera.o
 .debug_line    0x0000000000002cce      0x81f ./Core/Src/sensorReadings.o
 .debug_line    0x00000000000034ed      0xb80 ./Core/Src/stm32f4xx_hal_msp.o
 .debug_line    0x000000000000406d      0xaaf ./Core/Src/stm32f4xx_it.o
 .debug_line    0x0000000000004b1c      0x7d3 ./Core/Src/system_stm32f4xx.o
 .debug_line    0x00000000000052ef       0x88 ./Core/Startup/startup_stm32f411ceux.o
 .debug_line    0x0000000000005377      0xa39 ./Drivers/STM32F4xx_HAL_Driver/Src/stm32f4xx_hal.o
 .debug_line    0x0000000000005db0     0x11fd ./Drivers/STM32F4xx_HAL_Driver/Src/stm32f4xx_hal_adc.o
 .debug_line    0x0000000000006fad      0xce8 ./Drivers/STM32F4xx_HAL_Driver/Src/stm32f4xx_hal_cortex.o
 .debug_line    0x0000000000007c95      0xacb ./Drivers/STM32F4xx_HAL_Driver/Src/stm32f4xx_hal_flash.o
 .debug_line    0x0000000000008760      0xbdd ./Drivers/STM32F4xx_HAL_Driver/Src/stm32f4xx_hal_flash_ex.o
 .debug_line    0x000000000000933d      0xb73 ./Drivers/STM32F4xx_HAL_Driver/Src/stm32f4xx_hal_gpio.o
 .debug_line    0x0000000000009eb0     0x125e ./Drivers/STM32F4xx_HAL_Driver/Src/stm32f4xx_hal_hcd.o
 .debug_line    0x000000000000b10e     0x39e5 ./Drivers/STM32F4xx_HAL_Driver/Src/stm32f4xx_hal_i2c.o
 .debug_line    0x000000000000eaf3      0xdb3 ./Drivers/STM32F4xx_HAL_Driver/Src/stm32f4xx_hal_rcc.o
 .debug_line    0x000000000000f8a6     0x1cc1 ./Drivers/STM32F4xx_HAL_Driver/Src/stm32f4xx_hal_spi.o
 .debug_line    0x0000000000011567     0x2ac0 ./Drivers/STM32F4xx_HAL_Driver/Src/stm32f4xx_hal_uart.o
 .debug_line    0x0000000000014027     0x19c8 ./Drivers/STM32F4xx_HAL_Driver/Src/stm32f4xx_ll_usb.o

.debug_str      0x0000000000000000    0x982df
 .debug_str     0x0000000000000000    0x8f6a5 ./Core/Src/configuration.o
                                      0x8f9f3 (size before relaxing)
 .debug_str     0x000000000008f6a5     0x423d ./Core/Src/flash.o
                                      0x93284 (size before relaxing)
 .debug_str     0x00000000000938e2      0xc6d ./Core/Src/main.o
                                      0x94676 (size before relaxing)
 .debug_str     0x000000000009454f       0xe9 ./Core/Src/payload_camera.o
                                      0x93718 (size before relaxing)
 .debug_str     0x0000000000094638      0x14d ./Core/Src/sensorReadings.o
                                      0x8f7a5 (size before relaxing)
 .debug_str     0x0000000000094785      0x149 ./Core/Src/stm32f4xx_hal_msp.o
                                      0x9443f (size before relaxing)
 .debug_str     0x00000000000948ce       0xbd ./Core/Src/stm32f4xx_it.o
                                      0x9352b (size before relaxing)
 .debug_str     0x000000000009498b       0xaf ./Core/Src/system_stm32f4xx.o
                                      0x8f102 (size before relaxing)
 .debug_str     0x0000000000094a3a       0x36 ./Core/Startup/startup_stm32f411ceux.o
                                         0x70 (size before relaxing)
 .debug_str     0x0000000000094a70      0x8fd ./Drivers/STM32F4xx_HAL_Driver/Src/stm32f4xx_hal.o
                                      0x8fa8c (size before relaxing)
 .debug_str     0x000000000009536d      0x29c ./Drivers/STM32F4xx_HAL_Driver/Src/stm32f4xx_hal_adc.o
                                      0x8f69c (size before relaxing)
 .debug_str     0x0000000000095609      0x392 ./Drivers/STM32F4xx_HAL_Driver/Src/stm32f4xx_hal_cortex.o
                                      0x8f869 (size before relaxing)
 .debug_str     0x000000000009599b      0x29e ./Drivers/STM32F4xx_HAL_Driver/Src/stm32f4xx_hal_flash.o
                                      0x8f2db (size before relaxing)
 .debug_str     0x0000000000095c39      0x2e5 ./Drivers/STM32F4xx_HAL_Driver/Src/stm32f4xx_hal_flash_ex.o
                                      0x8f414 (size before relaxing)
 .debug_str     0x0000000000095f1e      0x176 ./Drivers/STM32F4xx_HAL_Driver/Src/stm32f4xx_hal_gpio.o
                                      0x8f2a9 (size before relaxing)
 .debug_str     0x0000000000096094      0x3e0 ./Drivers/STM32F4xx_HAL_Driver/Src/stm32f4xx_hal_hcd.o
                                      0x8f7a1 (size before relaxing)
 .debug_str     0x0000000000096474      0xa97 ./Drivers/STM32F4xx_HAL_Driver/Src/stm32f4xx_hal_i2c.o
                                      0x90077 (size before relaxing)
 .debug_str     0x0000000000096f0b      0x243 ./Drivers/STM32F4xx_HAL_Driver/Src/stm32f4xx_hal_rcc.o
                                      0x8f504 (size before relaxing)
 .debug_str     0x000000000009714e      0x55f ./Drivers/STM32F4xx_HAL_Driver/Src/stm32f4xx_hal_spi.o
                                      0x8f994 (size before relaxing)
 .debug_str     0x00000000000976ad      0x5ea ./Drivers/STM32F4xx_HAL_Driver/Src/stm32f4xx_hal_uart.o
                                      0x8fa78 (size before relaxing)
 .debug_str     0x0000000000097c97      0x648 ./Drivers/STM32F4xx_HAL_Driver/Src/stm32f4xx_ll_usb.o
                                      0x8fa11 (size before relaxing)

.comment        0x0000000000000000       0x53
 .comment       0x0000000000000000       0x53 ./Core/Src/configuration.o
                                         0x54 (size before relaxing)
 .comment       0x0000000000000053       0x54 ./Core/Src/flash.o
 .comment       0x0000000000000053       0x54 ./Core/Src/main.o
 .comment       0x0000000000000053       0x54 ./Core/Src/payload_camera.o
 .comment       0x0000000000000053       0x54 ./Core/Src/sensorReadings.o
 .comment       0x0000000000000053       0x54 ./Core/Src/stm32f4xx_hal_msp.o
 .comment       0x0000000000000053       0x54 ./Core/Src/stm32f4xx_it.o
 .comment       0x0000000000000053       0x54 ./Core/Src/system_stm32f4xx.o
 .comment       0x0000000000000053       0x54 ./Drivers/STM32F4xx_HAL_Driver/Src/stm32f4xx_hal.o
 .comment       0x0000000000000053       0x54 ./Drivers/STM32F4xx_HAL_Driver/Src/stm32f4xx_hal_adc.o
 .comment       0x0000000000000053       0x54 ./Drivers/STM32F4xx_HAL_Driver/Src/stm32f4xx_hal_cortex.o
 .comment       0x0000000000000053       0x54 ./Drivers/STM32F4xx_HAL_Driver/Src/stm32f4xx_hal_flash.o
 .comment       0x0000000000000053       0x54 ./Drivers/STM32F4xx_HAL_Driver/Src/stm32f4xx_hal_flash_ex.o
 .comment       0x0000000000000053       0x54 ./Drivers/STM32F4xx_HAL_Driver/Src/stm32f4xx_hal_gpio.o
 .comment       0x0000000000000053       0x54 ./Drivers/STM32F4xx_HAL_Driver/Src/stm32f4xx_hal_hcd.o
 .comment       0x0000000000000053       0x54 ./Drivers/STM32F4xx_HAL_Driver/Src/stm32f4xx_hal_i2c.o
 .comment       0x0000000000000053       0x54 ./Drivers/STM32F4xx_HAL_Driver/Src/stm32f4xx_hal_rcc.o
 .comment       0x0000000000000053       0x54 ./Drivers/STM32F4xx_HAL_Driver/Src/stm32f4xx_hal_spi.o
 .comment       0x0000000000000053       0x54 ./Drivers/STM32F4xx_HAL_Driver/Src/stm32f4xx_hal_uart.o
 .comment       0x0000000000000053       0x54 ./Drivers/STM32F4xx_HAL_Driver/Src/stm32f4xx_ll_usb.o

.debug_frame    0x0000000000000000     0x4908
 .debug_frame   0x0000000000000000      0x1d8 ./Core/Src/configuration.o
 .debug_frame   0x00000000000001d8      0x144 ./Core/Src/flash.o
 .debug_frame   0x000000000000031c      0x128 ./Core/Src/main.o
 .debug_frame   0x0000000000000444       0xd4 ./Core/Src/payload_camera.o
 .debug_frame   0x0000000000000518       0xac ./Core/Src/sensorReadings.o
 .debug_frame   0x00000000000005c4      0x1a0 ./Core/Src/stm32f4xx_hal_msp.o
 .debug_frame   0x0000000000000764      0x104 ./Core/Src/stm32f4xx_it.o
 .debug_frame   0x0000000000000868       0x58 ./Core/Src/system_stm32f4xx.o
 .debug_frame   0x00000000000008c0      0x374 ./Drivers/STM32F4xx_HAL_Driver/Src/stm32f4xx_hal.o
 .debug_frame   0x0000000000000c34      0x3fc ./Drivers/STM32F4xx_HAL_Driver/Src/stm32f4xx_hal_adc.o
 .debug_frame   0x0000000000001030      0x498 ./Drivers/STM32F4xx_HAL_Driver/Src/stm32f4xx_hal_cortex.o
 .debug_frame   0x00000000000014c8      0x274 ./Drivers/STM32F4xx_HAL_Driver/Src/stm32f4xx_hal_flash.o
 .debug_frame   0x000000000000173c      0x334 ./Drivers/STM32F4xx_HAL_Driver/Src/stm32f4xx_hal_flash_ex.o
 .debug_frame   0x0000000000001a70      0x14c ./Drivers/STM32F4xx_HAL_Driver/Src/stm32f4xx_hal_gpio.o
 .debug_frame   0x0000000000001bbc      0x450 ./Drivers/STM32F4xx_HAL_Driver/Src/stm32f4xx_hal_hcd.o
 .debug_frame   0x000000000000200c      0xc5c ./Drivers/STM32F4xx_HAL_Driver/Src/stm32f4xx_hal_i2c.o
 .debug_frame   0x0000000000002c68      0x1ec ./Drivers/STM32F4xx_HAL_Driver/Src/stm32f4xx_hal_rcc.o
 .debug_frame   0x0000000000002e54      0x824 ./Drivers/STM32F4xx_HAL_Driver/Src/stm32f4xx_hal_spi.o
 .debug_frame   0x0000000000003678      0x92c ./Drivers/STM32F4xx_HAL_Driver/Src/stm32f4xx_hal_uart.o
 .debug_frame   0x0000000000003fa4      0x798 ./Drivers/STM32F4xx_HAL_Driver/Src/stm32f4xx_ll_usb.o
 .debug_frame   0x000000000000473c       0x2c c:/st/stm32cubeide_1.7.0/stm32cubeide/plugins/com.st.stm32cube.ide.mcu.externaltools.gnu-tools-for-stm32.9-2020-q2-update.win32_2.0.0.202105311346/tools/bin/../lib/gcc/arm-none-eabi/9.3.1/../../../../arm-none-eabi/lib/thumb/v7e-m+fp/hard\libc_nano.a(lib_a-init.o)
 .debug_frame   0x0000000000004768       0x20 c:/st/stm32cubeide_1.7.0/stm32cubeide/plugins/com.st.stm32cube.ide.mcu.externaltools.gnu-tools-for-stm32.9-2020-q2-update.win32_2.0.0.202105311346/tools/bin/../lib/gcc/arm-none-eabi/9.3.1/../../../../arm-none-eabi/lib/thumb/v7e-m+fp/hard\libc_nano.a(lib_a-memset.o)
 .debug_frame   0x0000000000004788       0xac c:/st/stm32cubeide_1.7.0/stm32cubeide/plugins/com.st.stm32cube.ide.mcu.externaltools.gnu-tools-for-stm32.9-2020-q2-update.win32_2.0.0.202105311346/tools/bin/../lib/gcc/arm-none-eabi/9.3.1/thumb/v7e-m+fp/hard\libgcc.a(_arm_addsubdf3.o)
 .debug_frame   0x0000000000004834       0x50 c:/st/stm32cubeide_1.7.0/stm32cubeide/plugins/com.st.stm32cube.ide.mcu.externaltools.gnu-tools-for-stm32.9-2020-q2-update.win32_2.0.0.202105311346/tools/bin/../lib/gcc/arm-none-eabi/9.3.1/thumb/v7e-m+fp/hard\libgcc.a(_arm_muldivdf3.o)
 .debug_frame   0x0000000000004884       0x24 c:/st/stm32cubeide_1.7.0/stm32cubeide/plugins/com.st.stm32cube.ide.mcu.externaltools.gnu-tools-for-stm32.9-2020-q2-update.win32_2.0.0.202105311346/tools/bin/../lib/gcc/arm-none-eabi/9.3.1/thumb/v7e-m+fp/hard\libgcc.a(_arm_truncdfsf2.o)
 .debug_frame   0x00000000000048a8       0x2c c:/st/stm32cubeide_1.7.0/stm32cubeide/plugins/com.st.stm32cube.ide.mcu.externaltools.gnu-tools-for-stm32.9-2020-q2-update.win32_2.0.0.202105311346/tools/bin/../lib/gcc/arm-none-eabi/9.3.1/thumb/v7e-m+fp/hard\libgcc.a(_aeabi_uldivmod.o)
 .debug_frame   0x00000000000048d4       0x34 c:/st/stm32cubeide_1.7.0/stm32cubeide/plugins/com.st.stm32cube.ide.mcu.externaltools.gnu-tools-for-stm32.9-2020-q2-update.win32_2.0.0.202105311346/tools/bin/../lib/gcc/arm-none-eabi/9.3.1/thumb/v7e-m+fp/hard\libgcc.a(_udivmoddi4.o)
