radio.c:478:16:RadioGetFskBandwidthRegValue	24	static
radio.c:498:6:RadioInit	16	static
radio.c:517:14:RadioGetStatus	8	static
radio.c:532:6:RadioSetModem	16	static
radio.c:555:6:RadioSetChannel	16	static
radio.c:560:6:RadioIsChannelFree	32	static
radio.c:591:10:RadioRandom	16	static
radio.c:617:6:RadioSetRxConfig	40	static
radio.c:729:6:RadioSetTxConfig	32	static
radio.c:821:6:RadioCheckRfFrequency	16	static
radio.c:826:10:RadioTimeOnAir	80	static
radio.c:866:6:RadioSend	16	static
radio.c:888:6:RadioSleep	16	static
radio.c:898:6:RadioStandby	8	static
radio.c:903:6:RadioRx	16	static
radio.c:926:6:RadioRxBoosted	16	static
radio.c:949:6:RadioSetRxDutyCycle	16	static
radio.c:954:6:RadioStartCad	8	static
radio.c:959:6:RadioTx	16	static
radio.c:964:6:RadioSetTxContinuousWave	16	static
radio.c:974:9:RadioRssi	16	static
radio.c:979:6:RadioWrite	16	static
radio.c:984:9:RadioRead	16	static
radio.c:989:6:RadioWriteBuffer	16	static
radio.c:994:6:RadioReadBuffer	16	static
radio.c:999:6:RadioWriteFifo	16	static
radio.c:1004:6:RadioReadFifo	16	static
radio.c:1009:6:RadioSetMaxPayloadLength	16	static
radio.c:1026:6:RadioSetPublicNetwork	16	static
radio.c:1045:10:RadioGetWakeupTime	4	static
radio.c:1050:6:RadioOnTxTimeoutIrq	8	static
radio.c:1058:6:RadioOnRxTimeoutIrq	8	static
radio.c:1066:6:RadioOnDioIrq	4	static
radio.c:1071:6:RadioIrqProcess	24	static
