sx126x.c:93:6:SX126xInit	16	static
sx126x.c:114:23:SX126xGetOperatingMode	4	static
sx126x.c:119:6:SX126xCheckDeviceReady	8	static
sx126x.c:130:6:SX126xSetPayload	16	static
sx126x.c:135:9:SX126xGetPayload	32	static
sx126x.c:148:6:SX126xSendPayload	24	static
sx126x.c:154:9:SX126xSetSyncWord	16	static
sx126x.c:160:6:SX126xSetCrcSeed	24	static
sx126x.c:178:6:SX126xSetCrcPolynomial	24	static
sx126x.c:196:6:SX126xSetWhiteningSeed	24	static
sx126x.c:214:10:SX126xGetRandom	16	static
sx126x.c:230:6:SX126xSetSleep	16	static
sx126x.c:238:6:SX126xSetStandby	16	static
sx126x.c:251:6:SX126xSetFs	8	static
sx126x.c:257:6:SX126xSetTx	24	static
sx126x.c:269:6:SX126xSetRx	24	static
sx126x.c:281:6:SX126xSetRxBoosted	24	static
sx126x.c:295:6:SX126xSetRxDutyCycle	24	static
sx126x.c:309:6:SX126xSetCad	8	static
sx126x.c:315:6:SX126xSetTxContinuousWave	8	static
sx126x.c:320:6:SX126xSetTxInfinitePreamble	8	static
sx126x.c:325:6:SX126xSetStopRxTimerOnPreambleDetect	16	static
sx126x.c:330:6:SX126xSetLoRaSymbNumTimeout	16	static
sx126x.c:335:6:SX126xSetRegulatorMode	16	static
sx126x.c:340:6:SX126xCalibrate	16	static
sx126x.c:345:6:SX126xCalibrateImage	24	static
sx126x.c:377:6:SX126xSetPaConfig	32	static
sx126x.c:388:6:SX126xSetRxTxFallbackMode	16	static
sx126x.c:393:6:SX126xSetDioIrqParams	32	static
sx126x.c:408:10:SX126xGetIrqStatus	16	static
sx126x.c:416:6:SX126xSetDio2AsRfSwitchCtrl	16	static
sx126x.c:421:6:SX126xSetDio3AsTcxoCtrl	24	static
sx126x.c:433:6:SX126xSetRfFrequency	24	static
sx126x.c:452:6:SX126xSetPacketType	16	static
sx126x.c:459:20:SX126xGetPacketType	4	static
sx126x.c:464:6:SX126xSetTxParams	24	static
sx126x.c:506:6:SX126xSetModulationParams	32	static
sx126x.c:551:6:SX126xSetPacketParams	32	static
sx126x.c:610:6:SX126xSetCadParams	32	static
sx126x.c:625:6:SX126xSetBufferBaseAddress	24	static
sx126x.c:634:15:SX126xGetStatus	16	static
sx126x.c:644:8:SX126xGetRssiInst	16	static
sx126x.c:654:6:SX126xGetRxBufferStatus	24	static
sx126x.c:673:6:SX126xGetPacketStatus	24	static
sx126x.c:706:14:SX126xGetDeviceErrors	16	static
sx126x.c:714:6:SX126xClearDeviceErrors	16	static
sx126x.c:720:6:SX126xClearIrqStatus	24	static
